Archive member included to satisfy reference by file (symbol)

/usr/lib/gcc/arm-none-eabi/10.3.1/thumb/v6-m/nofp/libgcc.a(_udivsi3.o)
                              CMSIS/system_MKL46Z4.o (__aeabi_uidiv)
/usr/lib/gcc/arm-none-eabi/10.3.1/thumb/v6-m/nofp/libgcc.a(_divsi3.o)
                              utilities/fsl_str.o (__aeabi_idiv)
/usr/lib/gcc/arm-none-eabi/10.3.1/thumb/v6-m/nofp/libgcc.a(_dvmd_tls.o)
                              /usr/lib/gcc/arm-none-eabi/10.3.1/thumb/v6-m/nofp/libgcc.a(_udivsi3.o) (__aeabi_idiv0)
/usr/lib/gcc/arm-none-eabi/10.3.1/../../../arm-none-eabi/lib/thumb/v6-m/nofp/libg_nano.a(lib_a-atexit.o)
                              /usr/lib/gcc/arm-none-eabi/10.3.1/../../../arm-none-eabi/lib/thumb/v6-m/nofp/crt0.o (atexit)
/usr/lib/gcc/arm-none-eabi/10.3.1/../../../arm-none-eabi/lib/thumb/v6-m/nofp/libg_nano.a(lib_a-exit.o)
                              /usr/lib/gcc/arm-none-eabi/10.3.1/../../../arm-none-eabi/lib/thumb/v6-m/nofp/crt0.o (exit)
/usr/lib/gcc/arm-none-eabi/10.3.1/../../../arm-none-eabi/lib/thumb/v6-m/nofp/libg_nano.a(lib_a-fini.o)
                              /usr/lib/gcc/arm-none-eabi/10.3.1/../../../arm-none-eabi/lib/thumb/v6-m/nofp/crt0.o (__libc_fini_array)
/usr/lib/gcc/arm-none-eabi/10.3.1/../../../arm-none-eabi/lib/thumb/v6-m/nofp/libg_nano.a(lib_a-impure.o)
                              /usr/lib/gcc/arm-none-eabi/10.3.1/../../../arm-none-eabi/lib/thumb/v6-m/nofp/libg_nano.a(lib_a-exit.o) (_global_impure_ptr)
/usr/lib/gcc/arm-none-eabi/10.3.1/../../../arm-none-eabi/lib/thumb/v6-m/nofp/libg_nano.a(lib_a-init.o)
                              /usr/lib/gcc/arm-none-eabi/10.3.1/../../../arm-none-eabi/lib/thumb/v6-m/nofp/crt0.o (__libc_init_array)
/usr/lib/gcc/arm-none-eabi/10.3.1/../../../arm-none-eabi/lib/thumb/v6-m/nofp/libg_nano.a(lib_a-malloc.o)
                              drivers/fsl_common.o (malloc)
/usr/lib/gcc/arm-none-eabi/10.3.1/../../../arm-none-eabi/lib/thumb/v6-m/nofp/libg_nano.a(lib_a-memcpy-stub.o)
                              drivers/fsl_ftfx_cache.o (memcpy)
/usr/lib/gcc/arm-none-eabi/10.3.1/../../../arm-none-eabi/lib/thumb/v6-m/nofp/libg_nano.a(lib_a-memset.o)
                              /usr/lib/gcc/arm-none-eabi/10.3.1/../../../arm-none-eabi/lib/thumb/v6-m/nofp/crt0.o (memset)
/usr/lib/gcc/arm-none-eabi/10.3.1/../../../arm-none-eabi/lib/thumb/v6-m/nofp/libg_nano.a(lib_a-nano-freer.o)
                              /usr/lib/gcc/arm-none-eabi/10.3.1/../../../arm-none-eabi/lib/thumb/v6-m/nofp/libg_nano.a(lib_a-malloc.o) (_free_r)
/usr/lib/gcc/arm-none-eabi/10.3.1/../../../arm-none-eabi/lib/thumb/v6-m/nofp/libg_nano.a(lib_a-nano-mallocr.o)
                              /usr/lib/gcc/arm-none-eabi/10.3.1/../../../arm-none-eabi/lib/thumb/v6-m/nofp/libg_nano.a(lib_a-malloc.o) (_malloc_r)
/usr/lib/gcc/arm-none-eabi/10.3.1/../../../arm-none-eabi/lib/thumb/v6-m/nofp/libg_nano.a(lib_a-sbrkr.o)
                              /usr/lib/gcc/arm-none-eabi/10.3.1/../../../arm-none-eabi/lib/thumb/v6-m/nofp/libg_nano.a(lib_a-nano-mallocr.o) (_sbrk_r)
/usr/lib/gcc/arm-none-eabi/10.3.1/../../../arm-none-eabi/lib/thumb/v6-m/nofp/libg_nano.a(lib_a-strlen-stub.o)
                              utilities/fsl_str.o (strlen)
/usr/lib/gcc/arm-none-eabi/10.3.1/../../../arm-none-eabi/lib/thumb/v6-m/nofp/libg_nano.a(lib_a-__atexit.o)
                              /usr/lib/gcc/arm-none-eabi/10.3.1/../../../arm-none-eabi/lib/thumb/v6-m/nofp/libg_nano.a(lib_a-atexit.o) (__register_exitproc)
/usr/lib/gcc/arm-none-eabi/10.3.1/../../../arm-none-eabi/lib/thumb/v6-m/nofp/libg_nano.a(lib_a-__call_atexit.o)
                              /usr/lib/gcc/arm-none-eabi/10.3.1/../../../arm-none-eabi/lib/thumb/v6-m/nofp/libg_nano.a(lib_a-__atexit.o) (__call_exitprocs)
/usr/lib/gcc/arm-none-eabi/10.3.1/../../../arm-none-eabi/lib/thumb/v6-m/nofp/libg_nano.a(lib_a-mlock.o)
                              /usr/lib/gcc/arm-none-eabi/10.3.1/../../../arm-none-eabi/lib/thumb/v6-m/nofp/libg_nano.a(lib_a-nano-freer.o) (__malloc_lock)
/usr/lib/gcc/arm-none-eabi/10.3.1/../../../arm-none-eabi/lib/thumb/v6-m/nofp/libg_nano.a(lib_a-reent.o)
                              /usr/lib/gcc/arm-none-eabi/10.3.1/../../../arm-none-eabi/lib/thumb/v6-m/nofp/libg_nano.a(lib_a-sbrkr.o) (errno)

Discarded input sections

 .text          0x0000000000000000        0x0 /usr/lib/gcc/arm-none-eabi/10.3.1/thumb/v6-m/nofp/crti.o
 .data          0x0000000000000000        0x0 /usr/lib/gcc/arm-none-eabi/10.3.1/thumb/v6-m/nofp/crti.o
 .bss           0x0000000000000000        0x0 /usr/lib/gcc/arm-none-eabi/10.3.1/thumb/v6-m/nofp/crti.o
 .text          0x0000000000000000       0x98 /usr/lib/gcc/arm-none-eabi/10.3.1/thumb/v6-m/nofp/crtbegin.o
 .data          0x0000000000000000        0x4 /usr/lib/gcc/arm-none-eabi/10.3.1/thumb/v6-m/nofp/crtbegin.o
 .bss           0x0000000000000000       0x1c /usr/lib/gcc/arm-none-eabi/10.3.1/thumb/v6-m/nofp/crtbegin.o
[...]
Memory Configuration

Name             Origin             Length             Attributes
INTERRUPTS       0x0000000000000000 0x0000000000000100 xr
FLASH_CONFIG     0x0000000000000400 0x0000000000000010 xr
TEXT             0x0000000000000410 0x000000000003fbf0 xr
RAM              0x000000001fffe000 0x0000000000008000 xrw
*default*        0x0000000000000000 0xffffffffffffffff

Linker script and memory map

LOAD /usr/lib/gcc/arm-none-eabi/10.3.1/thumb/v6-m/nofp/crti.o
LOAD /usr/lib/gcc/arm-none-eabi/10.3.1/thumb/v6-m/nofp/crtbegin.o
LOAD /usr/lib/gcc/arm-none-eabi/10.3.1/../../../arm-none-eabi/lib/thumb/v6-m/nofp/crt0.o
                0x0000000000000400                STACK_SIZE = DEFINED (__stack_size__)?__stack_size__:0x400

.interrupts     0x0000000000000000       0xc0
 *(.isr_vector .isr_vector.*)
 .isr_vector    0x0000000000000000       0xc0 startup.o
                0x0000000000000000                g_pfnVectors

.flash_config   0x0000000000000400       0x10
                0x0000000000000400                . = ALIGN (0x4)
                0x0000000000000400        0x4 LONG 0xffffffff
                0x0000000000000404        0x4 LONG 0xffffffff
                0x0000000000000408        0x4 LONG 0xffffffff
                0x000000000000040c        0x4 LONG 0xfffffffe

.text           0x0000000000000410     0x6dd4
 *(.text .text.* .gnu.linkonce.t.*)
 .text          0x0000000000000410       0x20 main.o
                0x0000000000000410                main
 .text          0x0000000000000430       0x6c startup.o
                0x0000000000000430                PIT_Int_Handler
                0x0000000000000430                ACMP_Int_Handler
                0x0000000000000430                DMA1_Int_Handler
                0x0000000000000430                PORTA_Int_Handler
                0x0000000000000430                LPTMR_Int_Handler
                0x0000000000000430                Default_ResetHandler
                0x0000000000000430                RTCA_Int_Handler
                0x0000000000000430                USBOTG_Int_Handler
                0x0000000000000430                ResetHandler
                0x0000000000000430                MCG_Int_Handler
                0x0000000000000430                UART0SE_Int_Handler
                0x0000000000000430                LLWU_Int_Handler
                0x0000000000000430                LVD_Int_Handler
                0x0000000000000430                FTM1_Int_Handler
                0x0000000000000430                TSI_Int_Handler
                0x0000000000000430                PORTD_Int_Handler
                0x0000000000000430                FTFA_Int_Handler
                0x0000000000000430                UART2SE_Int_Handler
                0x0000000000000430                DAC_Int_Handler
                0x0000000000000430                FTM0_Int_Handler
                0x0000000000000430                SPI1_Int_Handler
                0x0000000000000430                FTM2_Int_Handler
                0x0000000000000430                UART1SE_Int_Handler
                0x0000000000000430                I2C1_Int_Handler
                0x0000000000000430                DMA3_Int_Handler
                0x0000000000000430                ADC_Int_Handler
                0x0000000000000430                SPI0_Int_Handler
                0x0000000000000430                I2C0_Int_Handler
                0x0000000000000430                DMA0_Int_Handler
                0x0000000000000430                RTCS_Int_Handler
                0x0000000000000430                DMA2_Int_Handler
                0x0000000000000494                SVC_Int_Handler
                0x0000000000000494                UsageFault_Int_Handler
                0x0000000000000494                MemManage_Int_Handler
                0x0000000000000494                PendSV_Int_Handler
                0x0000000000000494                BusFault_Int_Handler
                0x0000000000000494                NMI_Int_Handler
                0x0000000000000494                SysTick_Int_Handler
                0x0000000000000494                DebugMon_Int_Handler
                0x0000000000000494                HardFault_Int_Handler
 .text          0x000000000000049c       0x68 BOARD/board.o
                0x00000000000004d4                BOARD_InitDebugConsole
 .text          0x0000000000000504      0x16c BOARD/clock_config.o
                0x00000000000005b0                BOARD_BootClockRUN
                0x0000000000000614                BOARD_BootClockVLPR
 .text          0x0000000000000670       0xc0 BOARD/pin_mux.o
                0x00000000000006e4                BOARD_InitPins
 .text          0x0000000000000730      0x274 CMSIS/system_MKL46Z4.o
                0x0000000000000730                SystemInit
                0x000000000000074c                SystemCoreClockUpdate
                0x0000000000000998                SystemInitHook
 .text          0x00000000000009a4     0x1ad0 drivers/fsl_clock.o
                0x0000000000000cc8                CLOCK_GetOsc0ErClkFreq
                0x0000000000000d10                CLOCK_GetEr32kClkFreq
                0x0000000000000d94                CLOCK_GetPllFllSelClkFreq
                0x0000000000000de0                CLOCK_GetPlatClkFreq
                0x0000000000000e0c                CLOCK_GetFlashClkFreq
                0x0000000000000e5c                CLOCK_GetBusClkFreq
                0x0000000000000eac                CLOCK_GetCoreSysClkFreq
                0x0000000000000ed8                CLOCK_GetFreq
                0x0000000000000fb8                CLOCK_SetSimConfig
                0x0000000000000ff0                CLOCK_EnableUsbfs0Clock
                0x0000000000001074                CLOCK_GetOutClkFreq
                0x00000000000010ec                CLOCK_GetFllFreq
                0x0000000000001170                CLOCK_GetInternalRefClkFreq
                0x0000000000001198                CLOCK_GetFixedFreqClkFreq
                0x00000000000011c8                CLOCK_GetPll0Freq
                0x0000000000001248                CLOCK_SetExternalRefClkConfig
                0x000000000000125e                CLOCK_SetInternalRefClkConfig
                0x0000000000001384                CLOCK_CalcPllDiv
                0x0000000000001544                CLOCK_EnablePll0
                0x00000000000015e4                CLOCK_SetOsc0MonitorMode
                0x0000000000001664                CLOCK_SetPll0MonitorMode
                0x00000000000016e8                CLOCK_GetStatusFlags
                0x0000000000001754                CLOCK_ClearStatusFlags
                0x0000000000001790                CLOCK_InitOsc0
                0x0000000000001824                CLOCK_DeinitOsc0
                0x000000000000184c                CLOCK_TrimInternalRefClk
                0x00000000000019b4                CLOCK_GetMode
                0x0000000000001a9c                CLOCK_SetFeiMode
                0x0000000000001b78                CLOCK_SetFeeMode
                0x0000000000001ca4                CLOCK_SetFbiMode
                0x0000000000001d94                CLOCK_SetFbeMode
                0x0000000000001ee0                CLOCK_SetBlpiMode
                0x0000000000001f00                CLOCK_SetBlpeMode
                0x0000000000001f20                CLOCK_SetPbeMode
                0x0000000000001fe0                CLOCK_SetPeeMode
                0x0000000000002014                CLOCK_ExternalModeToFbeModeQuick
                0x0000000000002080                CLOCK_InternalModeToFbiModeQuick
                0x00000000000020c8                CLOCK_BootToFeiMode
                0x00000000000020f6                CLOCK_BootToFeeMode
                0x0000000000002144                CLOCK_BootToBlpiMode
                0x00000000000021bc                CLOCK_BootToBlpeMode
                0x0000000000002238                CLOCK_BootToPeeMode
                0x00000000000022b8                CLOCK_SetMcgConfig
 .text          0x0000000000002474      0x190 drivers/fsl_ftfx_cache.o
                0x0000000000002474                FTFx_CACHE_Init
                0x00000000000024ac                FTFx_CACHE_ClearCachePrefetchSpeculation
                0x00000000000024da                FTFx_CACHE_PflashSetPrefetchSpeculation
                0x0000000000002558                FTFx_CACHE_PflashGetPrefetchSpeculation
                0x00000000000025d4                mcm_flash_cache_clear
 .text          0x0000000000002604     0x147c drivers/fsl_lpsci.o
                0x00000000000026d4                LPSCI_GetInstance
                0x0000000000002728                LPSCI_TransferGetRxRingBufferLength
                0x000000000000289c                LPSCI_Init
                0x0000000000002b1c                LPSCI_Deinit
                0x0000000000002b50                LPSCI_GetDefaultConfig
                0x0000000000002ba8                LPSCI_SetBaudRate
                0x0000000000002d60                LPSCI_EnableInterrupts
                0x0000000000002db8                LPSCI_DisableInterrupts
                0x0000000000002e1c                LPSCI_GetEnabledInterrupts
                0x0000000000002e54                LPSCI_GetStatusFlags
                0x0000000000002e7a                LPSCI_ClearStatusFlags
                0x0000000000002f10                LPSCI_WriteBlocking
                0x0000000000002f6c                LPSCI_ReadBlocking
                0x000000000000303c                LPSCI_TransferCreateHandle
                0x00000000000030cc                LPSCI_TransferStartRingBuffer
                0x0000000000003164                LPSCI_TransferStopRingBuffer
                0x00000000000031e8                LPSCI_TransferSendNonBlocking
                0x00000000000032b8                LPSCI_TransferAbortSend
                0x0000000000003308                LPSCI_TransferGetSendCount
                0x0000000000003378                LPSCI_TransferReceiveNonBlocking
                0x0000000000003570                LPSCI_TransferAbortReceive
                0x00000000000035e8                LPSCI_TransferGetReceiveCount
                0x0000000000003658                LPSCI_TransferHandleIRQ
                0x0000000000003a48                LPSCI_TransferHandleErrorIRQ
                0x0000000000003a5a                UART0_DriverIRQHandler
 .text          0x0000000000003a80      0x41c drivers/fsl_smc.o
                0x0000000000003aba                SMC_PreEnterStopModes
                0x0000000000003af0                SMC_PostExitStopModes
                0x0000000000003b28                SMC_PreEnterWaitModes
                0x0000000000003b48                SMC_PostExitWaitModes
                0x0000000000003b68                SMC_SetPowerModeRun
                0x0000000000003ba0                SMC_SetPowerModeWait
                0x0000000000003bd0                SMC_SetPowerModeStop
                0x0000000000003c74                SMC_SetPowerModeVlpr
                0x0000000000003cb0                SMC_SetPowerModeVlpw
                0x0000000000003ce0                SMC_SetPowerModeVlps
                0x0000000000003d54                SMC_SetPowerModeLls
                0x0000000000003dc8                SMC_SetPowerModeVlls
 .text          0x0000000000003e9c     0x13bc drivers/fsl_uart.o
                0x0000000000003f6c                UART_GetInstance
                0x0000000000003fcc                UART_TransferGetRxRingBufferLength
                0x0000000000004094                UART_Init
                0x000000000000429c                UART_Deinit
                0x00000000000042dc                UART_GetDefaultConfig
                0x0000000000004334                UART_SetBaudRate
                0x0000000000004464                UART_EnableInterrupts
                0x00000000000044bc                UART_DisableInterrupts
                0x0000000000004520                UART_GetEnabledInterrupts
                0x0000000000004558                UART_GetStatusFlags
                0x000000000000457e                UART_ClearStatusFlags
                0x00000000000045f8                UART_WriteBlocking
                0x000000000000468c                UART_ReadBlocking
                0x0000000000004790                UART_TransferCreateHandle
                0x000000000000482c                UART_TransferStartRingBuffer
                0x00000000000048c4                UART_TransferStopRingBuffer
                0x0000000000004948                UART_TransferSendNonBlocking
                0x0000000000004a18                UART_TransferAbortSend
                0x0000000000004a68                UART_TransferGetSendCount
                0x0000000000004ad8                UART_TransferReceiveNonBlocking
                0x0000000000004cd0                UART_TransferAbortReceive
                0x0000000000004d48                UART_TransferGetReceiveCount
                0x0000000000004dc4                UART_TransferHandleIRQ
                0x00000000000051dc                UART_TransferHandleErrorIRQ
                0x00000000000051ee                UART1_DriverIRQHandler
                0x0000000000005214                UART1_RX_TX_DriverIRQHandler
                0x0000000000005222                UART2_DriverIRQHandler
                0x0000000000005248                UART2_RX_TX_DriverIRQHandler
 .text          0x0000000000005258       0x28 utilities/fsl_assert.o
                0x0000000000005258                __assert_func
 .text          0x0000000000005280      0x250 utilities/fsl_debug_console.o
                0x0000000000005280                DbgConsole_Init
                0x00000000000052cc                DbgConsole_Deinit
                0x00000000000052dc                DbgConsole_Flush
                0x00000000000052ec                DbgConsole_Printf
                0x0000000000005374                DbgConsole_Putchar
                0x0000000000005390                DbgConsole_Scanf
                0x00000000000053da                DbgConsole_Getchar
                0x0000000000005460                _write
                0x00000000000054a0                _read
 .text          0x00000000000054d0      0x30c utilities/fsl_io.o
                0x00000000000055d0                IO_Init
                0x00000000000056a4                IO_Deinit
                0x00000000000056fc                IO_WaitIdle
                0x0000000000005748                IO_Transfer
 .text          0x00000000000057dc      0x210 utilities/fsl_log.o
                0x00000000000057dc                LOG_Init
                0x0000000000005816                LOG_Deinit
                0x0000000000005824                LOG_WaitIdle
                0x0000000000005834                LOG_Push
                0x0000000000005874                LOG_Pop
                0x00000000000058be                LOG_ReadLine
                0x0000000000005974                LOG_ReadCharacter
 .text          0x00000000000059ec      0x9a0 utilities/fsl_str.o
                0x0000000000005b80                StrFormatPrintf
                0x0000000000005ea4                StrFormatScanf
 .text          0x000000000000638c      0x114 /usr/lib/gcc/arm-none-eabi/10.3.1/thumb/v6-m/nofp/libgcc.a(_udivsi3.o)
                0x000000000000638c                __udivsi3
                0x000000000000638c                __aeabi_uidiv
                0x0000000000006498                __aeabi_uidivmod
 .text          0x00000000000064a0      0x1d4 /usr/lib/gcc/arm-none-eabi/10.3.1/thumb/v6-m/nofp/libgcc.a(_divsi3.o)
                0x00000000000064a0                __aeabi_idiv
                0x00000000000064a0                __divsi3
                0x000000000000666c                __aeabi_idivmod
 .text          0x0000000000006674        0x4 /usr/lib/gcc/arm-none-eabi/10.3.1/thumb/v6-m/nofp/libgcc.a(_dvmd_tls.o)
                0x0000000000006674                __aeabi_ldiv0
                0x0000000000006674                __aeabi_idiv0
 .text          0x0000000000006678       0xa4 /usr/lib/gcc/arm-none-eabi/10.3.1/../../../arm-none-eabi/lib/thumb/v6-m/nofp/libg_nano.a(lib_a-memcpy-stub.o)
                0x0000000000006678                memcpy
 .text          0x000000000000671c       0xa8 /usr/lib/gcc/arm-none-eabi/10.3.1/../../../arm-none-eabi/lib/thumb/v6-m/nofp/libg_nano.a(lib_a-memset.o)
                0x000000000000671c                memset
 .text          0x00000000000067c4       0x5c /usr/lib/gcc/arm-none-eabi/10.3.1/../../../arm-none-eabi/lib/thumb/v6-m/nofp/libg_nano.a(lib_a-strlen-stub.o)
                0x00000000000067c4                strlen
 *(.glue_7t)
 .glue_7t       0x0000000000006820        0x0 linker stubs
 *(.glue_7)
 .glue_7        0x0000000000006820        0x0 linker stubs
 *(.rodata .rodata* .gnu.linkonce.r.*)
 .rodata        0x0000000000006820        0xe main.o
 *fill*         0x000000000000682e        0x2 
 .rodata        0x0000000000006830       0x38 BOARD/clock_config.o
                0x0000000000006830                mcgConfig_BOARD_BootClockRUN
                0x000000000000683c                simConfig_BOARD_BootClockRUN
                0x0000000000006844                oscConfig_BOARD_BootClockRUN
                0x000000000000684c                mcgConfig_BOARD_BootClockVLPR
                0x0000000000006858                simConfig_BOARD_BootClockVLPR
                0x0000000000006860                oscConfig_BOARD_BootClockVLPR
 .rodata        0x0000000000006868      0x190 drivers/fsl_clock.o
 .rodata        0x00000000000069f8       0x1c drivers/fsl_ftfx_cache.o
 .rodata        0x0000000000006a14      0x2d0 drivers/fsl_lpsci.o
 .rodata        0x0000000000006ce4        0x2 drivers/fsl_smc.o
 *fill*         0x0000000000006ce6        0x2 
 .rodata        0x0000000000006ce8      0x2b7 drivers/fsl_uart.o
 *fill*         0x0000000000006f9f        0x1 
 .rodata        0x0000000000006fa0       0x3e utilities/fsl_assert.o
 *fill*         0x0000000000006fde        0x2 
 .rodata        0x0000000000006fe0       0x5c utilities/fsl_debug_console.o
 .rodata        0x000000000000703c       0x28 utilities/fsl_io.o
 .rodata        0x0000000000007064       0x5a utilities/fsl_log.o
 *fill*         0x00000000000070be        0x2 
 .rodata        0x00000000000070c0      0x124 utilities/fsl_str.o

.vfp11_veneer   0x00000000000071e4        0x0
 .vfp11_veneer  0x00000000000071e4        0x0 linker stubs

.v4_bx          0x00000000000071e4        0x0
 .v4_bx         0x00000000000071e4        0x0 linker stubs

.init           0x00000000000071e4        0x4
 .init          0x00000000000071e4        0x4 /usr/lib/gcc/arm-none-eabi/10.3.1/thumb/v6-m/nofp/crti.o
                0x00000000000071e4                _init

.fini           0x00000000000071e8        0x4
 .fini          0x00000000000071e8        0x4 /usr/lib/gcc/arm-none-eabi/10.3.1/thumb/v6-m/nofp/crti.o
                0x00000000000071e8                _fini

.iplt           0x00000000000071ec        0x0
 .iplt          0x00000000000071ec        0x0 main.o

.rel.dyn        0x00000000000071ec        0x0
 .rel.iplt      0x00000000000071ec        0x0 main.o

.ARM.extab
 *(.ARM.extab* .gnu.linkonce.armextab.*)

.ARM.exidx
 *(.ARM.exidx* .gnu.linkonce.armexidx.*)
                0x00000000000071ec                . = ALIGN (0x4)
                0x00000000000071ec                _etext = .
                0x00000000000071ec                _sidata = .

.data           0x000000001fffe000        0xc load address 0x00000000000071ec
                0x000000001fffe000                _sdata = .
 *(.data .data.*)
 .data          0x000000001fffe000        0x4 CMSIS/system_MKL46Z4.o
                0x000000001fffe000                SystemCoreClock
 .data          0x000000001fffe004        0x8 drivers/fsl_clock.o
                0x000000001fffe00c                . = ALIGN (0x4)
                0x000000001fffe00c                _edata = .

.igot.plt       0x000000001fffe00c        0x0 load address 0x00000000000071f8
 .igot.plt      0x000000001fffe00c        0x0 main.o

.bss            0x000000001fffe00c       0x6c load address 0x00000000000071f8
                0x000000001fffe00c                _sbss = .
 *(.bss .bss.*)
 .bss           0x000000001fffe00c        0x8 drivers/fsl_clock.o
                0x000000001fffe00c                g_xtal0Freq
                0x000000001fffe010                g_xtal32Freq
 .bss           0x000000001fffe014       0x40 drivers/fsl_ftfx_cache.o
 .bss           0x000000001fffe054        0x8 drivers/fsl_lpsci.o
 .bss           0x000000001fffe05c        0x4 drivers/fsl_smc.o
 .bss           0x000000001fffe060       0x10 drivers/fsl_uart.o
 .bss           0x000000001fffe070        0x8 utilities/fsl_io.o
 *(COMMON)
                0x000000001fffe078                . = ALIGN (0x4)
                0x000000001fffe078                _ebss = .

.co_stack       0x000000001fffe078      0x400 load address 0x0000000000007264
                0x000000001fffe078                . = ALIGN (0x8)
                0x000000001fffe478                . = (. + STACK_SIZE)
 *fill*         0x000000001fffe078      0x400 
                0x000000001fffe478                _start_of_stack = .
                0x000000001fffe478                . = ALIGN (0x4)
                0x000000001fffe478                _end = .
LOAD main.o
LOAD startup.o
LOAD BOARD/board.o
LOAD BOARD/clock_config.o
LOAD BOARD/pin_mux.o
LOAD CMSIS/system_MKL46Z4.o
LOAD drivers/fsl_clock.o
LOAD drivers/fsl_common.o
LOAD drivers/fsl_ftfx_cache.o
LOAD drivers/fsl_gpio.o
LOAD drivers/fsl_lpsci.o
LOAD drivers/fsl_smc.o
LOAD drivers/fsl_uart.o
LOAD utilities/fsl_assert.o
LOAD utilities/fsl_debug_console.o
LOAD utilities/fsl_io.o
LOAD utilities/fsl_log.o
LOAD utilities/fsl_str.o
START GROUP
LOAD /usr/lib/gcc/arm-none-eabi/10.3.1/thumb/v6-m/nofp/libgcc.a
LOAD /usr/lib/gcc/arm-none-eabi/10.3.1/../../../arm-none-eabi/lib/thumb/v6-m/nofp/libg_nano.a
LOAD /usr/lib/gcc/arm-none-eabi/10.3.1/../../../arm-none-eabi/lib/thumb/v6-m/nofp/libc_nano.a
END GROUP
START GROUP
LOAD /usr/lib/gcc/arm-none-eabi/10.3.1/thumb/v6-m/nofp/libgcc.a
LOAD /usr/lib/gcc/arm-none-eabi/10.3.1/../../../arm-none-eabi/lib/thumb/v6-m/nofp/libc_nano.a
END GROUP
LOAD /usr/lib/gcc/arm-none-eabi/10.3.1/thumb/v6-m/nofp/crtend.o
LOAD /usr/lib/gcc/arm-none-eabi/10.3.1/thumb/v6-m/nofp/crtn.o
OUTPUT(main.elf elf32-littlearm)
LOAD linker stubs

.ARM.attributes
                0x0000000000000000       0x28
 .ARM.attributes
                0x0000000000000000       0x1e /usr/lib/gcc/arm-none-eabi/10.3.1/thumb/v6-m/nofp/crti.o
 .ARM.attributes
                0x000000000000001e       0x2c main.o
 .ARM.attributes
                0x000000000000004a       0x2c startup.o
 .ARM.attributes
                0x0000000000000076       0x2c BOARD/board.o
 .ARM.attributes
                0x00000000000000a2       0x2c BOARD/clock_config.o
 .ARM.attributes
                0x00000000000000ce       0x2c BOARD/pin_mux.o
 .ARM.attributes
                0x00000000000000fa       0x2c CMSIS/system_MKL46Z4.o
 .ARM.attributes
                0x0000000000000126       0x2c drivers/fsl_clock.o
 .ARM.attributes
                0x0000000000000152       0x2c drivers/fsl_ftfx_cache.o
 .ARM.attributes
                0x000000000000017e       0x2c drivers/fsl_lpsci.o
 .ARM.attributes
                0x00000000000001aa       0x2c drivers/fsl_smc.o
 .ARM.attributes
                0x00000000000001d6       0x2c drivers/fsl_uart.o
 .ARM.attributes
                0x0000000000000202       0x2c utilities/fsl_assert.o
 .ARM.attributes
                0x000000000000022e       0x2c utilities/fsl_debug_console.o
 .ARM.attributes
                0x000000000000025a       0x2c utilities/fsl_io.o
 .ARM.attributes
                0x0000000000000286       0x2c utilities/fsl_log.o
 .ARM.attributes
                0x00000000000002b2       0x2c utilities/fsl_str.o
 .ARM.attributes
                0x00000000000002de       0x1e /usr/lib/gcc/arm-none-eabi/10.3.1/thumb/v6-m/nofp/libgcc.a(_udivsi3.o)
 .ARM.attributes
                0x00000000000002fc       0x1e /usr/lib/gcc/arm-none-eabi/10.3.1/thumb/v6-m/nofp/libgcc.a(_divsi3.o)
 .ARM.attributes
                0x000000000000031a       0x1e /usr/lib/gcc/arm-none-eabi/10.3.1/thumb/v6-m/nofp/libgcc.a(_dvmd_tls.o)
 .ARM.attributes
                0x0000000000000338       0x2c /usr/lib/gcc/arm-none-eabi/10.3.1/../../../arm-none-eabi/lib/thumb/v6-m/nofp/libg_nano.a(lib_a-memcpy-stub.o)
 .ARM.attributes
                0x0000000000000364       0x2c /usr/lib/gcc/arm-none-eabi/10.3.1/../../../arm-none-eabi/lib/thumb/v6-m/nofp/libg_nano.a(lib_a-memset.o)
 .ARM.attributes
                0x0000000000000390       0x2c /usr/lib/gcc/arm-none-eabi/10.3.1/../../../arm-none-eabi/lib/thumb/v6-m/nofp/libg_nano.a(lib_a-strlen-stub.o)

.comment        0x0000000000000000       0x33
 .comment       0x0000000000000000       0x33 main.o
                                         0x34 (size before relaxing)
 .comment       0x0000000000000033       0x34 startup.o
 .comment       0x0000000000000033       0x34 BOARD/board.o
 .comment       0x0000000000000033       0x34 BOARD/clock_config.o
 .comment       0x0000000000000033       0x34 BOARD/pin_mux.o
 .comment       0x0000000000000033       0x34 CMSIS/system_MKL46Z4.o
 .comment       0x0000000000000033       0x34 drivers/fsl_clock.o
 .comment       0x0000000000000033       0x34 drivers/fsl_ftfx_cache.o
 .comment       0x0000000000000033       0x34 drivers/fsl_lpsci.o
 .comment       0x0000000000000033       0x34 drivers/fsl_smc.o
 .comment       0x0000000000000033       0x34 drivers/fsl_uart.o
 .comment       0x0000000000000033       0x34 utilities/fsl_assert.o
 .comment       0x0000000000000033       0x34 utilities/fsl_debug_console.o
 .comment       0x0000000000000033       0x34 utilities/fsl_io.o
 .comment       0x0000000000000033       0x34 utilities/fsl_log.o
 .comment       0x0000000000000033       0x34 utilities/fsl_str.o
 .comment       0x0000000000000033       0x34 /usr/lib/gcc/arm-none-eabi/10.3.1/../../../arm-none-eabi/lib/thumb/v6-m/nofp/libg_nano.a(lib_a-memcpy-stub.o)
 .comment       0x0000000000000033       0x34 /usr/lib/gcc/arm-none-eabi/10.3.1/../../../arm-none-eabi/lib/thumb/v6-m/nofp/libg_nano.a(lib_a-memset.o)
 .comment       0x0000000000000033       0x34 /usr/lib/gcc/arm-none-eabi/10.3.1/../../../arm-none-eabi/lib/thumb/v6-m/nofp/libg_nano.a(lib_a-strlen-stub.o)

.debug_info     0x0000000000000000     0x8c1e
 .debug_info    0x0000000000000000       0x94 main.o
 .debug_info    0x0000000000000094      0x100 startup.o
 .debug_info    0x0000000000000194      0x3a2 BOARD/board.o
 .debug_info    0x0000000000000536      0xb00 BOARD/clock_config.o
 .debug_info    0x0000000000001036      0x555 BOARD/pin_mux.o
 .debug_info    0x000000000000158b      0x40e CMSIS/system_MKL46Z4.o
 .debug_info    0x0000000000001999     0x1b7a drivers/fsl_clock.o
 .debug_info    0x0000000000003513      0x631 drivers/fsl_ftfx_cache.o
 .debug_info    0x0000000000003b44     0x16e7 drivers/fsl_lpsci.o
 .debug_info    0x000000000000522b      0x946 drivers/fsl_smc.o
 .debug_info    0x0000000000005b71     0x1664 drivers/fsl_uart.o
 .debug_info    0x00000000000071d5       0xd8 utilities/fsl_assert.o
 .debug_info    0x00000000000072ad      0x402 utilities/fsl_debug_console.o
 .debug_info    0x00000000000076af      0x8fd utilities/fsl_io.o
 .debug_info    0x0000000000007fac      0x374 utilities/fsl_log.o
 .debug_info    0x0000000000008320      0x505 utilities/fsl_str.o
 .debug_info    0x0000000000008825       0x26 /usr/lib/gcc/arm-none-eabi/10.3.1/thumb/v6-m/nofp/libgcc.a(_udivsi3.o)
 .debug_info    0x000000000000884b       0x26 /usr/lib/gcc/arm-none-eabi/10.3.1/thumb/v6-m/nofp/libgcc.a(_divsi3.o)
 .debug_info    0x0000000000008871       0x26 /usr/lib/gcc/arm-none-eabi/10.3.1/thumb/v6-m/nofp/libgcc.a(_dvmd_tls.o)
 .debug_info    0x0000000000008897      0x15c /usr/lib/gcc/arm-none-eabi/10.3.1/../../../arm-none-eabi/lib/thumb/v6-m/nofp/libg_nano.a(lib_a-memcpy-stub.o)
 .debug_info    0x00000000000089f3      0x13d /usr/lib/gcc/arm-none-eabi/10.3.1/../../../arm-none-eabi/lib/thumb/v6-m/nofp/libg_nano.a(lib_a-memset.o)
 .debug_info    0x0000000000008b30       0xee /usr/lib/gcc/arm-none-eabi/10.3.1/../../../arm-none-eabi/lib/thumb/v6-m/nofp/libg_nano.a(lib_a-strlen-stub.o)

.debug_abbrev   0x0000000000000000     0x1df9
 .debug_abbrev  0x0000000000000000       0x49 main.o
 .debug_abbrev  0x0000000000000049       0xb6 startup.o
 .debug_abbrev  0x00000000000000ff      0x11b BOARD/board.o
 .debug_abbrev  0x000000000000021a      0x201 BOARD/clock_config.o
 .debug_abbrev  0x000000000000041b      0x189 BOARD/pin_mux.o
 .debug_abbrev  0x00000000000005a4      0x148 CMSIS/system_MKL46Z4.o
 .debug_abbrev  0x00000000000006ec      0x33e drivers/fsl_clock.o
 .debug_abbrev  0x0000000000000a2a      0x1f9 drivers/fsl_ftfx_cache.o
 .debug_abbrev  0x0000000000000c23      0x300 drivers/fsl_lpsci.o
 .debug_abbrev  0x0000000000000f23      0x2a2 drivers/fsl_smc.o
 .debug_abbrev  0x00000000000011c5      0x300 drivers/fsl_uart.o
 .debug_abbrev  0x00000000000014c5       0x6b utilities/fsl_assert.o
 .debug_abbrev  0x0000000000001530      0x178 utilities/fsl_debug_console.o
 .debug_abbrev  0x00000000000016a8      0x1f3 utilities/fsl_io.o
 .debug_abbrev  0x000000000000189b      0x182 utilities/fsl_log.o
 .debug_abbrev  0x0000000000001a1d      0x196 utilities/fsl_str.o
 .debug_abbrev  0x0000000000001bb3       0x14 /usr/lib/gcc/arm-none-eabi/10.3.1/thumb/v6-m/nofp/libgcc.a(_udivsi3.o)
 .debug_abbrev  0x0000000000001bc7       0x14 /usr/lib/gcc/arm-none-eabi/10.3.1/thumb/v6-m/nofp/libgcc.a(_divsi3.o)
 .debug_abbrev  0x0000000000001bdb       0x14 /usr/lib/gcc/arm-none-eabi/10.3.1/thumb/v6-m/nofp/libgcc.a(_dvmd_tls.o)
 .debug_abbrev  0x0000000000001bef       0xc7 /usr/lib/gcc/arm-none-eabi/10.3.1/../../../arm-none-eabi/lib/thumb/v6-m/nofp/libg_nano.a(lib_a-memcpy-stub.o)
 .debug_abbrev  0x0000000000001cb6       0xb4 /usr/lib/gcc/arm-none-eabi/10.3.1/../../../arm-none-eabi/lib/thumb/v6-m/nofp/libg_nano.a(lib_a-memset.o)
 .debug_abbrev  0x0000000000001d6a       0x8f /usr/lib/gcc/arm-none-eabi/10.3.1/../../../arm-none-eabi/lib/thumb/v6-m/nofp/libg_nano.a(lib_a-strlen-stub.o)

.debug_aranges  0x0000000000000000      0x2c0
 .debug_aranges
                0x0000000000000000       0x20 main.o
 .debug_aranges
                0x0000000000000020       0x20 startup.o
 .debug_aranges
                0x0000000000000040       0x20 BOARD/board.o
 .debug_aranges
                0x0000000000000060       0x20 BOARD/clock_config.o
 .debug_aranges
                0x0000000000000080       0x20 BOARD/pin_mux.o
 .debug_aranges
                0x00000000000000a0       0x20 CMSIS/system_MKL46Z4.o
 .debug_aranges
                0x00000000000000c0       0x20 drivers/fsl_clock.o
 .debug_aranges
                0x00000000000000e0       0x20 drivers/fsl_ftfx_cache.o
 .debug_aranges
                0x0000000000000100       0x20 drivers/fsl_lpsci.o
 .debug_aranges
                0x0000000000000120       0x20 drivers/fsl_smc.o
 .debug_aranges
                0x0000000000000140       0x20 drivers/fsl_uart.o
 .debug_aranges
                0x0000000000000160       0x20 utilities/fsl_assert.o
 .debug_aranges
                0x0000000000000180       0x20 utilities/fsl_debug_console.o
 .debug_aranges
                0x00000000000001a0       0x20 utilities/fsl_io.o
 .debug_aranges
                0x00000000000001c0       0x20 utilities/fsl_log.o
 .debug_aranges
                0x00000000000001e0       0x20 utilities/fsl_str.o
 .debug_aranges
                0x0000000000000200       0x20 /usr/lib/gcc/arm-none-eabi/10.3.1/thumb/v6-m/nofp/libgcc.a(_udivsi3.o)
 .debug_aranges
                0x0000000000000220       0x20 /usr/lib/gcc/arm-none-eabi/10.3.1/thumb/v6-m/nofp/libgcc.a(_divsi3.o)
 .debug_aranges
                0x0000000000000240       0x20 /usr/lib/gcc/arm-none-eabi/10.3.1/thumb/v6-m/nofp/libgcc.a(_dvmd_tls.o)
 .debug_aranges
                0x0000000000000260       0x20 /usr/lib/gcc/arm-none-eabi/10.3.1/../../../arm-none-eabi/lib/thumb/v6-m/nofp/libg_nano.a(lib_a-memcpy-stub.o)
 .debug_aranges
                0x0000000000000280       0x20 /usr/lib/gcc/arm-none-eabi/10.3.1/../../../arm-none-eabi/lib/thumb/v6-m/nofp/libg_nano.a(lib_a-memset.o)
 .debug_aranges
                0x00000000000002a0       0x20 /usr/lib/gcc/arm-none-eabi/10.3.1/../../../arm-none-eabi/lib/thumb/v6-m/nofp/libg_nano.a(lib_a-strlen-stub.o)

.debug_macro    0x0000000000000000     0xdebf
 .debug_macro   0x0000000000000000      0x200 main.o
 .debug_macro   0x0000000000000200      0xa42 main.o
 .debug_macro   0x0000000000000c42       0x10 main.o
 .debug_macro   0x0000000000000c52       0x3f main.o
 .debug_macro   0x0000000000000c91      0x34e main.o
 .debug_macro   0x0000000000000fdf       0x1c main.o
 .debug_macro   0x0000000000000ffb       0x22 main.o
 .debug_macro   0x000000000000101d       0xaf main.o
 .debug_macro   0x00000000000010cc      0x37c main.o
 .debug_macro   0x0000000000001448       0x38 main.o
 .debug_macro   0x0000000000001480     0x87f8 main.o
 .debug_macro   0x0000000000009c78     0x121a main.o
 .debug_macro   0x000000000000ae92       0x22 main.o
 .debug_macro   0x000000000000aeb4       0x52 main.o
 .debug_macro   0x000000000000af06       0x18 main.o
 .debug_macro   0x000000000000af1e       0x94 main.o
 .debug_macro   0x000000000000afb2       0x35 main.o
 .debug_macro   0x000000000000afe7       0x34 main.o
 .debug_macro   0x000000000000b01b       0x1c main.o
 .debug_macro   0x000000000000b037       0x22 main.o
 .debug_macro   0x000000000000b059      0x174 main.o
 .debug_macro   0x000000000000b1cd       0x16 main.o
 .debug_macro   0x000000000000b1e3       0x43 main.o
 .debug_macro   0x000000000000b226       0x57 main.o
 .debug_macro   0x000000000000b27d       0x34 main.o
 .debug_macro   0x000000000000b2b1       0x10 main.o
 .debug_macro   0x000000000000b2c1       0x52 main.o
 .debug_macro   0x000000000000b313      0x182 main.o
 .debug_macro   0x000000000000b495      0x333 main.o
 .debug_macro   0x000000000000b7c8       0x10 main.o
 .debug_macro   0x000000000000b7d8       0x35 main.o
 .debug_macro   0x000000000000b80d       0x16 main.o
 .debug_macro   0x000000000000b823       0x16 main.o
 .debug_macro   0x000000000000b839       0x29 main.o
 .debug_macro   0x000000000000b862       0x52 main.o
 .debug_macro   0x000000000000b8b4      0x10a main.o
 .debug_macro   0x000000000000b9be       0x74 main.o
 .debug_macro   0x000000000000ba32       0x28 main.o
 .debug_macro   0x000000000000ba5a       0x1c main.o
 .debug_macro   0x000000000000ba76       0x10 main.o
 .debug_macro   0x000000000000ba86      0x15b main.o
 .debug_macro   0x000000000000bbe1       0x6a main.o
 .debug_macro   0x000000000000bc4b       0x17 startup.o
 .debug_macro   0x000000000000bc62      0x1f6 BOARD/board.o
 .debug_macro   0x000000000000be58       0x16 BOARD/board.o
 .debug_macro   0x000000000000be6e       0x2e BOARD/board.o
 .debug_macro   0x000000000000be9c      0x20a BOARD/clock_config.o
 .debug_macro   0x000000000000c0a6       0x16 BOARD/clock_config.o
 .debug_macro   0x000000000000c0bc      0x1d5 BOARD/pin_mux.o
 .debug_macro   0x000000000000c291       0x75 CMSIS/system_MKL46Z4.o
 .debug_macro   0x000000000000c306      0x289 drivers/fsl_clock.o
 .debug_macro   0x000000000000c58f      0x22d drivers/fsl_ftfx_cache.o
 .debug_macro   0x000000000000c7bc      0x26a drivers/fsl_ftfx_cache.o
 .debug_macro   0x000000000000ca26       0x2e drivers/fsl_ftfx_cache.o
 .debug_macro   0x000000000000ca54       0x7c drivers/fsl_ftfx_cache.o
 .debug_macro   0x000000000000cad0       0x16 drivers/fsl_ftfx_cache.o
 .debug_macro   0x000000000000cae6      0x1d9 drivers/fsl_lpsci.o
 .debug_macro   0x000000000000ccbf      0x226 drivers/fsl_smc.o
 .debug_macro   0x000000000000cee5       0x1c drivers/fsl_smc.o
 .debug_macro   0x000000000000cf01      0x1df drivers/fsl_uart.o
 .debug_macro   0x000000000000d0e0      0x1cc utilities/fsl_assert.o
 .debug_macro   0x000000000000d2ac      0x1f2 utilities/fsl_debug_console.o
 .debug_macro   0x000000000000d49e       0x58 utilities/fsl_debug_console.o
 .debug_macro   0x000000000000d4f6      0x10e utilities/fsl_debug_console.o
 .debug_macro   0x000000000000d604       0x8d utilities/fsl_debug_console.o
 .debug_macro   0x000000000000d691       0x16 utilities/fsl_debug_console.o
 .debug_macro   0x000000000000d6a7       0x57 utilities/fsl_debug_console.o
 .debug_macro   0x000000000000d6fe      0x1f4 utilities/fsl_io.o
 .debug_macro   0x000000000000d8f2       0x10 utilities/fsl_io.o
 .debug_macro   0x000000000000d902       0x10 utilities/fsl_io.o
 .debug_macro   0x000000000000d912      0x218 utilities/fsl_log.o
 .debug_macro   0x000000000000db2a      0x1ec utilities/fsl_str.o
 .debug_macro   0x000000000000dd16      0x1a9 utilities/fsl_str.o

.debug_line     0x0000000000000000     0x5cd2
 .debug_line    0x0000000000000000      0x309 main.o
 .debug_line    0x0000000000000309       0x7c startup.o
 .debug_line    0x0000000000000385      0x326 BOARD/board.o
 .debug_line    0x00000000000006ab      0x33f BOARD/clock_config.o
 .debug_line    0x00000000000009ea      0x309 BOARD/pin_mux.o
 .debug_line    0x0000000000000cf3      0x247 CMSIS/system_MKL46Z4.o
 .debug_line    0x0000000000000f3a      0xef4 drivers/fsl_clock.o
 .debug_line    0x0000000000001e2e      0x3b6 drivers/fsl_ftfx_cache.o
 .debug_line    0x00000000000021e4      0xb7c drivers/fsl_lpsci.o
 .debug_line    0x0000000000002d60      0x5a3 drivers/fsl_smc.o
 .debug_line    0x0000000000003303      0xb52 drivers/fsl_uart.o
 .debug_line    0x0000000000003e55      0x2ca utilities/fsl_assert.o
 .debug_line    0x000000000000411f      0x3f7 utilities/fsl_debug_console.o
 .debug_line    0x0000000000004516      0x472 utilities/fsl_io.o
 .debug_line    0x0000000000004988      0x3d0 utilities/fsl_log.o
 .debug_line    0x0000000000004d58      0x946 utilities/fsl_str.o
 .debug_line    0x000000000000569e       0x6c /usr/lib/gcc/arm-none-eabi/10.3.1/thumb/v6-m/nofp/libgcc.a(_udivsi3.o)
 .debug_line    0x000000000000570a       0x73 /usr/lib/gcc/arm-none-eabi/10.3.1/thumb/v6-m/nofp/libgcc.a(_divsi3.o)
 .debug_line    0x000000000000577d       0x60 /usr/lib/gcc/arm-none-eabi/10.3.1/thumb/v6-m/nofp/libgcc.a(_dvmd_tls.o)
 .debug_line    0x00000000000057dd      0x1b5 /usr/lib/gcc/arm-none-eabi/10.3.1/../../../arm-none-eabi/lib/thumb/v6-m/nofp/libg_nano.a(lib_a-memcpy-stub.o)
 .debug_line    0x0000000000005992      0x1ce /usr/lib/gcc/arm-none-eabi/10.3.1/../../../arm-none-eabi/lib/thumb/v6-m/nofp/libg_nano.a(lib_a-memset.o)
 .debug_line    0x0000000000005b60      0x172 /usr/lib/gcc/arm-none-eabi/10.3.1/../../../arm-none-eabi/lib/thumb/v6-m/nofp/libg_nano.a(lib_a-strlen-stub.o)

.debug_str      0x0000000000000000    0x53cb3
 .debug_str     0x0000000000000000    0x4cbe8 main.o
                                      0x4cf4c (size before relaxing)
 .debug_str     0x000000000004cbe8       0x9d startup.o
                                       0x2c41 (size before relaxing)
 .debug_str     0x000000000004cc85      0x19c BOARD/board.o
                                      0x4ce95 (size before relaxing)
 .debug_str     0x000000000004ce21      0xc6b BOARD/clock_config.o
                                      0x4d127 (size before relaxing)
 .debug_str     0x000000000004da8c      0x2fc BOARD/pin_mux.o
                                      0x4c9b5 (size before relaxing)
 .debug_str     0x000000000004dd88       0x64 CMSIS/system_MKL46Z4.o
                                      0x489dc (size before relaxing)
 .debug_str     0x000000000004ddec     0x139c drivers/fsl_clock.o
                                      0x4e2a0 (size before relaxing)
 .debug_str     0x000000000004f188     0x1ca5 drivers/fsl_ftfx_cache.o
                                      0x4e59d (size before relaxing)
 .debug_str     0x0000000000050e2d      0xd44 drivers/fsl_lpsci.o
                                      0x4d8c9 (size before relaxing)
 .debug_str     0x0000000000051b71      0x421 drivers/fsl_smc.o
                                      0x4e42c (size before relaxing)
 .debug_str     0x0000000000051f92      0x9e6 drivers/fsl_uart.o
                                      0x4d8e6 (size before relaxing)
 .debug_str     0x0000000000052978       0x35 utilities/fsl_assert.o
                                      0x4c3fa (size before relaxing)
 .debug_str     0x00000000000529ad      0x3b9 utilities/fsl_debug_console.o
                                      0x4c8d1 (size before relaxing)
 .debug_str     0x0000000000052d66       0xe4 utilities/fsl_io.o
                                      0x4d16a (size before relaxing)
 .debug_str     0x0000000000052e4a      0x1d5 utilities/fsl_log.o
                                      0x4c7d1 (size before relaxing)
 .debug_str     0x000000000005301f      0x9b8 utilities/fsl_str.o
                                      0x4d027 (size before relaxing)
 .debug_str     0x00000000000539d7       0xa6 /usr/lib/gcc/arm-none-eabi/10.3.1/thumb/v6-m/nofp/libgcc.a(_udivsi3.o)
 .debug_str     0x0000000000053a7d       0xa6 /usr/lib/gcc/arm-none-eabi/10.3.1/thumb/v6-m/nofp/libgcc.a(_divsi3.o)
 .debug_str     0x0000000000053a7d       0xa6 /usr/lib/gcc/arm-none-eabi/10.3.1/thumb/v6-m/nofp/libgcc.a(_dvmd_tls.o)
 .debug_str     0x0000000000053a7d      0x142 /usr/lib/gcc/arm-none-eabi/10.3.1/../../../arm-none-eabi/lib/thumb/v6-m/nofp/libg_nano.a(lib_a-memcpy-stub.o)
                                        0x1de (size before relaxing)
 .debug_str     0x0000000000053bbf       0xa6 /usr/lib/gcc/arm-none-eabi/10.3.1/../../../arm-none-eabi/lib/thumb/v6-m/nofp/libg_nano.a(lib_a-memset.o)
                                        0x1b9 (size before relaxing)
 .debug_str     0x0000000000053c65       0x4e /usr/lib/gcc/arm-none-eabi/10.3.1/../../../arm-none-eabi/lib/thumb/v6-m/nofp/libg_nano.a(lib_a-strlen-stub.o)
                                        0x1ca (size before relaxing)

.debug_frame    0x0000000000000000     0x1960
 .debug_frame   0x0000000000000000       0x2c main.o
 .debug_frame   0x000000000000002c       0x4c startup.o
 .debug_frame   0x0000000000000078       0x50 BOARD/board.o
 .debug_frame   0x00000000000000c8       0xe4 BOARD/clock_config.o
 .debug_frame   0x00000000000001ac       0x6c BOARD/pin_mux.o
 .debug_frame   0x0000000000000218       0x68 CMSIS/system_MKL46Z4.o
 .debug_frame   0x0000000000000280      0x6e0 drivers/fsl_clock.o
 .debug_frame   0x0000000000000960       0xd0 drivers/fsl_ftfx_cache.o
 .debug_frame   0x0000000000000a30      0x414 drivers/fsl_lpsci.o
 .debug_frame   0x0000000000000e44      0x1c8 drivers/fsl_smc.o
 .debug_frame   0x000000000000100c      0x464 drivers/fsl_uart.o
 .debug_frame   0x0000000000001470       0x30 utilities/fsl_assert.o
 .debug_frame   0x00000000000014a0      0x150 utilities/fsl_debug_console.o
 .debug_frame   0x00000000000015f0      0x108 utilities/fsl_io.o
 .debug_frame   0x00000000000016f8      0x108 utilities/fsl_log.o
 .debug_frame   0x0000000000001800       0x94 utilities/fsl_str.o
 .debug_frame   0x0000000000001894       0x20 /usr/lib/gcc/arm-none-eabi/10.3.1/thumb/v6-m/nofp/libgcc.a(_udivsi3.o)
 .debug_frame   0x00000000000018b4       0x20 /usr/lib/gcc/arm-none-eabi/10.3.1/thumb/v6-m/nofp/libgcc.a(_divsi3.o)
 .debug_frame   0x00000000000018d4       0x34 /usr/lib/gcc/arm-none-eabi/10.3.1/../../../arm-none-eabi/lib/thumb/v6-m/nofp/libg_nano.a(lib_a-memcpy-stub.o)
 .debug_frame   0x0000000000001908       0x30 /usr/lib/gcc/arm-none-eabi/10.3.1/../../../arm-none-eabi/lib/thumb/v6-m/nofp/libg_nano.a(lib_a-memset.o)
 .debug_frame   0x0000000000001938       0x28 /usr/lib/gcc/arm-none-eabi/10.3.1/../../../arm-none-eabi/lib/thumb/v6-m/nofp/libg_nano.a(lib_a-strlen-stub.o)

.debug_loc      0x0000000000000000      0x78a
 .debug_loc     0x0000000000000000      0x457 /usr/lib/gcc/arm-none-eabi/10.3.1/../../../arm-none-eabi/lib/thumb/v6-m/nofp/libg_nano.a(lib_a-memcpy-stub.o)
 .debug_loc     0x0000000000000457      0x2a3 /usr/lib/gcc/arm-none-eabi/10.3.1/../../../arm-none-eabi/lib/thumb/v6-m/nofp/libg_nano.a(lib_a-memset.o)
 .debug_loc     0x00000000000006fa       0x90 /usr/lib/gcc/arm-none-eabi/10.3.1/../../../arm-none-eabi/lib/thumb/v6-m/nofp/libg_nano.a(lib_a-strlen-stub.o)
