Archive member included to satisfy reference by file (symbol)

/usr/lib/gcc/arm-none-eabi/10.3.1/thumb/v6-m/nofp/libgcc.a(_udivsi3.o)
                              CMSIS/system_MKL46Z4.o (__aeabi_uidiv)
/usr/lib/gcc/arm-none-eabi/10.3.1/thumb/v6-m/nofp/libgcc.a(_divsi3.o)
                              utilities/fsl_str.o (__aeabi_idiv)
/usr/lib/gcc/arm-none-eabi/10.3.1/thumb/v6-m/nofp/libgcc.a(_dvmd_tls.o)
                              /usr/lib/gcc/arm-none-eabi/10.3.1/thumb/v6-m/nofp/libgcc.a(_udivsi3.o) (__aeabi_idiv0)
/usr/lib/gcc/arm-none-eabi/10.3.1/../../../arm-none-eabi/lib/thumb/v6-m/nofp/libg_nano.a(lib_a-atexit.o)
                              /usr/lib/gcc/arm-none-eabi/10.3.1/../../../arm-none-eabi/lib/thumb/v6-m/nofp/crt0.o (atexit)
/usr/lib/gcc/arm-none-eabi/10.3.1/../../../arm-none-eabi/lib/thumb/v6-m/nofp/libg_nano.a(lib_a-exit.o)
                              /usr/lib/gcc/arm-none-eabi/10.3.1/../../../arm-none-eabi/lib/thumb/v6-m/nofp/crt0.o (exit)
/usr/lib/gcc/arm-none-eabi/10.3.1/../../../arm-none-eabi/lib/thumb/v6-m/nofp/libg_nano.a(lib_a-fini.o)
                              /usr/lib/gcc/arm-none-eabi/10.3.1/../../../arm-none-eabi/lib/thumb/v6-m/nofp/crt0.o (__libc_fini_array)
/usr/lib/gcc/arm-none-eabi/10.3.1/../../../arm-none-eabi/lib/thumb/v6-m/nofp/libg_nano.a(lib_a-impure.o)
                              /usr/lib/gcc/arm-none-eabi/10.3.1/../../../arm-none-eabi/lib/thumb/v6-m/nofp/libg_nano.a(lib_a-exit.o) (_global_impure_ptr)
/usr/lib/gcc/arm-none-eabi/10.3.1/../../../arm-none-eabi/lib/thumb/v6-m/nofp/libg_nano.a(lib_a-init.o)
                              /usr/lib/gcc/arm-none-eabi/10.3.1/../../../arm-none-eabi/lib/thumb/v6-m/nofp/crt0.o (__libc_init_array)
/usr/lib/gcc/arm-none-eabi/10.3.1/../../../arm-none-eabi/lib/thumb/v6-m/nofp/libg_nano.a(lib_a-malloc.o)
                              drivers/fsl_common.o (malloc)
/usr/lib/gcc/arm-none-eabi/10.3.1/../../../arm-none-eabi/lib/thumb/v6-m/nofp/libg_nano.a(lib_a-memcpy-stub.o)
                              drivers/fsl_ftfx_cache.o (memcpy)
/usr/lib/gcc/arm-none-eabi/10.3.1/../../../arm-none-eabi/lib/thumb/v6-m/nofp/libg_nano.a(lib_a-memset.o)
                              /usr/lib/gcc/arm-none-eabi/10.3.1/../../../arm-none-eabi/lib/thumb/v6-m/nofp/crt0.o (memset)
/usr/lib/gcc/arm-none-eabi/10.3.1/../../../arm-none-eabi/lib/thumb/v6-m/nofp/libg_nano.a(lib_a-nano-freer.o)
                              /usr/lib/gcc/arm-none-eabi/10.3.1/../../../arm-none-eabi/lib/thumb/v6-m/nofp/libg_nano.a(lib_a-malloc.o) (_free_r)
/usr/lib/gcc/arm-none-eabi/10.3.1/../../../arm-none-eabi/lib/thumb/v6-m/nofp/libg_nano.a(lib_a-nano-mallocr.o)
                              /usr/lib/gcc/arm-none-eabi/10.3.1/../../../arm-none-eabi/lib/thumb/v6-m/nofp/libg_nano.a(lib_a-malloc.o) (_malloc_r)
/usr/lib/gcc/arm-none-eabi/10.3.1/../../../arm-none-eabi/lib/thumb/v6-m/nofp/libg_nano.a(lib_a-sbrkr.o)
                              /usr/lib/gcc/arm-none-eabi/10.3.1/../../../arm-none-eabi/lib/thumb/v6-m/nofp/libg_nano.a(lib_a-nano-mallocr.o) (_sbrk_r)
/usr/lib/gcc/arm-none-eabi/10.3.1/../../../arm-none-eabi/lib/thumb/v6-m/nofp/libg_nano.a(lib_a-strlen-stub.o)
                              utilities/fsl_str.o (strlen)
/usr/lib/gcc/arm-none-eabi/10.3.1/../../../arm-none-eabi/lib/thumb/v6-m/nofp/libg_nano.a(lib_a-__atexit.o)
                              /usr/lib/gcc/arm-none-eabi/10.3.1/../../../arm-none-eabi/lib/thumb/v6-m/nofp/libg_nano.a(lib_a-atexit.o) (__register_exitproc)
/usr/lib/gcc/arm-none-eabi/10.3.1/../../../arm-none-eabi/lib/thumb/v6-m/nofp/libg_nano.a(lib_a-__call_atexit.o)
                              /usr/lib/gcc/arm-none-eabi/10.3.1/../../../arm-none-eabi/lib/thumb/v6-m/nofp/libg_nano.a(lib_a-__atexit.o) (__call_exitprocs)
/usr/lib/gcc/arm-none-eabi/10.3.1/../../../arm-none-eabi/lib/thumb/v6-m/nofp/libg_nano.a(lib_a-mlock.o)
                              /usr/lib/gcc/arm-none-eabi/10.3.1/../../../arm-none-eabi/lib/thumb/v6-m/nofp/libg_nano.a(lib_a-nano-freer.o) (__malloc_lock)
/usr/lib/gcc/arm-none-eabi/10.3.1/../../../arm-none-eabi/lib/thumb/v6-m/nofp/libg_nano.a(lib_a-reent.o)
                              /usr/lib/gcc/arm-none-eabi/10.3.1/../../../arm-none-eabi/lib/thumb/v6-m/nofp/libg_nano.a(lib_a-sbrkr.o) (errno)

Discarded input sections

 .text          0x0000000000000000        0x0 /usr/lib/gcc/arm-none-eabi/10.3.1/thumb/v6-m/nofp/crti.o
 .data          0x0000000000000000        0x0 /usr/lib/gcc/arm-none-eabi/10.3.1/thumb/v6-m/nofp/crti.o
 .bss           0x0000000000000000        0x0 /usr/lib/gcc/arm-none-eabi/10.3.1/thumb/v6-m/nofp/crti.o
 .text          0x0000000000000000       0x98 /usr/lib/gcc/arm-none-eabi/10.3.1/thumb/v6-m/nofp/crtbegin.o
 .data          0x0000000000000000        0x4 /usr/lib/gcc/arm-none-eabi/10.3.1/thumb/v6-m/nofp/crtbegin.o
 .bss           0x0000000000000000       0x1c /usr/lib/gcc/arm-none-eabi/10.3.1/thumb/v6-m/nofp/crtbegin.o
[...]
Memory Configuration

Name             Origin             Length             Attributes
INTERRUPTS       0x0000000000000000 0x0000000000000100 xr
FLASH_CONFIG     0x0000000000000400 0x0000000000000010 xr
TEXT             0x0000000000000410 0x000000000003fbf0 xr
RAM              0x000000001fffe000 0x0000000000008000 xrw
*default*        0x0000000000000000 0xffffffffffffffff

Linker script and memory map

LOAD /usr/lib/gcc/arm-none-eabi/10.3.1/thumb/v6-m/nofp/crti.o
LOAD /usr/lib/gcc/arm-none-eabi/10.3.1/thumb/v6-m/nofp/crtbegin.o
LOAD /usr/lib/gcc/arm-none-eabi/10.3.1/../../../arm-none-eabi/lib/thumb/v6-m/nofp/crt0.o
                0x0000000000000400                STACK_SIZE = DEFINED (__stack_size__)?__stack_size__:0x400

.interrupts     0x0000000000000000       0xc0
 *(.isr_vector .isr_vector.*)
 .isr_vector    0x0000000000000000       0xc0 startup.o
                0x0000000000000000                g_pfnVectors

.flash_config   0x0000000000000400       0x10
                0x0000000000000400                . = ALIGN (0x4)
                0x0000000000000400        0x4 LONG 0xffffffff
                0x0000000000000404        0x4 LONG 0xffffffff
                0x0000000000000408        0x4 LONG 0xffffffff
                0x000000000000040c        0x4 LONG 0xfffffffe

.text           0x0000000000000410     0x72f0
 *(.text .text.* .gnu.linkonce.t.*)
 .text          0x0000000000000410      0x53c main.o
                0x0000000000000520                irclk_ini
                0x000000000000053c                delay
                0x0000000000000564                enable_TPM
                0x00000000000005dc                enableInterrupt
                0x00000000000005f4                led_green_ini
                0x0000000000000644                led_red_ini
                0x0000000000000698                turn_green_led_off
                0x00000000000006b4                turn_red_led_off
                0x00000000000006d0                turn_green_led_on
                0x00000000000006ec                turn_red_led_on
                0x0000000000000708                led_green_toggle
                0x000000000000071c                led_red_toggle
                0x0000000000000734                sw1_check
                0x0000000000000750                sw2_check
                0x0000000000000770                leds_ini
                0x00000000000007e8                sw1_ini
                0x0000000000000848                sw2_ini
                0x00000000000008ac                PORTDIntHandler
                0x00000000000008f8                main
 .text          0x000000000000094c       0x6c startup.o
                0x000000000000094c                PIT_Int_Handler
                0x000000000000094c                ACMP_Int_Handler
                0x000000000000094c                DMA1_Int_Handler
                0x000000000000094c                PORTA_Int_Handler
                0x000000000000094c                LPTMR_Int_Handler
                0x000000000000094c                Default_ResetHandler
                0x000000000000094c                RTCA_Int_Handler
                0x000000000000094c                USBOTG_Int_Handler
                0x000000000000094c                ResetHandler
                0x000000000000094c                MCG_Int_Handler
                0x000000000000094c                UART0SE_Int_Handler
                0x000000000000094c                LLWU_Int_Handler
                0x000000000000094c                LVD_Int_Handler
                0x000000000000094c                FTM1_Int_Handler
                0x000000000000094c                TSI_Int_Handler
                0x000000000000094c                PORTD_Int_Handler
                0x000000000000094c                FTFA_Int_Handler
                0x000000000000094c                UART2SE_Int_Handler
                0x000000000000094c                DAC_Int_Handler
                0x000000000000094c                FTM0_Int_Handler
                0x000000000000094c                SPI1_Int_Handler
                0x000000000000094c                FTM2_Int_Handler
                0x000000000000094c                UART1SE_Int_Handler
                0x000000000000094c                I2C1_Int_Handler
                0x000000000000094c                DMA3_Int_Handler
                0x000000000000094c                ADC_Int_Handler
                0x000000000000094c                SPI0_Int_Handler
                0x000000000000094c                I2C0_Int_Handler
                0x000000000000094c                DMA0_Int_Handler
                0x000000000000094c                RTCS_Int_Handler
                0x000000000000094c                DMA2_Int_Handler
                0x00000000000009b0                SVC_Int_Handler
                0x00000000000009b0                UsageFault_Int_Handler
                0x00000000000009b0                MemManage_Int_Handler
                0x00000000000009b0                PendSV_Int_Handler
                0x00000000000009b0                BusFault_Int_Handler
                0x00000000000009b0                NMI_Int_Handler
                0x00000000000009b0                SysTick_Int_Handler
                0x00000000000009b0                DebugMon_Int_Handler
                0x00000000000009b0                HardFault_Int_Handler
 .text          0x00000000000009b8       0x68 BOARD/board.o
                0x00000000000009f0                BOARD_InitDebugConsole
 .text          0x0000000000000a20      0x16c BOARD/clock_config.o
                0x0000000000000acc                BOARD_BootClockRUN
                0x0000000000000b30                BOARD_BootClockVLPR
 .text          0x0000000000000b8c       0xc0 BOARD/pin_mux.o
                0x0000000000000c00                BOARD_InitPins
 .text          0x0000000000000c4c      0x274 CMSIS/system_MKL46Z4.o
                0x0000000000000c4c                SystemInit
                0x0000000000000c68                SystemCoreClockUpdate
                0x0000000000000eb4                SystemInitHook
 .text          0x0000000000000ec0     0x1ad0 drivers/fsl_clock.o
                0x00000000000011e4                CLOCK_GetOsc0ErClkFreq
                0x000000000000122c                CLOCK_GetEr32kClkFreq
                0x00000000000012b0                CLOCK_GetPllFllSelClkFreq
                0x00000000000012fc                CLOCK_GetPlatClkFreq
                0x0000000000001328                CLOCK_GetFlashClkFreq
                0x0000000000001378                CLOCK_GetBusClkFreq
                0x00000000000013c8                CLOCK_GetCoreSysClkFreq
                0x00000000000013f4                CLOCK_GetFreq
                0x00000000000014d4                CLOCK_SetSimConfig
                0x000000000000150c                CLOCK_EnableUsbfs0Clock
                0x0000000000001590                CLOCK_GetOutClkFreq
                0x0000000000001608                CLOCK_GetFllFreq
                0x000000000000168c                CLOCK_GetInternalRefClkFreq
                0x00000000000016b4                CLOCK_GetFixedFreqClkFreq
                0x00000000000016e4                CLOCK_GetPll0Freq
                0x0000000000001764                CLOCK_SetExternalRefClkConfig
                0x000000000000177a                CLOCK_SetInternalRefClkConfig
                0x00000000000018a0                CLOCK_CalcPllDiv
                0x0000000000001a60                CLOCK_EnablePll0
                0x0000000000001b00                CLOCK_SetOsc0MonitorMode
                0x0000000000001b80                CLOCK_SetPll0MonitorMode
                0x0000000000001c04                CLOCK_GetStatusFlags
                0x0000000000001c70                CLOCK_ClearStatusFlags
                0x0000000000001cac                CLOCK_InitOsc0
                0x0000000000001d40                CLOCK_DeinitOsc0
                0x0000000000001d68                CLOCK_TrimInternalRefClk
                0x0000000000001ed0                CLOCK_GetMode
                0x0000000000001fb8                CLOCK_SetFeiMode
                0x0000000000002094                CLOCK_SetFeeMode
                0x00000000000021c0                CLOCK_SetFbiMode
                0x00000000000022b0                CLOCK_SetFbeMode
                0x00000000000023fc                CLOCK_SetBlpiMode
                0x000000000000241c                CLOCK_SetBlpeMode
                0x000000000000243c                CLOCK_SetPbeMode
                0x00000000000024fc                CLOCK_SetPeeMode
                0x0000000000002530                CLOCK_ExternalModeToFbeModeQuick
                0x000000000000259c                CLOCK_InternalModeToFbiModeQuick
                0x00000000000025e4                CLOCK_BootToFeiMode
                0x0000000000002612                CLOCK_BootToFeeMode
                0x0000000000002660                CLOCK_BootToBlpiMode
                0x00000000000026d8                CLOCK_BootToBlpeMode
                0x0000000000002754                CLOCK_BootToPeeMode
                0x00000000000027d4                CLOCK_SetMcgConfig
 .text          0x0000000000002990      0x190 drivers/fsl_ftfx_cache.o
                0x0000000000002990                FTFx_CACHE_Init
                0x00000000000029c8                FTFx_CACHE_ClearCachePrefetchSpeculation
                0x00000000000029f6                FTFx_CACHE_PflashSetPrefetchSpeculation
                0x0000000000002a74                FTFx_CACHE_PflashGetPrefetchSpeculation
                0x0000000000002af0                mcm_flash_cache_clear
 .text          0x0000000000002b20     0x147c drivers/fsl_lpsci.o
                0x0000000000002bf0                LPSCI_GetInstance
                0x0000000000002c44                LPSCI_TransferGetRxRingBufferLength
                0x0000000000002db8                LPSCI_Init
                0x0000000000003038                LPSCI_Deinit
                0x000000000000306c                LPSCI_GetDefaultConfig
                0x00000000000030c4                LPSCI_SetBaudRate
                0x000000000000327c                LPSCI_EnableInterrupts
                0x00000000000032d4                LPSCI_DisableInterrupts
                0x0000000000003338                LPSCI_GetEnabledInterrupts
                0x0000000000003370                LPSCI_GetStatusFlags
                0x0000000000003396                LPSCI_ClearStatusFlags
                0x000000000000342c                LPSCI_WriteBlocking
                0x0000000000003488                LPSCI_ReadBlocking
                0x0000000000003558                LPSCI_TransferCreateHandle
                0x00000000000035e8                LPSCI_TransferStartRingBuffer
                0x0000000000003680                LPSCI_TransferStopRingBuffer
                0x0000000000003704                LPSCI_TransferSendNonBlocking
                0x00000000000037d4                LPSCI_TransferAbortSend
                0x0000000000003824                LPSCI_TransferGetSendCount
                0x0000000000003894                LPSCI_TransferReceiveNonBlocking
                0x0000000000003a8c                LPSCI_TransferAbortReceive
                0x0000000000003b04                LPSCI_TransferGetReceiveCount
                0x0000000000003b74                LPSCI_TransferHandleIRQ
                0x0000000000003f64                LPSCI_TransferHandleErrorIRQ
                0x0000000000003f76                UART0_DriverIRQHandler
 .text          0x0000000000003f9c      0x41c drivers/fsl_smc.o
                0x0000000000003fd6                SMC_PreEnterStopModes
                0x000000000000400c                SMC_PostExitStopModes
                0x0000000000004044                SMC_PreEnterWaitModes
                0x0000000000004064                SMC_PostExitWaitModes
                0x0000000000004084                SMC_SetPowerModeRun
                0x00000000000040bc                SMC_SetPowerModeWait
                0x00000000000040ec                SMC_SetPowerModeStop
                0x0000000000004190                SMC_SetPowerModeVlpr
                0x00000000000041cc                SMC_SetPowerModeVlpw
                0x00000000000041fc                SMC_SetPowerModeVlps
                0x0000000000004270                SMC_SetPowerModeLls
                0x00000000000042e4                SMC_SetPowerModeVlls
 .text          0x00000000000043b8     0x13bc drivers/fsl_uart.o
                0x0000000000004488                UART_GetInstance
                0x00000000000044e8                UART_TransferGetRxRingBufferLength
                0x00000000000045b0                UART_Init
                0x00000000000047b8                UART_Deinit
                0x00000000000047f8                UART_GetDefaultConfig
                0x0000000000004850                UART_SetBaudRate
                0x0000000000004980                UART_EnableInterrupts
                0x00000000000049d8                UART_DisableInterrupts
                0x0000000000004a3c                UART_GetEnabledInterrupts
                0x0000000000004a74                UART_GetStatusFlags
                0x0000000000004a9a                UART_ClearStatusFlags
                0x0000000000004b14                UART_WriteBlocking
                0x0000000000004ba8                UART_ReadBlocking
                0x0000000000004cac                UART_TransferCreateHandle
                0x0000000000004d48                UART_TransferStartRingBuffer
                0x0000000000004de0                UART_TransferStopRingBuffer
                0x0000000000004e64                UART_TransferSendNonBlocking
                0x0000000000004f34                UART_TransferAbortSend
                0x0000000000004f84                UART_TransferGetSendCount
                0x0000000000004ff4                UART_TransferReceiveNonBlocking
                0x00000000000051ec                UART_TransferAbortReceive
                0x0000000000005264                UART_TransferGetReceiveCount
                0x00000000000052e0                UART_TransferHandleIRQ
                0x00000000000056f8                UART_TransferHandleErrorIRQ
                0x000000000000570a                UART1_DriverIRQHandler
                0x0000000000005730                UART1_RX_TX_DriverIRQHandler
                0x000000000000573e                UART2_DriverIRQHandler
                0x0000000000005764                UART2_RX_TX_DriverIRQHandler
 .text          0x0000000000005774       0x28 utilities/fsl_assert.o
                0x0000000000005774                __assert_func
 .text          0x000000000000579c      0x250 utilities/fsl_debug_console.o
                0x000000000000579c                DbgConsole_Init
                0x00000000000057e8                DbgConsole_Deinit
                0x00000000000057f8                DbgConsole_Flush
                0x0000000000005808                DbgConsole_Printf
                0x0000000000005890                DbgConsole_Putchar
                0x00000000000058ac                DbgConsole_Scanf
                0x00000000000058f6                DbgConsole_Getchar
                0x000000000000597c                _write
                0x00000000000059bc                _read
 .text          0x00000000000059ec      0x30c utilities/fsl_io.o
                0x0000000000005aec                IO_Init
                0x0000000000005bc0                IO_Deinit
                0x0000000000005c18                IO_WaitIdle
                0x0000000000005c64                IO_Transfer
 .text          0x0000000000005cf8      0x210 utilities/fsl_log.o
                0x0000000000005cf8                LOG_Init
                0x0000000000005d32                LOG_Deinit
                0x0000000000005d40                LOG_WaitIdle
                0x0000000000005d50                LOG_Push
                0x0000000000005d90                LOG_Pop
                0x0000000000005dda                LOG_ReadLine
                0x0000000000005e90                LOG_ReadCharacter
 .text          0x0000000000005f08      0x9a0 utilities/fsl_str.o
                0x000000000000609c                StrFormatPrintf
                0x00000000000063c0                StrFormatScanf
 .text          0x00000000000068a8      0x114 /usr/lib/gcc/arm-none-eabi/10.3.1/thumb/v6-m/nofp/libgcc.a(_udivsi3.o)
                0x00000000000068a8                __udivsi3
                0x00000000000068a8                __aeabi_uidiv
                0x00000000000069b4                __aeabi_uidivmod
 .text          0x00000000000069bc      0x1d4 /usr/lib/gcc/arm-none-eabi/10.3.1/thumb/v6-m/nofp/libgcc.a(_divsi3.o)
                0x00000000000069bc                __aeabi_idiv
                0x00000000000069bc                __divsi3
                0x0000000000006b88                __aeabi_idivmod
 .text          0x0000000000006b90        0x4 /usr/lib/gcc/arm-none-eabi/10.3.1/thumb/v6-m/nofp/libgcc.a(_dvmd_tls.o)
                0x0000000000006b90                __aeabi_ldiv0
                0x0000000000006b90                __aeabi_idiv0
 .text          0x0000000000006b94       0xa4 /usr/lib/gcc/arm-none-eabi/10.3.1/../../../arm-none-eabi/lib/thumb/v6-m/nofp/libg_nano.a(lib_a-memcpy-stub.o)
                0x0000000000006b94                memcpy
 .text          0x0000000000006c38       0xa8 /usr/lib/gcc/arm-none-eabi/10.3.1/../../../arm-none-eabi/lib/thumb/v6-m/nofp/libg_nano.a(lib_a-memset.o)
                0x0000000000006c38                memset
 .text          0x0000000000006ce0       0x5c /usr/lib/gcc/arm-none-eabi/10.3.1/../../../arm-none-eabi/lib/thumb/v6-m/nofp/libg_nano.a(lib_a-strlen-stub.o)
                0x0000000000006ce0                strlen
 *(.glue_7t)
 .glue_7t       0x0000000000006d3c        0x0 linker stubs
 *(.glue_7)
 .glue_7        0x0000000000006d3c        0x0 linker stubs
 *(.rodata .rodata* .gnu.linkonce.r.*)
 .rodata        0x0000000000006d3c        0xe main.o
 *fill*         0x0000000000006d4a        0x2 
 .rodata        0x0000000000006d4c       0x38 BOARD/clock_config.o
                0x0000000000006d4c                mcgConfig_BOARD_BootClockRUN
                0x0000000000006d58                simConfig_BOARD_BootClockRUN
                0x0000000000006d60                oscConfig_BOARD_BootClockRUN
                0x0000000000006d68                mcgConfig_BOARD_BootClockVLPR
                0x0000000000006d74                simConfig_BOARD_BootClockVLPR
                0x0000000000006d7c                oscConfig_BOARD_BootClockVLPR
 .rodata        0x0000000000006d84      0x190 drivers/fsl_clock.o
 .rodata        0x0000000000006f14       0x1c drivers/fsl_ftfx_cache.o
 .rodata        0x0000000000006f30      0x2d0 drivers/fsl_lpsci.o
 .rodata        0x0000000000007200        0x2 drivers/fsl_smc.o
 *fill*         0x0000000000007202        0x2 
 .rodata        0x0000000000007204      0x2b7 drivers/fsl_uart.o
 *fill*         0x00000000000074bb        0x1 
 .rodata        0x00000000000074bc       0x3e utilities/fsl_assert.o
 *fill*         0x00000000000074fa        0x2 
 .rodata        0x00000000000074fc       0x5c utilities/fsl_debug_console.o
 .rodata        0x0000000000007558       0x28 utilities/fsl_io.o
 .rodata        0x0000000000007580       0x5a utilities/fsl_log.o
 *fill*         0x00000000000075da        0x2 
 .rodata        0x00000000000075dc      0x124 utilities/fsl_str.o

.vfp11_veneer   0x0000000000007700        0x0
 .vfp11_veneer  0x0000000000007700        0x0 linker stubs

.v4_bx          0x0000000000007700        0x0
 .v4_bx         0x0000000000007700        0x0 linker stubs

.init           0x0000000000007700        0x4
 .init          0x0000000000007700        0x4 /usr/lib/gcc/arm-none-eabi/10.3.1/thumb/v6-m/nofp/crti.o
                0x0000000000007700                _init

.fini           0x0000000000007704        0x4
 .fini          0x0000000000007704        0x4 /usr/lib/gcc/arm-none-eabi/10.3.1/thumb/v6-m/nofp/crti.o
                0x0000000000007704                _fini

.iplt           0x0000000000007708        0x0
 .iplt          0x0000000000007708        0x0 main.o

.rel.dyn        0x0000000000007708        0x0
 .rel.iplt      0x0000000000007708        0x0 main.o

.ARM.extab
 *(.ARM.extab* .gnu.linkonce.armextab.*)

.ARM.exidx
 *(.ARM.exidx* .gnu.linkonce.armexidx.*)
                0x0000000000007708                . = ALIGN (0x4)
                0x0000000000007708                _etext = .
                0x0000000000007708                _sidata = .

.data           0x000000001fffe000        0xc load address 0x0000000000007708
                0x000000001fffe000                _sdata = .
 *(.data .data.*)
 .data          0x000000001fffe000        0x4 CMSIS/system_MKL46Z4.o
                0x000000001fffe000                SystemCoreClock
 .data          0x000000001fffe004        0x8 drivers/fsl_clock.o
                0x000000001fffe00c                . = ALIGN (0x4)
                0x000000001fffe00c                _edata = .

.igot.plt       0x000000001fffe00c        0x0 load address 0x0000000000007714
 .igot.plt      0x000000001fffe00c        0x0 main.o

.bss            0x000000001fffe00c       0x6c load address 0x0000000000007714
                0x000000001fffe00c                _sbss = .
 *(.bss .bss.*)
 .bss           0x000000001fffe00c        0x8 drivers/fsl_clock.o
                0x000000001fffe00c                g_xtal0Freq
                0x000000001fffe010                g_xtal32Freq
 .bss           0x000000001fffe014       0x40 drivers/fsl_ftfx_cache.o
 .bss           0x000000001fffe054        0x8 drivers/fsl_lpsci.o
 .bss           0x000000001fffe05c        0x4 drivers/fsl_smc.o
 .bss           0x000000001fffe060       0x10 drivers/fsl_uart.o
 .bss           0x000000001fffe070        0x8 utilities/fsl_io.o
 *(COMMON)
                0x000000001fffe078                . = ALIGN (0x4)
                0x000000001fffe078                _ebss = .

.co_stack       0x000000001fffe078      0x400 load address 0x0000000000007780
                0x000000001fffe078                . = ALIGN (0x8)
                0x000000001fffe478                . = (. + STACK_SIZE)
 *fill*         0x000000001fffe078      0x400 
                0x000000001fffe478                _start_of_stack = .
                0x000000001fffe478                . = ALIGN (0x4)
                0x000000001fffe478                _end = .
LOAD main.o
LOAD startup.o
LOAD BOARD/board.o
LOAD BOARD/clock_config.o
LOAD BOARD/pin_mux.o
LOAD CMSIS/system_MKL46Z4.o
LOAD drivers/fsl_clock.o
LOAD drivers/fsl_common.o
LOAD drivers/fsl_ftfx_cache.o
LOAD drivers/fsl_gpio.o
LOAD drivers/fsl_lpsci.o
LOAD drivers/fsl_smc.o
LOAD drivers/fsl_uart.o
LOAD utilities/fsl_assert.o
LOAD utilities/fsl_debug_console.o
LOAD utilities/fsl_io.o
LOAD utilities/fsl_log.o
LOAD utilities/fsl_str.o
START GROUP
LOAD /usr/lib/gcc/arm-none-eabi/10.3.1/thumb/v6-m/nofp/libgcc.a
LOAD /usr/lib/gcc/arm-none-eabi/10.3.1/../../../arm-none-eabi/lib/thumb/v6-m/nofp/libg_nano.a
LOAD /usr/lib/gcc/arm-none-eabi/10.3.1/../../../arm-none-eabi/lib/thumb/v6-m/nofp/libc_nano.a
END GROUP
START GROUP
LOAD /usr/lib/gcc/arm-none-eabi/10.3.1/thumb/v6-m/nofp/libgcc.a
LOAD /usr/lib/gcc/arm-none-eabi/10.3.1/../../../arm-none-eabi/lib/thumb/v6-m/nofp/libc_nano.a
END GROUP
LOAD /usr/lib/gcc/arm-none-eabi/10.3.1/thumb/v6-m/nofp/crtend.o
LOAD /usr/lib/gcc/arm-none-eabi/10.3.1/thumb/v6-m/nofp/crtn.o
OUTPUT(main.elf elf32-littlearm)
LOAD linker stubs

.ARM.attributes
                0x0000000000000000       0x28
 .ARM.attributes
                0x0000000000000000       0x1e /usr/lib/gcc/arm-none-eabi/10.3.1/thumb/v6-m/nofp/crti.o
 .ARM.attributes
                0x000000000000001e       0x2c main.o
 .ARM.attributes
                0x000000000000004a       0x2c startup.o
 .ARM.attributes
                0x0000000000000076       0x2c BOARD/board.o
 .ARM.attributes
                0x00000000000000a2       0x2c BOARD/clock_config.o
 .ARM.attributes
                0x00000000000000ce       0x2c BOARD/pin_mux.o
 .ARM.attributes
                0x00000000000000fa       0x2c CMSIS/system_MKL46Z4.o
 .ARM.attributes
                0x0000000000000126       0x2c drivers/fsl_clock.o
 .ARM.attributes
                0x0000000000000152       0x2c drivers/fsl_ftfx_cache.o
 .ARM.attributes
                0x000000000000017e       0x2c drivers/fsl_lpsci.o
 .ARM.attributes
                0x00000000000001aa       0x2c drivers/fsl_smc.o
 .ARM.attributes
                0x00000000000001d6       0x2c drivers/fsl_uart.o
 .ARM.attributes
                0x0000000000000202       0x2c utilities/fsl_assert.o
 .ARM.attributes
                0x000000000000022e       0x2c utilities/fsl_debug_console.o
 .ARM.attributes
                0x000000000000025a       0x2c utilities/fsl_io.o
 .ARM.attributes
                0x0000000000000286       0x2c utilities/fsl_log.o
 .ARM.attributes
                0x00000000000002b2       0x2c utilities/fsl_str.o
 .ARM.attributes
                0x00000000000002de       0x1e /usr/lib/gcc/arm-none-eabi/10.3.1/thumb/v6-m/nofp/libgcc.a(_udivsi3.o)
 .ARM.attributes
                0x00000000000002fc       0x1e /usr/lib/gcc/arm-none-eabi/10.3.1/thumb/v6-m/nofp/libgcc.a(_divsi3.o)
 .ARM.attributes
                0x000000000000031a       0x1e /usr/lib/gcc/arm-none-eabi/10.3.1/thumb/v6-m/nofp/libgcc.a(_dvmd_tls.o)
 .ARM.attributes
                0x0000000000000338       0x2c /usr/lib/gcc/arm-none-eabi/10.3.1/../../../arm-none-eabi/lib/thumb/v6-m/nofp/libg_nano.a(lib_a-memcpy-stub.o)
 .ARM.attributes
                0x0000000000000364       0x2c /usr/lib/gcc/arm-none-eabi/10.3.1/../../../arm-none-eabi/lib/thumb/v6-m/nofp/libg_nano.a(lib_a-memset.o)
 .ARM.attributes
                0x0000000000000390       0x2c /usr/lib/gcc/arm-none-eabi/10.3.1/../../../arm-none-eabi/lib/thumb/v6-m/nofp/libg_nano.a(lib_a-strlen-stub.o)

.comment        0x0000000000000000       0x33
 .comment       0x0000000000000000       0x33 main.o
                                         0x34 (size before relaxing)
 .comment       0x0000000000000033       0x34 startup.o
 .comment       0x0000000000000033       0x34 BOARD/board.o
 .comment       0x0000000000000033       0x34 BOARD/clock_config.o
 .comment       0x0000000000000033       0x34 BOARD/pin_mux.o
 .comment       0x0000000000000033       0x34 CMSIS/system_MKL46Z4.o
 .comment       0x0000000000000033       0x34 drivers/fsl_clock.o
 .comment       0x0000000000000033       0x34 drivers/fsl_ftfx_cache.o
 .comment       0x0000000000000033       0x34 drivers/fsl_lpsci.o
 .comment       0x0000000000000033       0x34 drivers/fsl_smc.o
 .comment       0x0000000000000033       0x34 drivers/fsl_uart.o
 .comment       0x0000000000000033       0x34 utilities/fsl_assert.o
 .comment       0x0000000000000033       0x34 utilities/fsl_debug_console.o
 .comment       0x0000000000000033       0x34 utilities/fsl_io.o
 .comment       0x0000000000000033       0x34 utilities/fsl_log.o
 .comment       0x0000000000000033       0x34 utilities/fsl_str.o
 .comment       0x0000000000000033       0x34 /usr/lib/gcc/arm-none-eabi/10.3.1/../../../arm-none-eabi/lib/thumb/v6-m/nofp/libg_nano.a(lib_a-memcpy-stub.o)
 .comment       0x0000000000000033       0x34 /usr/lib/gcc/arm-none-eabi/10.3.1/../../../arm-none-eabi/lib/thumb/v6-m/nofp/libg_nano.a(lib_a-memset.o)
 .comment       0x0000000000000033       0x34 /usr/lib/gcc/arm-none-eabi/10.3.1/../../../arm-none-eabi/lib/thumb/v6-m/nofp/libg_nano.a(lib_a-strlen-stub.o)

.debug_info     0x0000000000000000     0x975a
 .debug_info    0x0000000000000000      0xbd0 main.o
 .debug_info    0x0000000000000bd0      0x100 startup.o
 .debug_info    0x0000000000000cd0      0x3a2 BOARD/board.o
 .debug_info    0x0000000000001072      0xb00 BOARD/clock_config.o
 .debug_info    0x0000000000001b72      0x555 BOARD/pin_mux.o
 .debug_info    0x00000000000020c7      0x40e CMSIS/system_MKL46Z4.o
 .debug_info    0x00000000000024d5     0x1b7a drivers/fsl_clock.o
 .debug_info    0x000000000000404f      0x631 drivers/fsl_ftfx_cache.o
 .debug_info    0x0000000000004680     0x16e7 drivers/fsl_lpsci.o
 .debug_info    0x0000000000005d67      0x946 drivers/fsl_smc.o
 .debug_info    0x00000000000066ad     0x1664 drivers/fsl_uart.o
 .debug_info    0x0000000000007d11       0xd8 utilities/fsl_assert.o
 .debug_info    0x0000000000007de9      0x402 utilities/fsl_debug_console.o
 .debug_info    0x00000000000081eb      0x8fd utilities/fsl_io.o
 .debug_info    0x0000000000008ae8      0x374 utilities/fsl_log.o
 .debug_info    0x0000000000008e5c      0x505 utilities/fsl_str.o
 .debug_info    0x0000000000009361       0x26 /usr/lib/gcc/arm-none-eabi/10.3.1/thumb/v6-m/nofp/libgcc.a(_udivsi3.o)
 .debug_info    0x0000000000009387       0x26 /usr/lib/gcc/arm-none-eabi/10.3.1/thumb/v6-m/nofp/libgcc.a(_divsi3.o)
 .debug_info    0x00000000000093ad       0x26 /usr/lib/gcc/arm-none-eabi/10.3.1/thumb/v6-m/nofp/libgcc.a(_dvmd_tls.o)
 .debug_info    0x00000000000093d3      0x15c /usr/lib/gcc/arm-none-eabi/10.3.1/../../../arm-none-eabi/lib/thumb/v6-m/nofp/libg_nano.a(lib_a-memcpy-stub.o)
 .debug_info    0x000000000000952f      0x13d /usr/lib/gcc/arm-none-eabi/10.3.1/../../../arm-none-eabi/lib/thumb/v6-m/nofp/libg_nano.a(lib_a-memset.o)
 .debug_info    0x000000000000966c       0xee /usr/lib/gcc/arm-none-eabi/10.3.1/../../../arm-none-eabi/lib/thumb/v6-m/nofp/libg_nano.a(lib_a-strlen-stub.o)

.debug_abbrev   0x0000000000000000     0x1fb2
 .debug_abbrev  0x0000000000000000      0x202 main.o
 .debug_abbrev  0x0000000000000202       0xb6 startup.o
 .debug_abbrev  0x00000000000002b8      0x11b BOARD/board.o
 .debug_abbrev  0x00000000000003d3      0x201 BOARD/clock_config.o
 .debug_abbrev  0x00000000000005d4      0x189 BOARD/pin_mux.o
 .debug_abbrev  0x000000000000075d      0x148 CMSIS/system_MKL46Z4.o
 .debug_abbrev  0x00000000000008a5      0x33e drivers/fsl_clock.o
 .debug_abbrev  0x0000000000000be3      0x1f9 drivers/fsl_ftfx_cache.o
 .debug_abbrev  0x0000000000000ddc      0x300 drivers/fsl_lpsci.o
 .debug_abbrev  0x00000000000010dc      0x2a2 drivers/fsl_smc.o
 .debug_abbrev  0x000000000000137e      0x300 drivers/fsl_uart.o
 .debug_abbrev  0x000000000000167e       0x6b utilities/fsl_assert.o
 .debug_abbrev  0x00000000000016e9      0x178 utilities/fsl_debug_console.o
 .debug_abbrev  0x0000000000001861      0x1f3 utilities/fsl_io.o
 .debug_abbrev  0x0000000000001a54      0x182 utilities/fsl_log.o
 .debug_abbrev  0x0000000000001bd6      0x196 utilities/fsl_str.o
 .debug_abbrev  0x0000000000001d6c       0x14 /usr/lib/gcc/arm-none-eabi/10.3.1/thumb/v6-m/nofp/libgcc.a(_udivsi3.o)
 .debug_abbrev  0x0000000000001d80       0x14 /usr/lib/gcc/arm-none-eabi/10.3.1/thumb/v6-m/nofp/libgcc.a(_divsi3.o)
 .debug_abbrev  0x0000000000001d94       0x14 /usr/lib/gcc/arm-none-eabi/10.3.1/thumb/v6-m/nofp/libgcc.a(_dvmd_tls.o)
 .debug_abbrev  0x0000000000001da8       0xc7 /usr/lib/gcc/arm-none-eabi/10.3.1/../../../arm-none-eabi/lib/thumb/v6-m/nofp/libg_nano.a(lib_a-memcpy-stub.o)
 .debug_abbrev  0x0000000000001e6f       0xb4 /usr/lib/gcc/arm-none-eabi/10.3.1/../../../arm-none-eabi/lib/thumb/v6-m/nofp/libg_nano.a(lib_a-memset.o)
 .debug_abbrev  0x0000000000001f23       0x8f /usr/lib/gcc/arm-none-eabi/10.3.1/../../../arm-none-eabi/lib/thumb/v6-m/nofp/libg_nano.a(lib_a-strlen-stub.o)

.debug_aranges  0x0000000000000000      0x2c0
 .debug_aranges
                0x0000000000000000       0x20 main.o
 .debug_aranges
                0x0000000000000020       0x20 startup.o
 .debug_aranges
                0x0000000000000040       0x20 BOARD/board.o
 .debug_aranges
                0x0000000000000060       0x20 BOARD/clock_config.o
 .debug_aranges
                0x0000000000000080       0x20 BOARD/pin_mux.o
 .debug_aranges
                0x00000000000000a0       0x20 CMSIS/system_MKL46Z4.o
 .debug_aranges
                0x00000000000000c0       0x20 drivers/fsl_clock.o
 .debug_aranges
                0x00000000000000e0       0x20 drivers/fsl_ftfx_cache.o
 .debug_aranges
                0x0000000000000100       0x20 drivers/fsl_lpsci.o
 .debug_aranges
                0x0000000000000120       0x20 drivers/fsl_smc.o
 .debug_aranges
                0x0000000000000140       0x20 drivers/fsl_uart.o
 .debug_aranges
                0x0000000000000160       0x20 utilities/fsl_assert.o
 .debug_aranges
                0x0000000000000180       0x20 utilities/fsl_debug_console.o
 .debug_aranges
                0x00000000000001a0       0x20 utilities/fsl_io.o
 .debug_aranges
                0x00000000000001c0       0x20 utilities/fsl_log.o
 .debug_aranges
                0x00000000000001e0       0x20 utilities/fsl_str.o
 .debug_aranges
                0x0000000000000200       0x20 /usr/lib/gcc/arm-none-eabi/10.3.1/thumb/v6-m/nofp/libgcc.a(_udivsi3.o)
 .debug_aranges
                0x0000000000000220       0x20 /usr/lib/gcc/arm-none-eabi/10.3.1/thumb/v6-m/nofp/libgcc.a(_divsi3.o)
 .debug_aranges
                0x0000000000000240       0x20 /usr/lib/gcc/arm-none-eabi/10.3.1/thumb/v6-m/nofp/libgcc.a(_dvmd_tls.o)
 .debug_aranges
                0x0000000000000260       0x20 /usr/lib/gcc/arm-none-eabi/10.3.1/../../../arm-none-eabi/lib/thumb/v6-m/nofp/libg_nano.a(lib_a-memcpy-stub.o)
 .debug_aranges
                0x0000000000000280       0x20 /usr/lib/gcc/arm-none-eabi/10.3.1/../../../arm-none-eabi/lib/thumb/v6-m/nofp/libg_nano.a(lib_a-memset.o)
 .debug_aranges
                0x00000000000002a0       0x20 /usr/lib/gcc/arm-none-eabi/10.3.1/../../../arm-none-eabi/lib/thumb/v6-m/nofp/libg_nano.a(lib_a-strlen-stub.o)

.debug_macro    0x0000000000000000     0xdebf
 .debug_macro   0x0000000000000000      0x200 main.o
 .debug_macro   0x0000000000000200      0xa42 main.o
 .debug_macro   0x0000000000000c42       0x10 main.o
 .debug_macro   0x0000000000000c52       0x3f main.o
 .debug_macro   0x0000000000000c91      0x34e main.o
 .debug_macro   0x0000000000000fdf       0x1c main.o
 .debug_macro   0x0000000000000ffb       0x22 main.o
 .debug_macro   0x000000000000101d       0xaf main.o
 .debug_macro   0x00000000000010cc      0x37c main.o
 .debug_macro   0x0000000000001448       0x38 main.o
 .debug_macro   0x0000000000001480     0x87f8 main.o
 .debug_macro   0x0000000000009c78     0x121a main.o
 .debug_macro   0x000000000000ae92       0x22 main.o
 .debug_macro   0x000000000000aeb4       0x52 main.o
 .debug_macro   0x000000000000af06       0x18 main.o
 .debug_macro   0x000000000000af1e       0x94 main.o
 .debug_macro   0x000000000000afb2       0x35 main.o
 .debug_macro   0x000000000000afe7       0x34 main.o
 .debug_macro   0x000000000000b01b       0x1c main.o
 .debug_macro   0x000000000000b037       0x22 main.o
 .debug_macro   0x000000000000b059      0x174 main.o
 .debug_macro   0x000000000000b1cd       0x16 main.o
 .debug_macro   0x000000000000b1e3       0x43 main.o
 .debug_macro   0x000000000000b226       0x57 main.o
 .debug_macro   0x000000000000b27d       0x34 main.o
 .debug_macro   0x000000000000b2b1       0x10 main.o
 .debug_macro   0x000000000000b2c1       0x52 main.o
 .debug_macro   0x000000000000b313      0x182 main.o
 .debug_macro   0x000000000000b495      0x333 main.o
 .debug_macro   0x000000000000b7c8       0x10 main.o
 .debug_macro   0x000000000000b7d8       0x35 main.o
 .debug_macro   0x000000000000b80d       0x16 main.o
 .debug_macro   0x000000000000b823       0x16 main.o
 .debug_macro   0x000000000000b839       0x29 main.o
 .debug_macro   0x000000000000b862       0x52 main.o
 .debug_macro   0x000000000000b8b4      0x10a main.o
 .debug_macro   0x000000000000b9be       0x74 main.o
 .debug_macro   0x000000000000ba32       0x28 main.o
 .debug_macro   0x000000000000ba5a       0x1c main.o
 .debug_macro   0x000000000000ba76       0x10 main.o
 .debug_macro   0x000000000000ba86      0x15b main.o
 .debug_macro   0x000000000000bbe1       0x6a main.o
 .debug_macro   0x000000000000bc4b       0x17 startup.o
 .debug_macro   0x000000000000bc62      0x1f6 BOARD/board.o
 .debug_macro   0x000000000000be58       0x16 BOARD/board.o
 .debug_macro   0x000000000000be6e       0x2e BOARD/board.o
 .debug_macro   0x000000000000be9c      0x20a BOARD/clock_config.o
 .debug_macro   0x000000000000c0a6       0x16 BOARD/clock_config.o
 .debug_macro   0x000000000000c0bc      0x1d5 BOARD/pin_mux.o
 .debug_macro   0x000000000000c291       0x75 CMSIS/system_MKL46Z4.o
 .debug_macro   0x000000000000c306      0x289 drivers/fsl_clock.o
 .debug_macro   0x000000000000c58f      0x22d drivers/fsl_ftfx_cache.o
 .debug_macro   0x000000000000c7bc      0x26a drivers/fsl_ftfx_cache.o
 .debug_macro   0x000000000000ca26       0x2e drivers/fsl_ftfx_cache.o
 .debug_macro   0x000000000000ca54       0x7c drivers/fsl_ftfx_cache.o
 .debug_macro   0x000000000000cad0       0x16 drivers/fsl_ftfx_cache.o
 .debug_macro   0x000000000000cae6      0x1d9 drivers/fsl_lpsci.o
 .debug_macro   0x000000000000ccbf      0x226 drivers/fsl_smc.o
 .debug_macro   0x000000000000cee5       0x1c drivers/fsl_smc.o
 .debug_macro   0x000000000000cf01      0x1df drivers/fsl_uart.o
 .debug_macro   0x000000000000d0e0      0x1cc utilities/fsl_assert.o
 .debug_macro   0x000000000000d2ac      0x1f2 utilities/fsl_debug_console.o
 .debug_macro   0x000000000000d49e       0x58 utilities/fsl_debug_console.o
 .debug_macro   0x000000000000d4f6      0x10e utilities/fsl_debug_console.o
 .debug_macro   0x000000000000d604       0x8d utilities/fsl_debug_console.o
 .debug_macro   0x000000000000d691       0x16 utilities/fsl_debug_console.o
 .debug_macro   0x000000000000d6a7       0x57 utilities/fsl_debug_console.o
 .debug_macro   0x000000000000d6fe      0x1f4 utilities/fsl_io.o
 .debug_macro   0x000000000000d8f2       0x10 utilities/fsl_io.o
 .debug_macro   0x000000000000d902       0x10 utilities/fsl_io.o
 .debug_macro   0x000000000000d912      0x218 utilities/fsl_log.o
 .debug_macro   0x000000000000db2a      0x1ec utilities/fsl_str.o
 .debug_macro   0x000000000000dd16      0x1a9 utilities/fsl_str.o

.debug_line     0x0000000000000000     0x5eb7
 .debug_line    0x0000000000000000      0x4ee main.o
 .debug_line    0x00000000000004ee       0x7c startup.o
 .debug_line    0x000000000000056a      0x326 BOARD/board.o
 .debug_line    0x0000000000000890      0x33f BOARD/clock_config.o
 .debug_line    0x0000000000000bcf      0x309 BOARD/pin_mux.o
 .debug_line    0x0000000000000ed8      0x247 CMSIS/system_MKL46Z4.o
 .debug_line    0x000000000000111f      0xef4 drivers/fsl_clock.o
 .debug_line    0x0000000000002013      0x3b6 drivers/fsl_ftfx_cache.o
 .debug_line    0x00000000000023c9      0xb7c drivers/fsl_lpsci.o
 .debug_line    0x0000000000002f45      0x5a3 drivers/fsl_smc.o
 .debug_line    0x00000000000034e8      0xb52 drivers/fsl_uart.o
 .debug_line    0x000000000000403a      0x2ca utilities/fsl_assert.o
 .debug_line    0x0000000000004304      0x3f7 utilities/fsl_debug_console.o
 .debug_line    0x00000000000046fb      0x472 utilities/fsl_io.o
 .debug_line    0x0000000000004b6d      0x3d0 utilities/fsl_log.o
 .debug_line    0x0000000000004f3d      0x946 utilities/fsl_str.o
 .debug_line    0x0000000000005883       0x6c /usr/lib/gcc/arm-none-eabi/10.3.1/thumb/v6-m/nofp/libgcc.a(_udivsi3.o)
 .debug_line    0x00000000000058ef       0x73 /usr/lib/gcc/arm-none-eabi/10.3.1/thumb/v6-m/nofp/libgcc.a(_divsi3.o)
 .debug_line    0x0000000000005962       0x60 /usr/lib/gcc/arm-none-eabi/10.3.1/thumb/v6-m/nofp/libgcc.a(_dvmd_tls.o)
 .debug_line    0x00000000000059c2      0x1b5 /usr/lib/gcc/arm-none-eabi/10.3.1/../../../arm-none-eabi/lib/thumb/v6-m/nofp/libg_nano.a(lib_a-memcpy-stub.o)
 .debug_line    0x0000000000005b77      0x1ce /usr/lib/gcc/arm-none-eabi/10.3.1/../../../arm-none-eabi/lib/thumb/v6-m/nofp/libg_nano.a(lib_a-memset.o)
 .debug_line    0x0000000000005d45      0x172 /usr/lib/gcc/arm-none-eabi/10.3.1/../../../arm-none-eabi/lib/thumb/v6-m/nofp/libg_nano.a(lib_a-strlen-stub.o)

.debug_str      0x0000000000000000    0x53dfa
 .debug_str     0x0000000000000000    0x4d5aa main.o
                                      0x4d96d (size before relaxing)
 .debug_str     0x000000000004d5aa       0x9d startup.o
                                       0x2c41 (size before relaxing)
 .debug_str     0x000000000004d647       0xbb BOARD/board.o
                                      0x4ce95 (size before relaxing)
 .debug_str     0x000000000004d702      0x6fb BOARD/clock_config.o
                                      0x4d127 (size before relaxing)
 .debug_str     0x000000000004ddfd      0x2e1 BOARD/pin_mux.o
                                      0x4c9b5 (size before relaxing)
 .debug_str     0x000000000004e0de       0x64 CMSIS/system_MKL46Z4.o
                                      0x489dc (size before relaxing)
 .debug_str     0x000000000004e142     0x139c drivers/fsl_clock.o
                                      0x4e2a0 (size before relaxing)
 .debug_str     0x000000000004f4de     0x1ca5 drivers/fsl_ftfx_cache.o
                                      0x4e59d (size before relaxing)
 .debug_str     0x0000000000051183      0xb64 drivers/fsl_lpsci.o
                                      0x4d8c9 (size before relaxing)
 .debug_str     0x0000000000051ce7      0x3f2 drivers/fsl_smc.o
                                      0x4e42c (size before relaxing)
 .debug_str     0x00000000000520d9      0x9e6 drivers/fsl_uart.o
                                      0x4d8e6 (size before relaxing)
 .debug_str     0x0000000000052abf       0x35 utilities/fsl_assert.o
                                      0x4c3fa (size before relaxing)
 .debug_str     0x0000000000052af4      0x3b9 utilities/fsl_debug_console.o
                                      0x4c8d1 (size before relaxing)
 .debug_str     0x0000000000052ead       0xe4 utilities/fsl_io.o
                                      0x4d16a (size before relaxing)
 .debug_str     0x0000000000052f91      0x1d5 utilities/fsl_log.o
                                      0x4c7d1 (size before relaxing)
 .debug_str     0x0000000000053166      0x9b8 utilities/fsl_str.o
                                      0x4d027 (size before relaxing)
 .debug_str     0x0000000000053b1e       0xa6 /usr/lib/gcc/arm-none-eabi/10.3.1/thumb/v6-m/nofp/libgcc.a(_udivsi3.o)
 .debug_str     0x0000000000053bc4       0xa6 /usr/lib/gcc/arm-none-eabi/10.3.1/thumb/v6-m/nofp/libgcc.a(_divsi3.o)
 .debug_str     0x0000000000053bc4       0xa6 /usr/lib/gcc/arm-none-eabi/10.3.1/thumb/v6-m/nofp/libgcc.a(_dvmd_tls.o)
 .debug_str     0x0000000000053bc4      0x142 /usr/lib/gcc/arm-none-eabi/10.3.1/../../../arm-none-eabi/lib/thumb/v6-m/nofp/libg_nano.a(lib_a-memcpy-stub.o)
                                        0x1de (size before relaxing)
 .debug_str     0x0000000000053d06       0xa6 /usr/lib/gcc/arm-none-eabi/10.3.1/../../../arm-none-eabi/lib/thumb/v6-m/nofp/libg_nano.a(lib_a-memset.o)
                                        0x1b9 (size before relaxing)
 .debug_str     0x0000000000053dac       0x4e /usr/lib/gcc/arm-none-eabi/10.3.1/../../../arm-none-eabi/lib/thumb/v6-m/nofp/libg_nano.a(lib_a-strlen-stub.o)
                                        0x1ca (size before relaxing)

.debug_frame    0x0000000000000000     0x1ba0
 .debug_frame   0x0000000000000000      0x26c main.o
 .debug_frame   0x000000000000026c       0x4c startup.o
 .debug_frame   0x00000000000002b8       0x50 BOARD/board.o
 .debug_frame   0x0000000000000308       0xe4 BOARD/clock_config.o
 .debug_frame   0x00000000000003ec       0x6c BOARD/pin_mux.o
 .debug_frame   0x0000000000000458       0x68 CMSIS/system_MKL46Z4.o
 .debug_frame   0x00000000000004c0      0x6e0 drivers/fsl_clock.o
 .debug_frame   0x0000000000000ba0       0xd0 drivers/fsl_ftfx_cache.o
 .debug_frame   0x0000000000000c70      0x414 drivers/fsl_lpsci.o
 .debug_frame   0x0000000000001084      0x1c8 drivers/fsl_smc.o
 .debug_frame   0x000000000000124c      0x464 drivers/fsl_uart.o
 .debug_frame   0x00000000000016b0       0x30 utilities/fsl_assert.o
 .debug_frame   0x00000000000016e0      0x150 utilities/fsl_debug_console.o
 .debug_frame   0x0000000000001830      0x108 utilities/fsl_io.o
 .debug_frame   0x0000000000001938      0x108 utilities/fsl_log.o
 .debug_frame   0x0000000000001a40       0x94 utilities/fsl_str.o
 .debug_frame   0x0000000000001ad4       0x20 /usr/lib/gcc/arm-none-eabi/10.3.1/thumb/v6-m/nofp/libgcc.a(_udivsi3.o)
 .debug_frame   0x0000000000001af4       0x20 /usr/lib/gcc/arm-none-eabi/10.3.1/thumb/v6-m/nofp/libgcc.a(_divsi3.o)
 .debug_frame   0x0000000000001b14       0x34 /usr/lib/gcc/arm-none-eabi/10.3.1/../../../arm-none-eabi/lib/thumb/v6-m/nofp/libg_nano.a(lib_a-memcpy-stub.o)
 .debug_frame   0x0000000000001b48       0x30 /usr/lib/gcc/arm-none-eabi/10.3.1/../../../arm-none-eabi/lib/thumb/v6-m/nofp/libg_nano.a(lib_a-memset.o)
 .debug_frame   0x0000000000001b78       0x28 /usr/lib/gcc/arm-none-eabi/10.3.1/../../../arm-none-eabi/lib/thumb/v6-m/nofp/libg_nano.a(lib_a-strlen-stub.o)

.debug_loc      0x0000000000000000      0x78a
 .debug_loc     0x0000000000000000      0x457 /usr/lib/gcc/arm-none-eabi/10.3.1/../../../arm-none-eabi/lib/thumb/v6-m/nofp/libg_nano.a(lib_a-memcpy-stub.o)
 .debug_loc     0x0000000000000457      0x2a3 /usr/lib/gcc/arm-none-eabi/10.3.1/../../../arm-none-eabi/lib/thumb/v6-m/nofp/libg_nano.a(lib_a-memset.o)
 .debug_loc     0x00000000000006fa       0x90 /usr/lib/gcc/arm-none-eabi/10.3.1/../../../arm-none-eabi/lib/thumb/v6-m/nofp/libg_nano.a(lib_a-strlen-stub.o)
