Archive member included to satisfy reference by file (symbol)

/usr/lib/gcc/arm-none-eabi/10.3.1/../../../arm-none-eabi/lib/libc_nano.a(lib_a-atexit.o)
                              /usr/lib/gcc/arm-none-eabi/10.3.1/../../../arm-none-eabi/lib/crt0.o (atexit)
/usr/lib/gcc/arm-none-eabi/10.3.1/../../../arm-none-eabi/lib/libc_nano.a(lib_a-exit.o)
                              /usr/lib/gcc/arm-none-eabi/10.3.1/../../../arm-none-eabi/lib/crt0.o (exit)
/usr/lib/gcc/arm-none-eabi/10.3.1/../../../arm-none-eabi/lib/libc_nano.a(lib_a-fini.o)
                              /usr/lib/gcc/arm-none-eabi/10.3.1/../../../arm-none-eabi/lib/crt0.o (__libc_fini_array)
/usr/lib/gcc/arm-none-eabi/10.3.1/../../../arm-none-eabi/lib/libc_nano.a(lib_a-impure.o)
                              /usr/lib/gcc/arm-none-eabi/10.3.1/../../../arm-none-eabi/lib/libc_nano.a(lib_a-exit.o) (_global_impure_ptr)
/usr/lib/gcc/arm-none-eabi/10.3.1/../../../arm-none-eabi/lib/libc_nano.a(lib_a-init.o)
                              /usr/lib/gcc/arm-none-eabi/10.3.1/../../../arm-none-eabi/lib/crt0.o (__libc_init_array)
/usr/lib/gcc/arm-none-eabi/10.3.1/../../../arm-none-eabi/lib/libc_nano.a(lib_a-memcpy-stub.o)
                              freertos/queue.o (memcpy)
/usr/lib/gcc/arm-none-eabi/10.3.1/../../../arm-none-eabi/lib/libc_nano.a(lib_a-memset.o)
                              /usr/lib/gcc/arm-none-eabi/10.3.1/../../../arm-none-eabi/lib/crt0.o (memset)
/usr/lib/gcc/arm-none-eabi/10.3.1/../../../arm-none-eabi/lib/libc_nano.a(lib_a-__atexit.o)
                              /usr/lib/gcc/arm-none-eabi/10.3.1/../../../arm-none-eabi/lib/libc_nano.a(lib_a-atexit.o) (__register_exitproc)
/usr/lib/gcc/arm-none-eabi/10.3.1/../../../arm-none-eabi/lib/libc_nano.a(lib_a-__call_atexit.o)
                              /usr/lib/gcc/arm-none-eabi/10.3.1/../../../arm-none-eabi/lib/libc_nano.a(lib_a-__atexit.o) (__call_exitprocs)

Discarded input sections

 .text          0x0000000000000000        0x0 /usr/lib/gcc/arm-none-eabi/10.3.1/crti.o
 .data          0x0000000000000000        0x0 /usr/lib/gcc/arm-none-eabi/10.3.1/crti.o
 .bss           0x0000000000000000        0x0 /usr/lib/gcc/arm-none-eabi/10.3.1/crti.o
 .text          0x0000000000000000       0xdc /usr/lib/gcc/arm-none-eabi/10.3.1/crtbegin.o
 .data          0x0000000000000000        0x4 /usr/lib/gcc/arm-none-eabi/10.3.1/crtbegin.o
 .bss           0x0000000000000000       0x1c /usr/lib/gcc/arm-none-eabi/10.3.1/crtbegin.o
 .rodata        0x0000000000000000       0x24 /usr/lib/gcc/arm-none-eabi/10.3.1/crtbegin.o
 .init_array    0x0000000000000000        0x4 /usr/lib/gcc/arm-none-eabi/10.3.1/crtbegin.o
 .fini_array    0x0000000000000000        0x4 /usr/lib/gcc/arm-none-eabi/10.3.1/crtbegin.o
 .eh_frame      0x0000000000000000        0x0 /usr/lib/gcc/arm-none-eabi/10.3.1/crtbegin.o
 .tm_clone_table
                0x0000000000000000        0x0 /usr/lib/gcc/arm-none-eabi/10.3.1/crtbegin.o
 .comment       0x0000000000000000       0x34 /usr/lib/gcc/arm-none-eabi/10.3.1/crtbegin.o
 .ARM.attributes
                0x0000000000000000       0x2a /usr/lib/gcc/arm-none-eabi/10.3.1/crtbegin.o
 .text          0x0000000000000000      0x128 /usr/lib/gcc/arm-none-eabi/10.3.1/../../../arm-none-eabi/lib/crt0.o
 .data          0x0000000000000000        0x0 /usr/lib/gcc/arm-none-eabi/10.3.1/../../../arm-none-eabi/lib/crt0.o
 .bss           0x0000000000000000        0x0 /usr/lib/gcc/arm-none-eabi/10.3.1/../../../arm-none-eabi/lib/crt0.o
 .ARM.extab     0x0000000000000000        0x0 /usr/lib/gcc/arm-none-eabi/10.3.1/../../../arm-none-eabi/lib/crt0.o
 .ARM.exidx     0x0000000000000000       0x10 /usr/lib/gcc/arm-none-eabi/10.3.1/../../../arm-none-eabi/lib/crt0.o
 .debug_line    0x0000000000000000       0xa3 /usr/lib/gcc/arm-none-eabi/10.3.1/../../../arm-none-eabi/lib/crt0.o
 .debug_info    0x0000000000000000       0x26 /usr/lib/gcc/arm-none-eabi/10.3.1/../../../arm-none-eabi/lib/crt0.o
 .debug_abbrev  0x0000000000000000       0x14 /usr/lib/gcc/arm-none-eabi/10.3.1/../../../arm-none-eabi/lib/crt0.o
 .debug_aranges
                0x0000000000000000       0x20 /usr/lib/gcc/arm-none-eabi/10.3.1/../../../arm-none-eabi/lib/crt0.o
 .debug_str     0x0000000000000000       0x7b /usr/lib/gcc/arm-none-eabi/10.3.1/../../../arm-none-eabi/lib/crt0.o
 .ARM.attributes
                0x0000000000000000       0x1a /usr/lib/gcc/arm-none-eabi/10.3.1/../../../arm-none-eabi/lib/crt0.o
 .data          0x0000000000000000        0x0 main.o
 .bss           0x0000000000000000        0x0 main.o
 .data          0x0000000000000000        0x0 startup.o
 .bss           0x0000000000000000        0x0 startup.o
 .data          0x0000000000000000        0x0 freertos/list.o
 .bss           0x0000000000000000        0x0 freertos/list.o
 .text          0x0000000000000000      0xbcc freertos/queue.o
 .data          0x0000000000000000        0x0 freertos/queue.o
 .bss           0x0000000000000000       0x40 freertos/queue.o
 .debug_info    0x0000000000000000      0xb87 freertos/queue.o
 .debug_abbrev  0x0000000000000000      0x1cb freertos/queue.o
 .debug_aranges
                0x0000000000000000       0x20 freertos/queue.o
 .debug_line    0x0000000000000000      0x868 freertos/queue.o
 .debug_str     0x0000000000000000      0x673 freertos/queue.o
 .comment       0x0000000000000000       0x34 freertos/queue.o
 .debug_frame   0x0000000000000000      0x310 freertos/queue.o
 .ARM.attributes
                0x0000000000000000       0x2c freertos/queue.o
 .data          0x0000000000000000        0x0 freertos/tasks.o
 .rodata        0x0000000000000000        0x2 freertos/portable/MemMang/heap_2.o
 .bss           0x0000000000000000        0x0 freertos/portable/GCC/ARM_CM0/port.o
 .text          0x0000000000000000       0x20 /usr/lib/gcc/arm-none-eabi/10.3.1/../../../arm-none-eabi/lib/libc_nano.a(lib_a-atexit.o)
 .data          0x0000000000000000        0x0 /usr/lib/gcc/arm-none-eabi/10.3.1/../../../arm-none-eabi/lib/libc_nano.a(lib_a-atexit.o)
 .bss           0x0000000000000000        0x0 /usr/lib/gcc/arm-none-eabi/10.3.1/../../../arm-none-eabi/lib/libc_nano.a(lib_a-atexit.o)
 .debug_info    0x0000000000000000      0x100 /usr/lib/gcc/arm-none-eabi/10.3.1/../../../arm-none-eabi/lib/libc_nano.a(lib_a-atexit.o)
 .debug_abbrev  0x0000000000000000       0xb4 /usr/lib/gcc/arm-none-eabi/10.3.1/../../../arm-none-eabi/lib/libc_nano.a(lib_a-atexit.o)
 .debug_loc     0x0000000000000000       0x32 /usr/lib/gcc/arm-none-eabi/10.3.1/../../../arm-none-eabi/lib/libc_nano.a(lib_a-atexit.o)
 .debug_aranges
                0x0000000000000000       0x20 /usr/lib/gcc/arm-none-eabi/10.3.1/../../../arm-none-eabi/lib/libc_nano.a(lib_a-atexit.o)
 .debug_line    0x0000000000000000       0xbc /usr/lib/gcc/arm-none-eabi/10.3.1/../../../arm-none-eabi/lib/libc_nano.a(lib_a-atexit.o)
 .debug_str     0x0000000000000000      0x1c3 /usr/lib/gcc/arm-none-eabi/10.3.1/../../../arm-none-eabi/lib/libc_nano.a(lib_a-atexit.o)
 .comment       0x0000000000000000       0x34 /usr/lib/gcc/arm-none-eabi/10.3.1/../../../arm-none-eabi/lib/libc_nano.a(lib_a-atexit.o)
 .debug_frame   0x0000000000000000       0x2c /usr/lib/gcc/arm-none-eabi/10.3.1/../../../arm-none-eabi/lib/libc_nano.a(lib_a-atexit.o)
 .ARM.attributes
                0x0000000000000000       0x2a /usr/lib/gcc/arm-none-eabi/10.3.1/../../../arm-none-eabi/lib/libc_nano.a(lib_a-atexit.o)
 .text          0x0000000000000000       0x40 /usr/lib/gcc/arm-none-eabi/10.3.1/../../../arm-none-eabi/lib/libc_nano.a(lib_a-exit.o)
 .data          0x0000000000000000        0x0 /usr/lib/gcc/arm-none-eabi/10.3.1/../../../arm-none-eabi/lib/libc_nano.a(lib_a-exit.o)
 .bss           0x0000000000000000        0x0 /usr/lib/gcc/arm-none-eabi/10.3.1/../../../arm-none-eabi/lib/libc_nano.a(lib_a-exit.o)
 .debug_info    0x0000000000000000      0x81a /usr/lib/gcc/arm-none-eabi/10.3.1/../../../arm-none-eabi/lib/libc_nano.a(lib_a-exit.o)
 .debug_abbrev  0x0000000000000000      0x1ba /usr/lib/gcc/arm-none-eabi/10.3.1/../../../arm-none-eabi/lib/libc_nano.a(lib_a-exit.o)
 .debug_loc     0x0000000000000000       0x22 /usr/lib/gcc/arm-none-eabi/10.3.1/../../../arm-none-eabi/lib/libc_nano.a(lib_a-exit.o)
 .debug_aranges
                0x0000000000000000       0x20 /usr/lib/gcc/arm-none-eabi/10.3.1/../../../arm-none-eabi/lib/libc_nano.a(lib_a-exit.o)
 .debug_line    0x0000000000000000      0x162 /usr/lib/gcc/arm-none-eabi/10.3.1/../../../arm-none-eabi/lib/libc_nano.a(lib_a-exit.o)
 .debug_str     0x0000000000000000      0x502 /usr/lib/gcc/arm-none-eabi/10.3.1/../../../arm-none-eabi/lib/libc_nano.a(lib_a-exit.o)
 .comment       0x0000000000000000       0x34 /usr/lib/gcc/arm-none-eabi/10.3.1/../../../arm-none-eabi/lib/libc_nano.a(lib_a-exit.o)
 .debug_frame   0x0000000000000000       0x28 /usr/lib/gcc/arm-none-eabi/10.3.1/../../../arm-none-eabi/lib/libc_nano.a(lib_a-exit.o)
 .ARM.attributes
                0x0000000000000000       0x2a /usr/lib/gcc/arm-none-eabi/10.3.1/../../../arm-none-eabi/lib/libc_nano.a(lib_a-exit.o)
 .text          0x0000000000000000       0x44 /usr/lib/gcc/arm-none-eabi/10.3.1/../../../arm-none-eabi/lib/libc_nano.a(lib_a-fini.o)
 .data          0x0000000000000000        0x0 /usr/lib/gcc/arm-none-eabi/10.3.1/../../../arm-none-eabi/lib/libc_nano.a(lib_a-fini.o)
 .bss           0x0000000000000000        0x0 /usr/lib/gcc/arm-none-eabi/10.3.1/../../../arm-none-eabi/lib/libc_nano.a(lib_a-fini.o)
 .debug_info    0x0000000000000000      0x102 /usr/lib/gcc/arm-none-eabi/10.3.1/../../../arm-none-eabi/lib/libc_nano.a(lib_a-fini.o)
 .debug_abbrev  0x0000000000000000       0xcc /usr/lib/gcc/arm-none-eabi/10.3.1/../../../arm-none-eabi/lib/libc_nano.a(lib_a-fini.o)
 .debug_loc     0x0000000000000000       0x68 /usr/lib/gcc/arm-none-eabi/10.3.1/../../../arm-none-eabi/lib/libc_nano.a(lib_a-fini.o)
 .debug_aranges
                0x0000000000000000       0x20 /usr/lib/gcc/arm-none-eabi/10.3.1/../../../arm-none-eabi/lib/libc_nano.a(lib_a-fini.o)
 .debug_line    0x0000000000000000       0xdb /usr/lib/gcc/arm-none-eabi/10.3.1/../../../arm-none-eabi/lib/libc_nano.a(lib_a-fini.o)
 .debug_str     0x0000000000000000      0x1bb /usr/lib/gcc/arm-none-eabi/10.3.1/../../../arm-none-eabi/lib/libc_nano.a(lib_a-fini.o)
 .comment       0x0000000000000000       0x34 /usr/lib/gcc/arm-none-eabi/10.3.1/../../../arm-none-eabi/lib/libc_nano.a(lib_a-fini.o)
 .debug_frame   0x0000000000000000       0x34 /usr/lib/gcc/arm-none-eabi/10.3.1/../../../arm-none-eabi/lib/libc_nano.a(lib_a-fini.o)
 .ARM.attributes
                0x0000000000000000       0x2a /usr/lib/gcc/arm-none-eabi/10.3.1/../../../arm-none-eabi/lib/libc_nano.a(lib_a-fini.o)
 .text          0x0000000000000000        0x0 /usr/lib/gcc/arm-none-eabi/10.3.1/../../../arm-none-eabi/lib/libc_nano.a(lib_a-impure.o)
 .data          0x0000000000000000       0x64 /usr/lib/gcc/arm-none-eabi/10.3.1/../../../arm-none-eabi/lib/libc_nano.a(lib_a-impure.o)
 .bss           0x0000000000000000        0x0 /usr/lib/gcc/arm-none-eabi/10.3.1/../../../arm-none-eabi/lib/libc_nano.a(lib_a-impure.o)
 .rodata        0x0000000000000000        0x4 /usr/lib/gcc/arm-none-eabi/10.3.1/../../../arm-none-eabi/lib/libc_nano.a(lib_a-impure.o)
 .debug_info    0x0000000000000000      0x863 /usr/lib/gcc/arm-none-eabi/10.3.1/../../../arm-none-eabi/lib/libc_nano.a(lib_a-impure.o)
 .debug_abbrev  0x0000000000000000      0x151 /usr/lib/gcc/arm-none-eabi/10.3.1/../../../arm-none-eabi/lib/libc_nano.a(lib_a-impure.o)
 .debug_aranges
                0x0000000000000000       0x18 /usr/lib/gcc/arm-none-eabi/10.3.1/../../../arm-none-eabi/lib/libc_nano.a(lib_a-impure.o)
 .debug_line    0x0000000000000000       0xdb /usr/lib/gcc/arm-none-eabi/10.3.1/../../../arm-none-eabi/lib/libc_nano.a(lib_a-impure.o)
 .debug_str     0x0000000000000000      0x538 /usr/lib/gcc/arm-none-eabi/10.3.1/../../../arm-none-eabi/lib/libc_nano.a(lib_a-impure.o)
 .comment       0x0000000000000000       0x34 /usr/lib/gcc/arm-none-eabi/10.3.1/../../../arm-none-eabi/lib/libc_nano.a(lib_a-impure.o)
 .ARM.attributes
                0x0000000000000000       0x30 /usr/lib/gcc/arm-none-eabi/10.3.1/../../../arm-none-eabi/lib/libc_nano.a(lib_a-impure.o)
 .text          0x0000000000000000       0x88 /usr/lib/gcc/arm-none-eabi/10.3.1/../../../arm-none-eabi/lib/libc_nano.a(lib_a-init.o)
 .data          0x0000000000000000        0x0 /usr/lib/gcc/arm-none-eabi/10.3.1/../../../arm-none-eabi/lib/libc_nano.a(lib_a-init.o)
 .bss           0x0000000000000000        0x0 /usr/lib/gcc/arm-none-eabi/10.3.1/../../../arm-none-eabi/lib/libc_nano.a(lib_a-init.o)
 .debug_info    0x0000000000000000      0x11a /usr/lib/gcc/arm-none-eabi/10.3.1/../../../arm-none-eabi/lib/libc_nano.a(lib_a-init.o)
 .debug_abbrev  0x0000000000000000       0xcc /usr/lib/gcc/arm-none-eabi/10.3.1/../../../arm-none-eabi/lib/libc_nano.a(lib_a-init.o)
 .debug_loc     0x0000000000000000       0xba /usr/lib/gcc/arm-none-eabi/10.3.1/../../../arm-none-eabi/lib/libc_nano.a(lib_a-init.o)
 .debug_aranges
                0x0000000000000000       0x20 /usr/lib/gcc/arm-none-eabi/10.3.1/../../../arm-none-eabi/lib/libc_nano.a(lib_a-init.o)
 .debug_line    0x0000000000000000      0x121 /usr/lib/gcc/arm-none-eabi/10.3.1/../../../arm-none-eabi/lib/libc_nano.a(lib_a-init.o)
 .debug_str     0x0000000000000000      0x1e5 /usr/lib/gcc/arm-none-eabi/10.3.1/../../../arm-none-eabi/lib/libc_nano.a(lib_a-init.o)
 .comment       0x0000000000000000       0x34 /usr/lib/gcc/arm-none-eabi/10.3.1/../../../arm-none-eabi/lib/libc_nano.a(lib_a-init.o)
 .debug_frame   0x0000000000000000       0x34 /usr/lib/gcc/arm-none-eabi/10.3.1/../../../arm-none-eabi/lib/libc_nano.a(lib_a-init.o)
 .ARM.attributes
                0x0000000000000000       0x2a /usr/lib/gcc/arm-none-eabi/10.3.1/../../../arm-none-eabi/lib/libc_nano.a(lib_a-init.o)
 .text          0x0000000000000000      0x120 /usr/lib/gcc/arm-none-eabi/10.3.1/../../../arm-none-eabi/lib/libc_nano.a(lib_a-memcpy-stub.o)
 .data          0x0000000000000000        0x0 /usr/lib/gcc/arm-none-eabi/10.3.1/../../../arm-none-eabi/lib/libc_nano.a(lib_a-memcpy-stub.o)
 .bss           0x0000000000000000        0x0 /usr/lib/gcc/arm-none-eabi/10.3.1/../../../arm-none-eabi/lib/libc_nano.a(lib_a-memcpy-stub.o)
 .debug_info    0x0000000000000000      0x15c /usr/lib/gcc/arm-none-eabi/10.3.1/../../../arm-none-eabi/lib/libc_nano.a(lib_a-memcpy-stub.o)
 .debug_abbrev  0x0000000000000000       0xc7 /usr/lib/gcc/arm-none-eabi/10.3.1/../../../arm-none-eabi/lib/libc_nano.a(lib_a-memcpy-stub.o)
 .debug_loc     0x0000000000000000      0x221 /usr/lib/gcc/arm-none-eabi/10.3.1/../../../arm-none-eabi/lib/libc_nano.a(lib_a-memcpy-stub.o)
 .debug_aranges
                0x0000000000000000       0x20 /usr/lib/gcc/arm-none-eabi/10.3.1/../../../arm-none-eabi/lib/libc_nano.a(lib_a-memcpy-stub.o)
 .debug_line    0x0000000000000000      0x1ba /usr/lib/gcc/arm-none-eabi/10.3.1/../../../arm-none-eabi/lib/libc_nano.a(lib_a-memcpy-stub.o)
 .debug_str     0x0000000000000000      0x1bf /usr/lib/gcc/arm-none-eabi/10.3.1/../../../arm-none-eabi/lib/libc_nano.a(lib_a-memcpy-stub.o)
 .comment       0x0000000000000000       0x34 /usr/lib/gcc/arm-none-eabi/10.3.1/../../../arm-none-eabi/lib/libc_nano.a(lib_a-memcpy-stub.o)
 .debug_frame   0x0000000000000000       0x38 /usr/lib/gcc/arm-none-eabi/10.3.1/../../../arm-none-eabi/lib/libc_nano.a(lib_a-memcpy-stub.o)
 .ARM.attributes
                0x0000000000000000       0x2a /usr/lib/gcc/arm-none-eabi/10.3.1/../../../arm-none-eabi/lib/libc_nano.a(lib_a-memcpy-stub.o)
 .text          0x0000000000000000      0x11c /usr/lib/gcc/arm-none-eabi/10.3.1/../../../arm-none-eabi/lib/libc_nano.a(lib_a-memset.o)
 .data          0x0000000000000000        0x0 /usr/lib/gcc/arm-none-eabi/10.3.1/../../../arm-none-eabi/lib/libc_nano.a(lib_a-memset.o)
 .bss           0x0000000000000000        0x0 /usr/lib/gcc/arm-none-eabi/10.3.1/../../../arm-none-eabi/lib/libc_nano.a(lib_a-memset.o)
 .debug_info    0x0000000000000000      0x13d /usr/lib/gcc/arm-none-eabi/10.3.1/../../../arm-none-eabi/lib/libc_nano.a(lib_a-memset.o)
 .debug_abbrev  0x0000000000000000       0xb4 /usr/lib/gcc/arm-none-eabi/10.3.1/../../../arm-none-eabi/lib/libc_nano.a(lib_a-memset.o)
 .debug_loc     0x0000000000000000      0x313 /usr/lib/gcc/arm-none-eabi/10.3.1/../../../arm-none-eabi/lib/libc_nano.a(lib_a-memset.o)
 .debug_aranges
                0x0000000000000000       0x20 /usr/lib/gcc/arm-none-eabi/10.3.1/../../../arm-none-eabi/lib/libc_nano.a(lib_a-memset.o)
 .debug_line    0x0000000000000000      0x1d5 /usr/lib/gcc/arm-none-eabi/10.3.1/../../../arm-none-eabi/lib/libc_nano.a(lib_a-memset.o)
 .debug_str     0x0000000000000000      0x19a /usr/lib/gcc/arm-none-eabi/10.3.1/../../../arm-none-eabi/lib/libc_nano.a(lib_a-memset.o)
 .comment       0x0000000000000000       0x34 /usr/lib/gcc/arm-none-eabi/10.3.1/../../../arm-none-eabi/lib/libc_nano.a(lib_a-memset.o)
 .debug_frame   0x0000000000000000       0x48 /usr/lib/gcc/arm-none-eabi/10.3.1/../../../arm-none-eabi/lib/libc_nano.a(lib_a-memset.o)
 .ARM.attributes
                0x0000000000000000       0x2a /usr/lib/gcc/arm-none-eabi/10.3.1/../../../arm-none-eabi/lib/libc_nano.a(lib_a-memset.o)
 .text          0x0000000000000000      0x108 /usr/lib/gcc/arm-none-eabi/10.3.1/../../../arm-none-eabi/lib/libc_nano.a(lib_a-__atexit.o)
 .data          0x0000000000000000        0x4 /usr/lib/gcc/arm-none-eabi/10.3.1/../../../arm-none-eabi/lib/libc_nano.a(lib_a-__atexit.o)
 .bss           0x0000000000000000       0x8c /usr/lib/gcc/arm-none-eabi/10.3.1/../../../arm-none-eabi/lib/libc_nano.a(lib_a-__atexit.o)
 .debug_info    0x0000000000000000      0x269 /usr/lib/gcc/arm-none-eabi/10.3.1/../../../arm-none-eabi/lib/libc_nano.a(lib_a-__atexit.o)
 .debug_abbrev  0x0000000000000000      0x1bd /usr/lib/gcc/arm-none-eabi/10.3.1/../../../arm-none-eabi/lib/libc_nano.a(lib_a-__atexit.o)
 .debug_loc     0x0000000000000000      0x1b3 /usr/lib/gcc/arm-none-eabi/10.3.1/../../../arm-none-eabi/lib/libc_nano.a(lib_a-__atexit.o)
 .debug_aranges
                0x0000000000000000       0x20 /usr/lib/gcc/arm-none-eabi/10.3.1/../../../arm-none-eabi/lib/libc_nano.a(lib_a-__atexit.o)
 .debug_line    0x0000000000000000      0x1ef /usr/lib/gcc/arm-none-eabi/10.3.1/../../../arm-none-eabi/lib/libc_nano.a(lib_a-__atexit.o)
 .debug_str     0x0000000000000000      0x271 /usr/lib/gcc/arm-none-eabi/10.3.1/../../../arm-none-eabi/lib/libc_nano.a(lib_a-__atexit.o)
 .comment       0x0000000000000000       0x34 /usr/lib/gcc/arm-none-eabi/10.3.1/../../../arm-none-eabi/lib/libc_nano.a(lib_a-__atexit.o)
 .debug_frame   0x0000000000000000       0x40 /usr/lib/gcc/arm-none-eabi/10.3.1/../../../arm-none-eabi/lib/libc_nano.a(lib_a-__atexit.o)
 .ARM.attributes
                0x0000000000000000       0x2a /usr/lib/gcc/arm-none-eabi/10.3.1/../../../arm-none-eabi/lib/libc_nano.a(lib_a-__atexit.o)
 .text          0x0000000000000000      0x130 /usr/lib/gcc/arm-none-eabi/10.3.1/../../../arm-none-eabi/lib/libc_nano.a(lib_a-__call_atexit.o)
 .data          0x0000000000000000        0x0 /usr/lib/gcc/arm-none-eabi/10.3.1/../../../arm-none-eabi/lib/libc_nano.a(lib_a-__call_atexit.o)
 .bss           0x0000000000000000        0x4 /usr/lib/gcc/arm-none-eabi/10.3.1/../../../arm-none-eabi/lib/libc_nano.a(lib_a-__call_atexit.o)
 .debug_info    0x0000000000000000      0x249 /usr/lib/gcc/arm-none-eabi/10.3.1/../../../arm-none-eabi/lib/libc_nano.a(lib_a-__call_atexit.o)
 .debug_abbrev  0x0000000000000000      0x179 /usr/lib/gcc/arm-none-eabi/10.3.1/../../../arm-none-eabi/lib/libc_nano.a(lib_a-__call_atexit.o)
 .debug_loc     0x0000000000000000      0x183 /usr/lib/gcc/arm-none-eabi/10.3.1/../../../arm-none-eabi/lib/libc_nano.a(lib_a-__call_atexit.o)
 .debug_aranges
                0x0000000000000000       0x20 /usr/lib/gcc/arm-none-eabi/10.3.1/../../../arm-none-eabi/lib/libc_nano.a(lib_a-__call_atexit.o)
 .debug_ranges  0x0000000000000000       0x28 /usr/lib/gcc/arm-none-eabi/10.3.1/../../../arm-none-eabi/lib/libc_nano.a(lib_a-__call_atexit.o)
 .debug_line    0x0000000000000000      0x1ee /usr/lib/gcc/arm-none-eabi/10.3.1/../../../arm-none-eabi/lib/libc_nano.a(lib_a-__call_atexit.o)
 .debug_str     0x0000000000000000      0x235 /usr/lib/gcc/arm-none-eabi/10.3.1/../../../arm-none-eabi/lib/libc_nano.a(lib_a-__call_atexit.o)
 .comment       0x0000000000000000       0x34 /usr/lib/gcc/arm-none-eabi/10.3.1/../../../arm-none-eabi/lib/libc_nano.a(lib_a-__call_atexit.o)
 .debug_frame   0x0000000000000000       0x4c /usr/lib/gcc/arm-none-eabi/10.3.1/../../../arm-none-eabi/lib/libc_nano.a(lib_a-__call_atexit.o)
 .ARM.attributes
                0x0000000000000000       0x2a /usr/lib/gcc/arm-none-eabi/10.3.1/../../../arm-none-eabi/lib/libc_nano.a(lib_a-__call_atexit.o)
 .text          0x0000000000000000        0x0 /usr/lib/gcc/arm-none-eabi/10.3.1/crtend.o
 .data          0x0000000000000000        0x0 /usr/lib/gcc/arm-none-eabi/10.3.1/crtend.o
 .bss           0x0000000000000000        0x0 /usr/lib/gcc/arm-none-eabi/10.3.1/crtend.o
 .rodata        0x0000000000000000       0x24 /usr/lib/gcc/arm-none-eabi/10.3.1/crtend.o
 .eh_frame      0x0000000000000000        0x4 /usr/lib/gcc/arm-none-eabi/10.3.1/crtend.o
 .tm_clone_table
                0x0000000000000000        0x0 /usr/lib/gcc/arm-none-eabi/10.3.1/crtend.o
 .comment       0x0000000000000000       0x34 /usr/lib/gcc/arm-none-eabi/10.3.1/crtend.o
 .ARM.attributes
                0x0000000000000000       0x30 /usr/lib/gcc/arm-none-eabi/10.3.1/crtend.o
 .text          0x0000000000000000        0x0 /usr/lib/gcc/arm-none-eabi/10.3.1/crtn.o
 .data          0x0000000000000000        0x0 /usr/lib/gcc/arm-none-eabi/10.3.1/crtn.o
 .bss           0x0000000000000000        0x0 /usr/lib/gcc/arm-none-eabi/10.3.1/crtn.o
 .init          0x0000000000000000        0xc /usr/lib/gcc/arm-none-eabi/10.3.1/crtn.o
 .fini          0x0000000000000000        0xc /usr/lib/gcc/arm-none-eabi/10.3.1/crtn.o
 .ARM.attributes
                0x0000000000000000       0x1c /usr/lib/gcc/arm-none-eabi/10.3.1/crtn.o

Memory Configuration

Name             Origin             Length             Attributes
INTERRUPTS       0x0000000000000000 0x0000000000000100 xr
FLASH_CONFIG     0x0000000000000400 0x0000000000000010 xr
TEXT             0x0000000000000410 0x000000000003fbf0 xr
RAM              0x000000001fffe000 0x0000000000008000 xrw
*default*        0x0000000000000000 0xffffffffffffffff

Linker script and memory map

LOAD /usr/lib/gcc/arm-none-eabi/10.3.1/crti.o
LOAD /usr/lib/gcc/arm-none-eabi/10.3.1/crtbegin.o
LOAD /usr/lib/gcc/arm-none-eabi/10.3.1/../../../arm-none-eabi/lib/crt0.o
                0x0000000000000400                STACK_SIZE = DEFINED (__stack_size__)?__stack_size__:0x400

.interrupts     0x0000000000000000       0xc0
 *(.isr_vector .isr_vector.*)
 .isr_vector    0x0000000000000000       0xc0 startup.o
                0x0000000000000000                g_pfnVectors

.flash_config   0x0000000000000400       0x10
                0x0000000000000400                . = ALIGN (0x4)
                0x0000000000000400        0x4 LONG 0xffffffff
                0x0000000000000404        0x4 LONG 0xffffffff
                0x0000000000000408        0x4 LONG 0xffffffff
                0x000000000000040c        0x4 LONG 0xfffffffe

.text           0x0000000000000410     0x1a44
 *(.text .text.* .gnu.linkonce.t.*)
 .text          0x0000000000000410      0x158 main.o
                0x0000000000000410                led_green_init
                0x0000000000000460                led_green_toggle
                0x0000000000000474                led_red_init
                0x00000000000004c8                led_red_toggle
                0x00000000000004e0                taskLedGreen
                0x00000000000004f4                taskLedRed
                0x000000000000050c                main
 .text          0x0000000000000568       0x68 startup.o
                0x0000000000000568                RTCSIntHandler
                0x0000000000000568                FTM1IntHandler
                0x0000000000000568                USBOTGIntHandler
                0x0000000000000568                UART0SEIntHandler
                0x0000000000000568                UART2SEIntHandler
                0x0000000000000568                FTM2IntHandler
                0x0000000000000568                I2C1IntHandler
                0x0000000000000568                PORTDIntHandler
                0x0000000000000568                Default_ResetHandler
                0x0000000000000568                DMA1IntHandler
                0x0000000000000568                DACIntHandler
                0x0000000000000568                ACMPIntHandler
                0x0000000000000568                ResetHandler
                0x0000000000000568                LVDIntHandler
                0x0000000000000568                PORTAIntHandler
                0x0000000000000568                SPI1IntHandler
                0x0000000000000568                FTFAIntHandler
                0x0000000000000568                UART1SEIntHandler
                0x0000000000000568                ADCIntHandler
                0x0000000000000568                DMA0IntHandler
                0x0000000000000568                I2C0IntHandler
                0x0000000000000568                FTM0IntHandler
                0x0000000000000568                LLWUIntHandler
                0x0000000000000568                MCGIntHandler
                0x0000000000000568                RTCAIntHandler
                0x0000000000000568                SPI0IntHandler
                0x0000000000000568                TSIIntHandler
                0x0000000000000568                LPTMRIntHandler
                0x0000000000000568                PITIntHandler
                0x0000000000000568                DMA3IntHandler
                0x0000000000000568                DMA2IntHandler
                0x00000000000005c8                HardFaultIntHandler
                0x00000000000005c8                BusFaultIntHandler
                0x00000000000005c8                NMIIntHandler
                0x00000000000005c8                UsageFaultIntHandler
                0x00000000000005c8                MemManageIntHandler
                0x00000000000005c8                DebugMonIntHandler
 .text          0x00000000000005d0      0x152 freertos/list.o
                0x00000000000005d0                vListInitialise
                0x000000000000060c                vListInitialiseItem
                0x0000000000000622                vListInsertEnd
                0x0000000000000666                vListInsert
                0x00000000000006d2                uxListRemove
 *fill*         0x0000000000000722        0x2 
 .text          0x0000000000000724     0x12cc freertos/tasks.o
                0x0000000000000724                xTaskGenericCreate
                0x0000000000000890                vTaskDelayUntil
                0x0000000000000950                vTaskDelay
                0x00000000000009b8                vTaskStartScheduler
                0x0000000000000a28                vTaskEndScheduler
                0x0000000000000a44                vTaskSuspendAll
                0x0000000000000a5c                xTaskResumeAll
                0x0000000000000b64                xTaskGetTickCount
                0x0000000000000b80                xTaskGetTickCountFromISR
                0x0000000000000ba0                uxTaskGetNumberOfTasks
                0x0000000000000bb4                xTaskIncrementTick
                0x0000000000000d20                vTaskSwitchContext
                0x0000000000000dc0                vTaskPlaceOnEventList
                0x0000000000000e14                vTaskPlaceOnUnorderedEventList
                0x0000000000000e88                xTaskRemoveFromEventList
                0x0000000000000f40                xTaskRemoveFromUnorderedEventList
                0x0000000000000ff0                vTaskSetTimeOutState
                0x0000000000001024                xTaskCheckForTimeOut
                0x00000000000010b4                vTaskMissedYield
                0x0000000000001320                xTaskGetCurrentTaskHandle
                0x000000000000133c                vTaskPriorityInherit
                0x00000000000013f8                xTaskPriorityDisinherit
                0x00000000000014b0                uxTaskResetEventItemValue
                0x00000000000014dc                pvTaskIncrementMutexHeldCount
                0x0000000000001500                ulTaskNotifyTake
                0x000000000000159c                xTaskNotifyWait
                0x000000000000165c                xTaskGenericNotify
                0x0000000000001774                xTaskGenericNotifyFromISR
                0x00000000000018bc                vTaskNotifyGiveFromISR
                0x00000000000019a0                xTaskNotifyStateClear
 .text          0x00000000000019f0      0x1fc freertos/portable/MemMang/heap_2.o
                0x00000000000019f0                pvPortMalloc
                0x0000000000001b0c                vPortFree
                0x0000000000001b80                xPortGetFreeHeapSize
                0x0000000000001b94                vPortInitialiseBlocks
 .text          0x0000000000001bec      0x21c freertos/portable/GCC/ARM_CM0/port.o
                0x0000000000001bec                pxPortInitialiseStack
                0x0000000000001c58                vPortSVCHandler
                0x0000000000001c82                xPortStartScheduler
                0x0000000000001cc4                vPortEndScheduler
                0x0000000000001ce4                vPortYield
                0x0000000000001d04                vPortEnterCritical
                0x0000000000001d28                vPortExitCritical
                0x0000000000001d58                ulSetInterruptMaskFromISR
                0x0000000000001d64                vClearInterruptMaskFromISR
                0x0000000000001d6c                xPortPendSVHandler
                0x0000000000001db2                xPortSysTickHandler
 *(.glue_7t)
 .glue_7t       0x0000000000001e08        0x0 linker stubs
 *(.glue_7)
 .glue_7        0x0000000000001e08        0x0 linker stubs
 *(.rodata .rodata* .gnu.linkonce.r.*)
 .rodata        0x0000000000001e08       0x1b main.o
 *fill*         0x0000000000001e23        0x1 
 .rodata        0x0000000000001e24       0x30 freertos/tasks.o

.vfp11_veneer   0x0000000000001e54        0x0
 .vfp11_veneer  0x0000000000001e54        0x0 linker stubs

.v4_bx          0x0000000000001e54        0x0
 .v4_bx         0x0000000000001e54        0x0 linker stubs

.init           0x0000000000001e54        0xc
 .init          0x0000000000001e54        0xc /usr/lib/gcc/arm-none-eabi/10.3.1/crti.o
                0x0000000000001e54                _init

.fini           0x0000000000001e60        0xc
 .fini          0x0000000000001e60        0xc /usr/lib/gcc/arm-none-eabi/10.3.1/crti.o
                0x0000000000001e60                _fini

.iplt           0x0000000000001e6c        0x0
 .iplt          0x0000000000001e6c        0x0 main.o

.rel.dyn        0x0000000000001e6c        0x0
 .rel.iplt      0x0000000000001e6c        0x0 main.o

.ARM.extab
 *(.ARM.extab* .gnu.linkonce.armextab.*)

.ARM.exidx
 *(.ARM.exidx* .gnu.linkonce.armexidx.*)
                0x0000000000001e6c                . = ALIGN (0x4)
                0x0000000000001e6c                _etext = .
                0x0000000000001e6c                _sidata = .

.data           0x000000001fffe000        0x8 load address 0x0000000000001e6c
                0x000000001fffe000                _sdata = .
 *(.data .data.*)
 .data          0x000000001fffe000        0x4 freertos/portable/MemMang/heap_2.o
 .data          0x000000001fffe004        0x4 freertos/portable/GCC/ARM_CM0/port.o
                0x000000001fffe008                . = ALIGN (0x4)
                0x000000001fffe008                _edata = .

.igot.plt       0x000000001fffe008        0x0 load address 0x0000000000001e74
 .igot.plt      0x000000001fffe008        0x0 main.o

.bss            0x000000001fffe008     0x30e8 load address 0x0000000000001e74
                0x000000001fffe008                _sbss = .
 *(.bss .bss.*)
 .bss           0x000000001fffe008       0xd4 freertos/tasks.o
                0x000000001fffe008                pxCurrentTCB
 .bss           0x000000001fffe0dc     0x3014 freertos/portable/MemMang/heap_2.o
 *(COMMON)
                0x00000000200010f0                . = ALIGN (0x4)
                0x00000000200010f0                _ebss = .

.co_stack       0x00000000200010f0      0x400 load address 0x0000000000004f5c
                0x00000000200010f0                . = ALIGN (0x8)
                0x00000000200014f0                . = (. + STACK_SIZE)
 *fill*         0x00000000200010f0      0x400 
                0x00000000200014f0                _start_of_stack = .
                0x00000000200014f0                . = ALIGN (0x4)
                0x00000000200014f0                _end = .
LOAD main.o
LOAD startup.o
LOAD freertos/list.o
LOAD freertos/queue.o
LOAD freertos/tasks.o
LOAD freertos/portable/MemMang/heap_2.o
LOAD freertos/portable/GCC/ARM_CM0/port.o
START GROUP
LOAD /usr/lib/gcc/arm-none-eabi/10.3.1/libgcc.a
LOAD /usr/lib/gcc/arm-none-eabi/10.3.1/../../../arm-none-eabi/lib/libc_nano.a
END GROUP
START GROUP
LOAD /usr/lib/gcc/arm-none-eabi/10.3.1/libgcc.a
LOAD /usr/lib/gcc/arm-none-eabi/10.3.1/../../../arm-none-eabi/lib/libc_nano.a
END GROUP
LOAD /usr/lib/gcc/arm-none-eabi/10.3.1/crtend.o
LOAD /usr/lib/gcc/arm-none-eabi/10.3.1/crtn.o
OUTPUT(main.elf elf32-littlearm)
LOAD linker stubs

.ARM.attributes
                0x0000000000000000       0x2d
 .ARM.attributes
                0x0000000000000000       0x1c /usr/lib/gcc/arm-none-eabi/10.3.1/crti.o
 .ARM.attributes
                0x000000000000001c       0x2c main.o
 .ARM.attributes
                0x0000000000000048       0x2c startup.o
 .ARM.attributes
                0x0000000000000074       0x2c freertos/list.o
 .ARM.attributes
                0x00000000000000a0       0x2c freertos/tasks.o
 .ARM.attributes
                0x00000000000000cc       0x2c freertos/portable/MemMang/heap_2.o
 .ARM.attributes
                0x00000000000000f8       0x2c freertos/portable/GCC/ARM_CM0/port.o

.comment        0x0000000000000000       0x33
 .comment       0x0000000000000000       0x33 main.o
                                         0x34 (size before relaxing)
 .comment       0x0000000000000033       0x34 startup.o
 .comment       0x0000000000000033       0x34 freertos/list.o
 .comment       0x0000000000000033       0x34 freertos/tasks.o
 .comment       0x0000000000000033       0x34 freertos/portable/MemMang/heap_2.o
 .comment       0x0000000000000033       0x34 freertos/portable/GCC/ARM_CM0/port.o

.debug_info     0x0000000000000000     0x1d15
 .debug_info    0x0000000000000000      0x43f main.o
 .debug_info    0x000000000000043f       0xfc startup.o
 .debug_info    0x000000000000053b      0x2b6 freertos/list.o
 .debug_info    0x00000000000007f1      0xff9 freertos/tasks.o
 .debug_info    0x00000000000017ea      0x2d9 freertos/portable/MemMang/heap_2.o
 .debug_info    0x0000000000001ac3      0x252 freertos/portable/GCC/ARM_CM0/port.o

.debug_abbrev   0x0000000000000000      0x82a
 .debug_abbrev  0x0000000000000000      0x144 main.o
 .debug_abbrev  0x0000000000000144       0xb3 startup.o
 .debug_abbrev  0x00000000000001f7       0xe8 freertos/list.o
 .debug_abbrev  0x00000000000002df      0x254 freertos/tasks.o
 .debug_abbrev  0x0000000000000533      0x16a freertos/portable/MemMang/heap_2.o
 .debug_abbrev  0x000000000000069d      0x18d freertos/portable/GCC/ARM_CM0/port.o

.debug_aranges  0x0000000000000000       0xc0
 .debug_aranges
                0x0000000000000000       0x20 main.o
 .debug_aranges
                0x0000000000000020       0x20 startup.o
 .debug_aranges
                0x0000000000000040       0x20 freertos/list.o
 .debug_aranges
                0x0000000000000060       0x20 freertos/tasks.o
 .debug_aranges
                0x0000000000000080       0x20 freertos/portable/MemMang/heap_2.o
 .debug_aranges
                0x00000000000000a0       0x20 freertos/portable/GCC/ARM_CM0/port.o

.debug_line     0x0000000000000000     0x113f
 .debug_line    0x0000000000000000      0x131 main.o
 .debug_line    0x0000000000000131       0x79 startup.o
 .debug_line    0x00000000000001aa      0x187 freertos/list.o
 .debug_line    0x0000000000000331      0xa7e freertos/tasks.o
 .debug_line    0x0000000000000daf      0x1d0 freertos/portable/MemMang/heap_2.o
 .debug_line    0x0000000000000f7f      0x1c0 freertos/portable/GCC/ARM_CM0/port.o

.debug_str      0x0000000000000000      0xf6c
 .debug_str     0x0000000000000000      0x288 main.o
                                        0x2c1 (size before relaxing)
 .debug_str     0x0000000000000288       0x7f startup.o
                                        0x128 (size before relaxing)
 .debug_str     0x0000000000000307      0x139 freertos/list.o
                                        0x277 (size before relaxing)
 .debug_str     0x0000000000000440      0x86d freertos/tasks.o
                                        0xa87 (size before relaxing)
 .debug_str     0x0000000000000cad      0x157 freertos/portable/MemMang/heap_2.o
                                        0x2ad (size before relaxing)
 .debug_str     0x0000000000000e04      0x168 freertos/portable/GCC/ARM_CM0/port.o
                                        0x2e7 (size before relaxing)

.debug_frame    0x0000000000000000      0x88c
 .debug_frame   0x0000000000000000       0xe0 main.o
 .debug_frame   0x00000000000000e0       0x4c startup.o
 .debug_frame   0x000000000000012c       0xb0 freertos/list.o
 .debug_frame   0x00000000000001dc      0x498 freertos/tasks.o
 .debug_frame   0x0000000000000674       0xa8 freertos/portable/MemMang/heap_2.o
 .debug_frame   0x000000000000071c      0x170 freertos/portable/GCC/ARM_CM0/port.o
