Archive member included to satisfy reference by file (symbol)

/usr/lib/gcc/arm-none-eabi/10.3.1/thumb/v6-m/nofp/libgcc.a(_udivsi3.o)
                              drivers/lcd.o (__aeabi_uidiv)
/usr/lib/gcc/arm-none-eabi/10.3.1/thumb/v6-m/nofp/libgcc.a(_divsi3.o)
                              drivers/lcd.o (__aeabi_idiv)
/usr/lib/gcc/arm-none-eabi/10.3.1/thumb/v6-m/nofp/libgcc.a(_dvmd_tls.o)
                              /usr/lib/gcc/arm-none-eabi/10.3.1/thumb/v6-m/nofp/libgcc.a(_udivsi3.o) (__aeabi_idiv0)
/usr/lib/gcc/arm-none-eabi/10.3.1/../../../arm-none-eabi/lib/thumb/v6-m/nofp/libg_nano.a(lib_a-atexit.o)
                              /usr/lib/gcc/arm-none-eabi/10.3.1/../../../arm-none-eabi/lib/thumb/v6-m/nofp/crt0.o (atexit)
/usr/lib/gcc/arm-none-eabi/10.3.1/../../../arm-none-eabi/lib/thumb/v6-m/nofp/libg_nano.a(lib_a-exit.o)
                              /usr/lib/gcc/arm-none-eabi/10.3.1/../../../arm-none-eabi/lib/thumb/v6-m/nofp/crt0.o (exit)
/usr/lib/gcc/arm-none-eabi/10.3.1/../../../arm-none-eabi/lib/thumb/v6-m/nofp/libg_nano.a(lib_a-fini.o)
                              /usr/lib/gcc/arm-none-eabi/10.3.1/../../../arm-none-eabi/lib/thumb/v6-m/nofp/crt0.o (__libc_fini_array)
/usr/lib/gcc/arm-none-eabi/10.3.1/../../../arm-none-eabi/lib/thumb/v6-m/nofp/libg_nano.a(lib_a-impure.o)
                              /usr/lib/gcc/arm-none-eabi/10.3.1/../../../arm-none-eabi/lib/thumb/v6-m/nofp/libg_nano.a(lib_a-exit.o) (_global_impure_ptr)
/usr/lib/gcc/arm-none-eabi/10.3.1/../../../arm-none-eabi/lib/thumb/v6-m/nofp/libg_nano.a(lib_a-init.o)
                              /usr/lib/gcc/arm-none-eabi/10.3.1/../../../arm-none-eabi/lib/thumb/v6-m/nofp/crt0.o (__libc_init_array)
/usr/lib/gcc/arm-none-eabi/10.3.1/../../../arm-none-eabi/lib/thumb/v6-m/nofp/libg_nano.a(lib_a-memcpy-stub.o)
                              freertos/queue.o (memcpy)
/usr/lib/gcc/arm-none-eabi/10.3.1/../../../arm-none-eabi/lib/thumb/v6-m/nofp/libg_nano.a(lib_a-memset.o)
                              /usr/lib/gcc/arm-none-eabi/10.3.1/../../../arm-none-eabi/lib/thumb/v6-m/nofp/crt0.o (memset)
/usr/lib/gcc/arm-none-eabi/10.3.1/../../../arm-none-eabi/lib/thumb/v6-m/nofp/libg_nano.a(lib_a-__atexit.o)
                              /usr/lib/gcc/arm-none-eabi/10.3.1/../../../arm-none-eabi/lib/thumb/v6-m/nofp/libg_nano.a(lib_a-atexit.o) (__register_exitproc)
/usr/lib/gcc/arm-none-eabi/10.3.1/../../../arm-none-eabi/lib/thumb/v6-m/nofp/libg_nano.a(lib_a-__call_atexit.o)
                              /usr/lib/gcc/arm-none-eabi/10.3.1/../../../arm-none-eabi/lib/thumb/v6-m/nofp/libg_nano.a(lib_a-__atexit.o) (__call_exitprocs)

Discarded input sections

 .text          0x0000000000000000        0x0 /usr/lib/gcc/arm-none-eabi/10.3.1/thumb/v6-m/nofp/crti.o
 .data          0x0000000000000000        0x0 /usr/lib/gcc/arm-none-eabi/10.3.1/thumb/v6-m/nofp/crti.o
 .bss           0x0000000000000000        0x0 /usr/lib/gcc/arm-none-eabi/10.3.1/thumb/v6-m/nofp/crti.o
 .text          0x0000000000000000       0x98 /usr/lib/gcc/arm-none-eabi/10.3.1/thumb/v6-m/nofp/crtbegin.o
 .data          0x0000000000000000        0x4 /usr/lib/gcc/arm-none-eabi/10.3.1/thumb/v6-m/nofp/crtbegin.o
 .bss           0x0000000000000000       0x1c /usr/lib/gcc/arm-none-eabi/10.3.1/thumb/v6-m/nofp/crtbegin.o
 .rodata        0x0000000000000000       0x24 /usr/lib/gcc/arm-none-eabi/10.3.1/thumb/v6-m/nofp/crtbegin.o
 .init_array    0x0000000000000000        0x4 /usr/lib/gcc/arm-none-eabi/10.3.1/thumb/v6-m/nofp/crtbegin.o
 .fini_array    0x0000000000000000        0x4 /usr/lib/gcc/arm-none-eabi/10.3.1/thumb/v6-m/nofp/crtbegin.o
 .eh_frame      0x0000000000000000        0x0 /usr/lib/gcc/arm-none-eabi/10.3.1/thumb/v6-m/nofp/crtbegin.o
 .tm_clone_table
                0x0000000000000000        0x0 /usr/lib/gcc/arm-none-eabi/10.3.1/thumb/v6-m/nofp/crtbegin.o
 .comment       0x0000000000000000       0x34 /usr/lib/gcc/arm-none-eabi/10.3.1/thumb/v6-m/nofp/crtbegin.o
 .ARM.attributes
                0x0000000000000000       0x2c /usr/lib/gcc/arm-none-eabi/10.3.1/thumb/v6-m/nofp/crtbegin.o
 .text          0x0000000000000000       0x74 /usr/lib/gcc/arm-none-eabi/10.3.1/../../../arm-none-eabi/lib/thumb/v6-m/nofp/crt0.o
 .data          0x0000000000000000        0x0 /usr/lib/gcc/arm-none-eabi/10.3.1/../../../arm-none-eabi/lib/thumb/v6-m/nofp/crt0.o
 .bss           0x0000000000000000        0x0 /usr/lib/gcc/arm-none-eabi/10.3.1/../../../arm-none-eabi/lib/thumb/v6-m/nofp/crt0.o
 .ARM.extab     0x0000000000000000        0x0 /usr/lib/gcc/arm-none-eabi/10.3.1/../../../arm-none-eabi/lib/thumb/v6-m/nofp/crt0.o
 .ARM.exidx     0x0000000000000000       0x10 /usr/lib/gcc/arm-none-eabi/10.3.1/../../../arm-none-eabi/lib/thumb/v6-m/nofp/crt0.o
 .debug_line    0x0000000000000000       0x8c /usr/lib/gcc/arm-none-eabi/10.3.1/../../../arm-none-eabi/lib/thumb/v6-m/nofp/crt0.o
 .debug_info    0x0000000000000000       0x26 /usr/lib/gcc/arm-none-eabi/10.3.1/../../../arm-none-eabi/lib/thumb/v6-m/nofp/crt0.o
 .debug_abbrev  0x0000000000000000       0x14 /usr/lib/gcc/arm-none-eabi/10.3.1/../../../arm-none-eabi/lib/thumb/v6-m/nofp/crt0.o
 .debug_aranges
                0x0000000000000000       0x20 /usr/lib/gcc/arm-none-eabi/10.3.1/../../../arm-none-eabi/lib/thumb/v6-m/nofp/crt0.o
 .debug_str     0x0000000000000000       0x94 /usr/lib/gcc/arm-none-eabi/10.3.1/../../../arm-none-eabi/lib/thumb/v6-m/nofp/crt0.o
 .ARM.attributes
                0x0000000000000000       0x1b /usr/lib/gcc/arm-none-eabi/10.3.1/../../../arm-none-eabi/lib/thumb/v6-m/nofp/crt0.o
 .data          0x0000000000000000        0x0 startup.o
 .bss           0x0000000000000000        0x0 startup.o
 .data          0x0000000000000000        0x0 freertos/list.o
 .bss           0x0000000000000000        0x0 freertos/list.o
 .data          0x0000000000000000        0x0 freertos/queue.o
 .data          0x0000000000000000        0x0 freertos/tasks.o
 .rodata        0x0000000000000000        0x2 freertos/portable/MemMang/heap_2.o
 .bss           0x0000000000000000        0x0 freertos/portable/GCC/ARM_CM0/port.o
 .text          0x0000000000000000      0x1cc main.o
 .data          0x0000000000000000        0x8 main.o
 .bss           0x0000000000000000        0xc main.o
 .rodata        0x0000000000000000       0x1b main.o
 .debug_info    0x0000000000000000      0x4e8 main.o
 .debug_abbrev  0x0000000000000000      0x189 main.o
 .debug_aranges
                0x0000000000000000       0x20 main.o
 .debug_line    0x0000000000000000      0x182 main.o
 .debug_str     0x0000000000000000      0x32c main.o
 .comment       0x0000000000000000       0x34 main.o
 .debug_frame   0x0000000000000000      0x118 main.o
 .ARM.attributes
                0x0000000000000000       0x2c main.o
 .text          0x0000000000000000       0x68 startup.o
 .data          0x0000000000000000        0x0 startup.o
 .bss           0x0000000000000000        0x0 startup.o
 .data          0x0000000000000000        0x0 drivers/lcd.o
 .bss           0x0000000000000000        0x0 drivers/lcd.o
 .data          0x0000000000000000        0x0 /usr/lib/gcc/arm-none-eabi/10.3.1/thumb/v6-m/nofp/libgcc.a(_udivsi3.o)
 .bss           0x0000000000000000        0x0 /usr/lib/gcc/arm-none-eabi/10.3.1/thumb/v6-m/nofp/libgcc.a(_udivsi3.o)
 .data          0x0000000000000000        0x0 /usr/lib/gcc/arm-none-eabi/10.3.1/thumb/v6-m/nofp/libgcc.a(_divsi3.o)
 .bss           0x0000000000000000        0x0 /usr/lib/gcc/arm-none-eabi/10.3.1/thumb/v6-m/nofp/libgcc.a(_divsi3.o)
 .data          0x0000000000000000        0x0 /usr/lib/gcc/arm-none-eabi/10.3.1/thumb/v6-m/nofp/libgcc.a(_dvmd_tls.o)
 .bss           0x0000000000000000        0x0 /usr/lib/gcc/arm-none-eabi/10.3.1/thumb/v6-m/nofp/libgcc.a(_dvmd_tls.o)
 .text          0x0000000000000000       0x10 /usr/lib/gcc/arm-none-eabi/10.3.1/../../../arm-none-eabi/lib/thumb/v6-m/nofp/libg_nano.a(lib_a-atexit.o)
 .data          0x0000000000000000        0x0 /usr/lib/gcc/arm-none-eabi/10.3.1/../../../arm-none-eabi/lib/thumb/v6-m/nofp/libg_nano.a(lib_a-atexit.o)
 .bss           0x0000000000000000        0x0 /usr/lib/gcc/arm-none-eabi/10.3.1/../../../arm-none-eabi/lib/thumb/v6-m/nofp/libg_nano.a(lib_a-atexit.o)
 .debug_info    0x0000000000000000      0x100 /usr/lib/gcc/arm-none-eabi/10.3.1/../../../arm-none-eabi/lib/thumb/v6-m/nofp/libg_nano.a(lib_a-atexit.o)
 .debug_abbrev  0x0000000000000000       0xb4 /usr/lib/gcc/arm-none-eabi/10.3.1/../../../arm-none-eabi/lib/thumb/v6-m/nofp/libg_nano.a(lib_a-atexit.o)
 .debug_loc     0x0000000000000000       0x32 /usr/lib/gcc/arm-none-eabi/10.3.1/../../../arm-none-eabi/lib/thumb/v6-m/nofp/libg_nano.a(lib_a-atexit.o)
 .debug_aranges
                0x0000000000000000       0x20 /usr/lib/gcc/arm-none-eabi/10.3.1/../../../arm-none-eabi/lib/thumb/v6-m/nofp/libg_nano.a(lib_a-atexit.o)
 .debug_line    0x0000000000000000       0xc3 /usr/lib/gcc/arm-none-eabi/10.3.1/../../../arm-none-eabi/lib/thumb/v6-m/nofp/libg_nano.a(lib_a-atexit.o)
 .debug_str     0x0000000000000000      0x1e2 /usr/lib/gcc/arm-none-eabi/10.3.1/../../../arm-none-eabi/lib/thumb/v6-m/nofp/libg_nano.a(lib_a-atexit.o)
 .comment       0x0000000000000000       0x34 /usr/lib/gcc/arm-none-eabi/10.3.1/../../../arm-none-eabi/lib/thumb/v6-m/nofp/libg_nano.a(lib_a-atexit.o)
 .debug_frame   0x0000000000000000       0x28 /usr/lib/gcc/arm-none-eabi/10.3.1/../../../arm-none-eabi/lib/thumb/v6-m/nofp/libg_nano.a(lib_a-atexit.o)
 .ARM.attributes
                0x0000000000000000       0x2c /usr/lib/gcc/arm-none-eabi/10.3.1/../../../arm-none-eabi/lib/thumb/v6-m/nofp/libg_nano.a(lib_a-atexit.o)
 .text          0x0000000000000000       0x2c /usr/lib/gcc/arm-none-eabi/10.3.1/../../../arm-none-eabi/lib/thumb/v6-m/nofp/libg_nano.a(lib_a-exit.o)
 .data          0x0000000000000000        0x0 /usr/lib/gcc/arm-none-eabi/10.3.1/../../../arm-none-eabi/lib/thumb/v6-m/nofp/libg_nano.a(lib_a-exit.o)
 .bss           0x0000000000000000        0x0 /usr/lib/gcc/arm-none-eabi/10.3.1/../../../arm-none-eabi/lib/thumb/v6-m/nofp/libg_nano.a(lib_a-exit.o)
 .debug_info    0x0000000000000000      0x81a /usr/lib/gcc/arm-none-eabi/10.3.1/../../../arm-none-eabi/lib/thumb/v6-m/nofp/libg_nano.a(lib_a-exit.o)
 .debug_abbrev  0x0000000000000000      0x1ba /usr/lib/gcc/arm-none-eabi/10.3.1/../../../arm-none-eabi/lib/thumb/v6-m/nofp/libg_nano.a(lib_a-exit.o)
 .debug_loc     0x0000000000000000       0x22 /usr/lib/gcc/arm-none-eabi/10.3.1/../../../arm-none-eabi/lib/thumb/v6-m/nofp/libg_nano.a(lib_a-exit.o)
 .debug_aranges
                0x0000000000000000       0x20 /usr/lib/gcc/arm-none-eabi/10.3.1/../../../arm-none-eabi/lib/thumb/v6-m/nofp/libg_nano.a(lib_a-exit.o)
 .debug_line    0x0000000000000000      0x16b /usr/lib/gcc/arm-none-eabi/10.3.1/../../../arm-none-eabi/lib/thumb/v6-m/nofp/libg_nano.a(lib_a-exit.o)
 .debug_str     0x0000000000000000      0x521 /usr/lib/gcc/arm-none-eabi/10.3.1/../../../arm-none-eabi/lib/thumb/v6-m/nofp/libg_nano.a(lib_a-exit.o)
 .comment       0x0000000000000000       0x34 /usr/lib/gcc/arm-none-eabi/10.3.1/../../../arm-none-eabi/lib/thumb/v6-m/nofp/libg_nano.a(lib_a-exit.o)
 .debug_frame   0x0000000000000000       0x28 /usr/lib/gcc/arm-none-eabi/10.3.1/../../../arm-none-eabi/lib/thumb/v6-m/nofp/libg_nano.a(lib_a-exit.o)
 .ARM.attributes
                0x0000000000000000       0x2c /usr/lib/gcc/arm-none-eabi/10.3.1/../../../arm-none-eabi/lib/thumb/v6-m/nofp/libg_nano.a(lib_a-exit.o)
 .text          0x0000000000000000       0x28 /usr/lib/gcc/arm-none-eabi/10.3.1/../../../arm-none-eabi/lib/thumb/v6-m/nofp/libg_nano.a(lib_a-fini.o)
 .data          0x0000000000000000        0x0 /usr/lib/gcc/arm-none-eabi/10.3.1/../../../arm-none-eabi/lib/thumb/v6-m/nofp/libg_nano.a(lib_a-fini.o)
 .bss           0x0000000000000000        0x0 /usr/lib/gcc/arm-none-eabi/10.3.1/../../../arm-none-eabi/lib/thumb/v6-m/nofp/libg_nano.a(lib_a-fini.o)
 .debug_info    0x0000000000000000      0x102 /usr/lib/gcc/arm-none-eabi/10.3.1/../../../arm-none-eabi/lib/thumb/v6-m/nofp/libg_nano.a(lib_a-fini.o)
 .debug_abbrev  0x0000000000000000       0xcc /usr/lib/gcc/arm-none-eabi/10.3.1/../../../arm-none-eabi/lib/thumb/v6-m/nofp/libg_nano.a(lib_a-fini.o)
 .debug_loc     0x0000000000000000       0x46 /usr/lib/gcc/arm-none-eabi/10.3.1/../../../arm-none-eabi/lib/thumb/v6-m/nofp/libg_nano.a(lib_a-fini.o)
 .debug_aranges
                0x0000000000000000       0x20 /usr/lib/gcc/arm-none-eabi/10.3.1/../../../arm-none-eabi/lib/thumb/v6-m/nofp/libg_nano.a(lib_a-fini.o)
 .debug_line    0x0000000000000000       0xef /usr/lib/gcc/arm-none-eabi/10.3.1/../../../arm-none-eabi/lib/thumb/v6-m/nofp/libg_nano.a(lib_a-fini.o)
 .debug_str     0x0000000000000000      0x1da /usr/lib/gcc/arm-none-eabi/10.3.1/../../../arm-none-eabi/lib/thumb/v6-m/nofp/libg_nano.a(lib_a-fini.o)
 .comment       0x0000000000000000       0x34 /usr/lib/gcc/arm-none-eabi/10.3.1/../../../arm-none-eabi/lib/thumb/v6-m/nofp/libg_nano.a(lib_a-fini.o)
 .debug_frame   0x0000000000000000       0x2c /usr/lib/gcc/arm-none-eabi/10.3.1/../../../arm-none-eabi/lib/thumb/v6-m/nofp/libg_nano.a(lib_a-fini.o)
 .ARM.attributes
                0x0000000000000000       0x2c /usr/lib/gcc/arm-none-eabi/10.3.1/../../../arm-none-eabi/lib/thumb/v6-m/nofp/libg_nano.a(lib_a-fini.o)
 .text          0x0000000000000000        0x0 /usr/lib/gcc/arm-none-eabi/10.3.1/../../../arm-none-eabi/lib/thumb/v6-m/nofp/libg_nano.a(lib_a-impure.o)
 .data          0x0000000000000000       0x64 /usr/lib/gcc/arm-none-eabi/10.3.1/../../../arm-none-eabi/lib/thumb/v6-m/nofp/libg_nano.a(lib_a-impure.o)
 .bss           0x0000000000000000        0x0 /usr/lib/gcc/arm-none-eabi/10.3.1/../../../arm-none-eabi/lib/thumb/v6-m/nofp/libg_nano.a(lib_a-impure.o)
 .rodata        0x0000000000000000        0x4 /usr/lib/gcc/arm-none-eabi/10.3.1/../../../arm-none-eabi/lib/thumb/v6-m/nofp/libg_nano.a(lib_a-impure.o)
 .debug_info    0x0000000000000000      0x863 /usr/lib/gcc/arm-none-eabi/10.3.1/../../../arm-none-eabi/lib/thumb/v6-m/nofp/libg_nano.a(lib_a-impure.o)
 .debug_abbrev  0x0000000000000000      0x151 /usr/lib/gcc/arm-none-eabi/10.3.1/../../../arm-none-eabi/lib/thumb/v6-m/nofp/libg_nano.a(lib_a-impure.o)
 .debug_aranges
                0x0000000000000000       0x18 /usr/lib/gcc/arm-none-eabi/10.3.1/../../../arm-none-eabi/lib/thumb/v6-m/nofp/libg_nano.a(lib_a-impure.o)
 .debug_line    0x0000000000000000       0xe4 /usr/lib/gcc/arm-none-eabi/10.3.1/../../../arm-none-eabi/lib/thumb/v6-m/nofp/libg_nano.a(lib_a-impure.o)
 .debug_str     0x0000000000000000      0x557 /usr/lib/gcc/arm-none-eabi/10.3.1/../../../arm-none-eabi/lib/thumb/v6-m/nofp/libg_nano.a(lib_a-impure.o)
 .comment       0x0000000000000000       0x34 /usr/lib/gcc/arm-none-eabi/10.3.1/../../../arm-none-eabi/lib/thumb/v6-m/nofp/libg_nano.a(lib_a-impure.o)
 .ARM.attributes
                0x0000000000000000       0x2c /usr/lib/gcc/arm-none-eabi/10.3.1/../../../arm-none-eabi/lib/thumb/v6-m/nofp/libg_nano.a(lib_a-impure.o)
 .text          0x0000000000000000       0x44 /usr/lib/gcc/arm-none-eabi/10.3.1/../../../arm-none-eabi/lib/thumb/v6-m/nofp/libg_nano.a(lib_a-init.o)
 .data          0x0000000000000000        0x0 /usr/lib/gcc/arm-none-eabi/10.3.1/../../../arm-none-eabi/lib/thumb/v6-m/nofp/libg_nano.a(lib_a-init.o)
 .bss           0x0000000000000000        0x0 /usr/lib/gcc/arm-none-eabi/10.3.1/../../../arm-none-eabi/lib/thumb/v6-m/nofp/libg_nano.a(lib_a-init.o)
 .debug_info    0x0000000000000000      0x11a /usr/lib/gcc/arm-none-eabi/10.3.1/../../../arm-none-eabi/lib/thumb/v6-m/nofp/libg_nano.a(lib_a-init.o)
 .debug_abbrev  0x0000000000000000       0xcc /usr/lib/gcc/arm-none-eabi/10.3.1/../../../arm-none-eabi/lib/thumb/v6-m/nofp/libg_nano.a(lib_a-init.o)
 .debug_loc     0x0000000000000000       0x98 /usr/lib/gcc/arm-none-eabi/10.3.1/../../../arm-none-eabi/lib/thumb/v6-m/nofp/libg_nano.a(lib_a-init.o)
 .debug_aranges
                0x0000000000000000       0x20 /usr/lib/gcc/arm-none-eabi/10.3.1/../../../arm-none-eabi/lib/thumb/v6-m/nofp/libg_nano.a(lib_a-init.o)
 .debug_line    0x0000000000000000      0x127 /usr/lib/gcc/arm-none-eabi/10.3.1/../../../arm-none-eabi/lib/thumb/v6-m/nofp/libg_nano.a(lib_a-init.o)
 .debug_str     0x0000000000000000      0x204 /usr/lib/gcc/arm-none-eabi/10.3.1/../../../arm-none-eabi/lib/thumb/v6-m/nofp/libg_nano.a(lib_a-init.o)
 .comment       0x0000000000000000       0x34 /usr/lib/gcc/arm-none-eabi/10.3.1/../../../arm-none-eabi/lib/thumb/v6-m/nofp/libg_nano.a(lib_a-init.o)
 .debug_frame   0x0000000000000000       0x2c /usr/lib/gcc/arm-none-eabi/10.3.1/../../../arm-none-eabi/lib/thumb/v6-m/nofp/libg_nano.a(lib_a-init.o)
 .ARM.attributes
                0x0000000000000000       0x2c /usr/lib/gcc/arm-none-eabi/10.3.1/../../../arm-none-eabi/lib/thumb/v6-m/nofp/libg_nano.a(lib_a-init.o)
 .data          0x0000000000000000        0x0 /usr/lib/gcc/arm-none-eabi/10.3.1/../../../arm-none-eabi/lib/thumb/v6-m/nofp/libg_nano.a(lib_a-memcpy-stub.o)
 .bss           0x0000000000000000        0x0 /usr/lib/gcc/arm-none-eabi/10.3.1/../../../arm-none-eabi/lib/thumb/v6-m/nofp/libg_nano.a(lib_a-memcpy-stub.o)
 .text          0x0000000000000000       0xa8 /usr/lib/gcc/arm-none-eabi/10.3.1/../../../arm-none-eabi/lib/thumb/v6-m/nofp/libg_nano.a(lib_a-memset.o)
 .data          0x0000000000000000        0x0 /usr/lib/gcc/arm-none-eabi/10.3.1/../../../arm-none-eabi/lib/thumb/v6-m/nofp/libg_nano.a(lib_a-memset.o)
 .bss           0x0000000000000000        0x0 /usr/lib/gcc/arm-none-eabi/10.3.1/../../../arm-none-eabi/lib/thumb/v6-m/nofp/libg_nano.a(lib_a-memset.o)
 .debug_info    0x0000000000000000      0x13d /usr/lib/gcc/arm-none-eabi/10.3.1/../../../arm-none-eabi/lib/thumb/v6-m/nofp/libg_nano.a(lib_a-memset.o)
 .debug_abbrev  0x0000000000000000       0xb4 /usr/lib/gcc/arm-none-eabi/10.3.1/../../../arm-none-eabi/lib/thumb/v6-m/nofp/libg_nano.a(lib_a-memset.o)
 .debug_loc     0x0000000000000000      0x2a3 /usr/lib/gcc/arm-none-eabi/10.3.1/../../../arm-none-eabi/lib/thumb/v6-m/nofp/libg_nano.a(lib_a-memset.o)
 .debug_aranges
                0x0000000000000000       0x20 /usr/lib/gcc/arm-none-eabi/10.3.1/../../../arm-none-eabi/lib/thumb/v6-m/nofp/libg_nano.a(lib_a-memset.o)
 .debug_line    0x0000000000000000      0x1ce /usr/lib/gcc/arm-none-eabi/10.3.1/../../../arm-none-eabi/lib/thumb/v6-m/nofp/libg_nano.a(lib_a-memset.o)
 .debug_str     0x0000000000000000      0x1b9 /usr/lib/gcc/arm-none-eabi/10.3.1/../../../arm-none-eabi/lib/thumb/v6-m/nofp/libg_nano.a(lib_a-memset.o)
 .comment       0x0000000000000000       0x34 /usr/lib/gcc/arm-none-eabi/10.3.1/../../../arm-none-eabi/lib/thumb/v6-m/nofp/libg_nano.a(lib_a-memset.o)
 .debug_frame   0x0000000000000000       0x30 /usr/lib/gcc/arm-none-eabi/10.3.1/../../../arm-none-eabi/lib/thumb/v6-m/nofp/libg_nano.a(lib_a-memset.o)
 .ARM.attributes
                0x0000000000000000       0x2c /usr/lib/gcc/arm-none-eabi/10.3.1/../../../arm-none-eabi/lib/thumb/v6-m/nofp/libg_nano.a(lib_a-memset.o)
 .text          0x0000000000000000       0xd0 /usr/lib/gcc/arm-none-eabi/10.3.1/../../../arm-none-eabi/lib/thumb/v6-m/nofp/libg_nano.a(lib_a-__atexit.o)
 .data          0x0000000000000000        0x4 /usr/lib/gcc/arm-none-eabi/10.3.1/../../../arm-none-eabi/lib/thumb/v6-m/nofp/libg_nano.a(lib_a-__atexit.o)
 .bss           0x0000000000000000       0x8c /usr/lib/gcc/arm-none-eabi/10.3.1/../../../arm-none-eabi/lib/thumb/v6-m/nofp/libg_nano.a(lib_a-__atexit.o)
 .debug_info    0x0000000000000000      0x269 /usr/lib/gcc/arm-none-eabi/10.3.1/../../../arm-none-eabi/lib/thumb/v6-m/nofp/libg_nano.a(lib_a-__atexit.o)
 .debug_abbrev  0x0000000000000000      0x1bd /usr/lib/gcc/arm-none-eabi/10.3.1/../../../arm-none-eabi/lib/thumb/v6-m/nofp/libg_nano.a(lib_a-__atexit.o)
 .debug_loc     0x0000000000000000      0x203 /usr/lib/gcc/arm-none-eabi/10.3.1/../../../arm-none-eabi/lib/thumb/v6-m/nofp/libg_nano.a(lib_a-__atexit.o)
 .debug_aranges
                0x0000000000000000       0x20 /usr/lib/gcc/arm-none-eabi/10.3.1/../../../arm-none-eabi/lib/thumb/v6-m/nofp/libg_nano.a(lib_a-__atexit.o)
 .debug_line    0x0000000000000000      0x201 /usr/lib/gcc/arm-none-eabi/10.3.1/../../../arm-none-eabi/lib/thumb/v6-m/nofp/libg_nano.a(lib_a-__atexit.o)
 .debug_str     0x0000000000000000      0x290 /usr/lib/gcc/arm-none-eabi/10.3.1/../../../arm-none-eabi/lib/thumb/v6-m/nofp/libg_nano.a(lib_a-__atexit.o)
 .comment       0x0000000000000000       0x34 /usr/lib/gcc/arm-none-eabi/10.3.1/../../../arm-none-eabi/lib/thumb/v6-m/nofp/libg_nano.a(lib_a-__atexit.o)
 .debug_frame   0x0000000000000000       0x3c /usr/lib/gcc/arm-none-eabi/10.3.1/../../../arm-none-eabi/lib/thumb/v6-m/nofp/libg_nano.a(lib_a-__atexit.o)
 .ARM.attributes
                0x0000000000000000       0x2c /usr/lib/gcc/arm-none-eabi/10.3.1/../../../arm-none-eabi/lib/thumb/v6-m/nofp/libg_nano.a(lib_a-__atexit.o)
 .text          0x0000000000000000       0xfc /usr/lib/gcc/arm-none-eabi/10.3.1/../../../arm-none-eabi/lib/thumb/v6-m/nofp/libg_nano.a(lib_a-__call_atexit.o)
 .data          0x0000000000000000        0x0 /usr/lib/gcc/arm-none-eabi/10.3.1/../../../arm-none-eabi/lib/thumb/v6-m/nofp/libg_nano.a(lib_a-__call_atexit.o)
 .bss           0x0000000000000000        0x4 /usr/lib/gcc/arm-none-eabi/10.3.1/../../../arm-none-eabi/lib/thumb/v6-m/nofp/libg_nano.a(lib_a-__call_atexit.o)
 .debug_info    0x0000000000000000      0x249 /usr/lib/gcc/arm-none-eabi/10.3.1/../../../arm-none-eabi/lib/thumb/v6-m/nofp/libg_nano.a(lib_a-__call_atexit.o)
 .debug_abbrev  0x0000000000000000      0x179 /usr/lib/gcc/arm-none-eabi/10.3.1/../../../arm-none-eabi/lib/thumb/v6-m/nofp/libg_nano.a(lib_a-__call_atexit.o)
 .debug_loc     0x0000000000000000      0x273 /usr/lib/gcc/arm-none-eabi/10.3.1/../../../arm-none-eabi/lib/thumb/v6-m/nofp/libg_nano.a(lib_a-__call_atexit.o)
 .debug_aranges
                0x0000000000000000       0x20 /usr/lib/gcc/arm-none-eabi/10.3.1/../../../arm-none-eabi/lib/thumb/v6-m/nofp/libg_nano.a(lib_a-__call_atexit.o)
 .debug_ranges  0x0000000000000000       0x28 /usr/lib/gcc/arm-none-eabi/10.3.1/../../../arm-none-eabi/lib/thumb/v6-m/nofp/libg_nano.a(lib_a-__call_atexit.o)
 .debug_line    0x0000000000000000      0x219 /usr/lib/gcc/arm-none-eabi/10.3.1/../../../arm-none-eabi/lib/thumb/v6-m/nofp/libg_nano.a(lib_a-__call_atexit.o)
 .debug_str     0x0000000000000000      0x254 /usr/lib/gcc/arm-none-eabi/10.3.1/../../../arm-none-eabi/lib/thumb/v6-m/nofp/libg_nano.a(lib_a-__call_atexit.o)
 .comment       0x0000000000000000       0x34 /usr/lib/gcc/arm-none-eabi/10.3.1/../../../arm-none-eabi/lib/thumb/v6-m/nofp/libg_nano.a(lib_a-__call_atexit.o)
 .debug_frame   0x0000000000000000       0x3c /usr/lib/gcc/arm-none-eabi/10.3.1/../../../arm-none-eabi/lib/thumb/v6-m/nofp/libg_nano.a(lib_a-__call_atexit.o)
 .ARM.attributes
                0x0000000000000000       0x2c /usr/lib/gcc/arm-none-eabi/10.3.1/../../../arm-none-eabi/lib/thumb/v6-m/nofp/libg_nano.a(lib_a-__call_atexit.o)
 .text          0x0000000000000000        0x0 /usr/lib/gcc/arm-none-eabi/10.3.1/thumb/v6-m/nofp/crtend.o
 .data          0x0000000000000000        0x0 /usr/lib/gcc/arm-none-eabi/10.3.1/thumb/v6-m/nofp/crtend.o
 .bss           0x0000000000000000        0x0 /usr/lib/gcc/arm-none-eabi/10.3.1/thumb/v6-m/nofp/crtend.o
 .rodata        0x0000000000000000       0x24 /usr/lib/gcc/arm-none-eabi/10.3.1/thumb/v6-m/nofp/crtend.o
 .eh_frame      0x0000000000000000        0x4 /usr/lib/gcc/arm-none-eabi/10.3.1/thumb/v6-m/nofp/crtend.o
 .tm_clone_table
                0x0000000000000000        0x0 /usr/lib/gcc/arm-none-eabi/10.3.1/thumb/v6-m/nofp/crtend.o
 .comment       0x0000000000000000       0x34 /usr/lib/gcc/arm-none-eabi/10.3.1/thumb/v6-m/nofp/crtend.o
 .ARM.attributes
                0x0000000000000000       0x2c /usr/lib/gcc/arm-none-eabi/10.3.1/thumb/v6-m/nofp/crtend.o
 .text          0x0000000000000000        0x0 /usr/lib/gcc/arm-none-eabi/10.3.1/thumb/v6-m/nofp/crtn.o
 .data          0x0000000000000000        0x0 /usr/lib/gcc/arm-none-eabi/10.3.1/thumb/v6-m/nofp/crtn.o
 .bss           0x0000000000000000        0x0 /usr/lib/gcc/arm-none-eabi/10.3.1/thumb/v6-m/nofp/crtn.o
 .init          0x0000000000000000        0x8 /usr/lib/gcc/arm-none-eabi/10.3.1/thumb/v6-m/nofp/crtn.o
 .fini          0x0000000000000000        0x8 /usr/lib/gcc/arm-none-eabi/10.3.1/thumb/v6-m/nofp/crtn.o
 .ARM.attributes
                0x0000000000000000       0x1e /usr/lib/gcc/arm-none-eabi/10.3.1/thumb/v6-m/nofp/crtn.o

Memory Configuration

Name             Origin             Length             Attributes
INTERRUPTS       0x0000000000000000 0x0000000000000100 xr
FLASH_CONFIG     0x0000000000000400 0x0000000000000010 xr
TEXT             0x0000000000000410 0x000000000003fbf0 xr
RAM              0x000000001fffe000 0x0000000000008000 xrw
*default*        0x0000000000000000 0xffffffffffffffff

Linker script and memory map

LOAD /usr/lib/gcc/arm-none-eabi/10.3.1/thumb/v6-m/nofp/crti.o
LOAD /usr/lib/gcc/arm-none-eabi/10.3.1/thumb/v6-m/nofp/crtbegin.o
LOAD /usr/lib/gcc/arm-none-eabi/10.3.1/../../../arm-none-eabi/lib/thumb/v6-m/nofp/crt0.o
                0x0000000000000400                STACK_SIZE = DEFINED (__stack_size__)?__stack_size__:0x400

.interrupts     0x0000000000000000      0x180
 *(.isr_vector .isr_vector.*)
 .isr_vector    0x0000000000000000       0xc0 startup.o
                0x0000000000000000                g_pfnVectors
 .isr_vector    0x00000000000000c0       0xc0 startup.o

.flash_config   0x0000000000000400       0x10
                0x0000000000000400                . = ALIGN (0x4)
                0x0000000000000400        0x4 LONG 0xffffffff
                0x0000000000000404        0x4 LONG 0xffffffff
                0x0000000000000408        0x4 LONG 0xffffffff
                0x000000000000040c        0x4 LONG 0xfffffffe

.text           0x0000000000000410     0x31d4
 *(.text .text.* .gnu.linkonce.t.*)
 .text          0x0000000000000410      0x1cc main.o
                0x0000000000000410                led_green_init
                0x0000000000000460                led_green_toggle
                0x0000000000000474                led_red_init
                0x00000000000004c8                led_red_toggle
                0x00000000000004e0                taskProductor
                0x00000000000004fa                taskConsumidor
                0x0000000000000510                taskLedGreen
                0x0000000000000524                taskLedRed
                0x000000000000053c                main
 .text          0x00000000000005dc       0x68 startup.o
                0x00000000000005dc                RTCSIntHandler
                0x00000000000005dc                FTM1IntHandler
                0x00000000000005dc                USBOTGIntHandler
                0x00000000000005dc                UART0SEIntHandler
                0x00000000000005dc                UART2SEIntHandler
                0x00000000000005dc                FTM2IntHandler
                0x00000000000005dc                I2C1IntHandler
                0x00000000000005dc                PORTDIntHandler
                0x00000000000005dc                Default_ResetHandler
                0x00000000000005dc                DMA1IntHandler
                0x00000000000005dc                DACIntHandler
                0x00000000000005dc                ACMPIntHandler
                0x00000000000005dc                ResetHandler
                0x00000000000005dc                LVDIntHandler
                0x00000000000005dc                PORTAIntHandler
                0x00000000000005dc                SPI1IntHandler
                0x00000000000005dc                FTFAIntHandler
                0x00000000000005dc                UART1SEIntHandler
                0x00000000000005dc                ADCIntHandler
                0x00000000000005dc                DMA0IntHandler
                0x00000000000005dc                I2C0IntHandler
                0x00000000000005dc                FTM0IntHandler
                0x00000000000005dc                LLWUIntHandler
                0x00000000000005dc                MCGIntHandler
                0x00000000000005dc                RTCAIntHandler
                0x00000000000005dc                SPI0IntHandler
                0x00000000000005dc                TSIIntHandler
                0x00000000000005dc                LPTMRIntHandler
                0x00000000000005dc                PITIntHandler
                0x00000000000005dc                DMA3IntHandler
                0x00000000000005dc                DMA2IntHandler
                0x000000000000063c                HardFaultIntHandler
                0x000000000000063c                BusFaultIntHandler
                0x000000000000063c                NMIIntHandler
                0x000000000000063c                UsageFaultIntHandler
                0x000000000000063c                MemManageIntHandler
                0x000000000000063c                DebugMonIntHandler
 .text          0x0000000000000644      0x152 freertos/list.o
                0x0000000000000644                vListInitialise
                0x0000000000000680                vListInitialiseItem
                0x0000000000000696                vListInsertEnd
                0x00000000000006da                vListInsert
                0x0000000000000746                uxListRemove
 *fill*         0x0000000000000796        0x2 
 .text          0x0000000000000798      0xbcc freertos/queue.o
                0x0000000000000798                xQueueGenericReset
                0x0000000000000842                xQueueGenericCreate
                0x00000000000008ce                xQueueCreateMutex
                0x000000000000094e                xQueueGiveMutexRecursive
                0x00000000000009a4                xQueueTakeMutexRecursive
                0x0000000000000a04                xQueueGenericSend
                0x0000000000000b66                xQueueGenericSendFromISR
                0x0000000000000c32                xQueueGiveFromISR
                0x0000000000000ce4                xQueueGenericReceive
                0x0000000000000e76                xQueueReceiveFromISR
                0x0000000000000f24                xQueuePeekFromISR
                0x0000000000000fa8                uxQueueMessagesWaiting
                0x0000000000000fd2                uxQueueSpacesAvailable
                0x0000000000001006                uxQueueMessagesWaitingFromISR
                0x0000000000001028                vQueueDelete
                0x000000000000123a                xQueueIsQueueEmptyFromISR
                0x0000000000001298                xQueueIsQueueFullFromISR
                0x00000000000012ca                vQueueAddToRegistry
                0x000000000000131c                vQueueUnregisterQueue
 .text          0x0000000000001364     0x12cc freertos/tasks.o
                0x0000000000001364                xTaskGenericCreate
                0x00000000000014d0                vTaskDelayUntil
                0x0000000000001590                vTaskDelay
                0x00000000000015f8                vTaskStartScheduler
                0x0000000000001668                vTaskEndScheduler
                0x0000000000001684                vTaskSuspendAll
                0x000000000000169c                xTaskResumeAll
                0x00000000000017a4                xTaskGetTickCount
                0x00000000000017c0                xTaskGetTickCountFromISR
                0x00000000000017e0                uxTaskGetNumberOfTasks
                0x00000000000017f4                xTaskIncrementTick
                0x0000000000001960                vTaskSwitchContext
                0x0000000000001a00                vTaskPlaceOnEventList
                0x0000000000001a54                vTaskPlaceOnUnorderedEventList
                0x0000000000001ac8                xTaskRemoveFromEventList
                0x0000000000001b80                xTaskRemoveFromUnorderedEventList
                0x0000000000001c30                vTaskSetTimeOutState
                0x0000000000001c64                xTaskCheckForTimeOut
                0x0000000000001cf4                vTaskMissedYield
                0x0000000000001f60                xTaskGetCurrentTaskHandle
                0x0000000000001f7c                vTaskPriorityInherit
                0x0000000000002038                xTaskPriorityDisinherit
                0x00000000000020f0                uxTaskResetEventItemValue
                0x000000000000211c                pvTaskIncrementMutexHeldCount
                0x0000000000002140                ulTaskNotifyTake
                0x00000000000021dc                xTaskNotifyWait
                0x000000000000229c                xTaskGenericNotify
                0x00000000000023b4                xTaskGenericNotifyFromISR
                0x00000000000024fc                vTaskNotifyGiveFromISR
                0x00000000000025e0                xTaskNotifyStateClear
 .text          0x0000000000002630      0x1fc freertos/portable/MemMang/heap_2.o
                0x0000000000002630                pvPortMalloc
                0x000000000000274c                vPortFree
                0x00000000000027c0                xPortGetFreeHeapSize
                0x00000000000027d4                vPortInitialiseBlocks
 .text          0x000000000000282c      0x21c freertos/portable/GCC/ARM_CM0/port.o
                0x000000000000282c                pxPortInitialiseStack
                0x0000000000002898                vPortSVCHandler
                0x00000000000028c2                xPortStartScheduler
                0x0000000000002904                vPortEndScheduler
                0x0000000000002924                vPortYield
                0x0000000000002944                vPortEnterCritical
                0x0000000000002968                vPortExitCritical
                0x0000000000002998                ulSetInterruptMaskFromISR
                0x00000000000029a4                vClearInterruptMaskFromISR
                0x00000000000029ac                xPortPendSVHandler
                0x00000000000029f2                xPortSysTickHandler
 .text          0x0000000000002a48      0x778 drivers/lcd.o
                0x0000000000002a48                lcd_ini
                0x0000000000002bc8                lcd_set
                0x0000000000002f38                lcd_display_dec
                0x000000000000302c                lcd_display_hex
                0x0000000000003092                lcd_display_time
                0x0000000000003150                lcd_display_error
 .text          0x00000000000031c0      0x114 /usr/lib/gcc/arm-none-eabi/10.3.1/thumb/v6-m/nofp/libgcc.a(_udivsi3.o)
                0x00000000000031c0                __udivsi3
                0x00000000000031c0                __aeabi_uidiv
                0x00000000000032cc                __aeabi_uidivmod
 .text          0x00000000000032d4      0x1d4 /usr/lib/gcc/arm-none-eabi/10.3.1/thumb/v6-m/nofp/libgcc.a(_divsi3.o)
                0x00000000000032d4                __aeabi_idiv
                0x00000000000032d4                __divsi3
                0x00000000000034a0                __aeabi_idivmod
 .text          0x00000000000034a8        0x4 /usr/lib/gcc/arm-none-eabi/10.3.1/thumb/v6-m/nofp/libgcc.a(_dvmd_tls.o)
                0x00000000000034a8                __aeabi_ldiv0
                0x00000000000034a8                __aeabi_idiv0
 .text          0x00000000000034ac       0xa4 /usr/lib/gcc/arm-none-eabi/10.3.1/../../../arm-none-eabi/lib/thumb/v6-m/nofp/libg_nano.a(lib_a-memcpy-stub.o)
                0x00000000000034ac                memcpy
 *(.glue_7t)
 .glue_7t       0x0000000000003550        0x0 linker stubs
 *(.glue_7)
 .glue_7        0x0000000000003550        0x0 linker stubs
 *(.rodata .rodata* .gnu.linkonce.r.*)
 .rodata        0x0000000000003550       0x1b main.o
 *fill*         0x000000000000356b        0x1 
 .rodata        0x000000000000356c       0x30 freertos/tasks.o
 .rodata        0x000000000000359c       0x48 drivers/lcd.o

.vfp11_veneer   0x00000000000035e4        0x0
 .vfp11_veneer  0x00000000000035e4        0x0 linker stubs

.v4_bx          0x00000000000035e4        0x0
 .v4_bx         0x00000000000035e4        0x0 linker stubs

.init           0x00000000000035e4        0x4
 .init          0x00000000000035e4        0x4 /usr/lib/gcc/arm-none-eabi/10.3.1/thumb/v6-m/nofp/crti.o
                0x00000000000035e4                _init

.fini           0x00000000000035e8        0x4
 .fini          0x00000000000035e8        0x4 /usr/lib/gcc/arm-none-eabi/10.3.1/thumb/v6-m/nofp/crti.o
                0x00000000000035e8                _fini

.iplt           0x00000000000035ec        0x0
 .iplt          0x00000000000035ec        0x0 main.o

.rel.dyn        0x00000000000035ec        0x0
 .rel.iplt      0x00000000000035ec        0x0 main.o

.ARM.extab
 *(.ARM.extab* .gnu.linkonce.armextab.*)

.ARM.exidx
 *(.ARM.exidx* .gnu.linkonce.armexidx.*)
                0x00000000000035ec                . = ALIGN (0x4)
                0x00000000000035ec                _etext = .
                0x00000000000035ec                _sidata = .

.data           0x000000001fffe000       0x10 load address 0x00000000000035ec
                0x000000001fffe000                _sdata = .
 *(.data .data.*)
 .data          0x000000001fffe000        0x8 main.o
                0x000000001fffe000                prod_prio
                0x000000001fffe004                cons_prio
 .data          0x000000001fffe008        0x4 freertos/portable/MemMang/heap_2.o
 .data          0x000000001fffe00c        0x4 freertos/portable/GCC/ARM_CM0/port.o
                0x000000001fffe010                . = ALIGN (0x4)
                0x000000001fffe010                _edata = .

.igot.plt       0x000000001fffe010        0x0 load address 0x00000000000035fc
 .igot.plt      0x000000001fffe010        0x0 main.o

.bss            0x000000001fffe010     0x3134 load address 0x00000000000035fc
                0x000000001fffe010                _sbss = .
 *(.bss .bss.*)
 .bss           0x000000001fffe010        0xc main.o
                0x000000001fffe010                data
                0x000000001fffe014                cola
                0x000000001fffe018                mutex
 .bss           0x000000001fffe01c       0x40 freertos/queue.o
                0x000000001fffe01c                xQueueRegistry
 .bss           0x000000001fffe05c       0xd4 freertos/tasks.o
                0x000000001fffe05c                pxCurrentTCB
 .bss           0x000000001fffe130     0x3014 freertos/portable/MemMang/heap_2.o
 *(COMMON)
                0x0000000020001144                . = ALIGN (0x4)
                0x0000000020001144                _ebss = .

.co_stack       0x0000000020001144      0x404 load address 0x0000000000006730
                0x0000000020001148                . = ALIGN (0x8)
 *fill*         0x0000000020001144        0x4 
                0x0000000020001548                . = (. + STACK_SIZE)
 *fill*         0x0000000020001148      0x400 
                0x0000000020001548                _start_of_stack = .
                0x0000000020001548                . = ALIGN (0x4)
                0x0000000020001548                _end = .
LOAD main.o
LOAD startup.o
LOAD freertos/list.o
LOAD freertos/queue.o
LOAD freertos/tasks.o
LOAD freertos/portable/MemMang/heap_2.o
LOAD freertos/portable/GCC/ARM_CM0/port.o
LOAD main.o
LOAD startup.o
LOAD drivers/lcd.o
START GROUP
LOAD /usr/lib/gcc/arm-none-eabi/10.3.1/thumb/v6-m/nofp/libgcc.a
LOAD /usr/lib/gcc/arm-none-eabi/10.3.1/../../../arm-none-eabi/lib/thumb/v6-m/nofp/libg_nano.a
LOAD /usr/lib/gcc/arm-none-eabi/10.3.1/../../../arm-none-eabi/lib/thumb/v6-m/nofp/libc_nano.a
END GROUP
START GROUP
LOAD /usr/lib/gcc/arm-none-eabi/10.3.1/thumb/v6-m/nofp/libgcc.a
LOAD /usr/lib/gcc/arm-none-eabi/10.3.1/../../../arm-none-eabi/lib/thumb/v6-m/nofp/libc_nano.a
END GROUP
LOAD /usr/lib/gcc/arm-none-eabi/10.3.1/thumb/v6-m/nofp/crtend.o
LOAD /usr/lib/gcc/arm-none-eabi/10.3.1/thumb/v6-m/nofp/crtn.o
OUTPUT(main.elf elf32-littlearm)
LOAD linker stubs

.ARM.attributes
                0x0000000000000000       0x28
 .ARM.attributes
                0x0000000000000000       0x1e /usr/lib/gcc/arm-none-eabi/10.3.1/thumb/v6-m/nofp/crti.o
 .ARM.attributes
                0x000000000000001e       0x2c main.o
 .ARM.attributes
                0x000000000000004a       0x2c startup.o
 .ARM.attributes
                0x0000000000000076       0x2c freertos/list.o
 .ARM.attributes
                0x00000000000000a2       0x2c freertos/queue.o
 .ARM.attributes
                0x00000000000000ce       0x2c freertos/tasks.o
 .ARM.attributes
                0x00000000000000fa       0x2c freertos/portable/MemMang/heap_2.o
 .ARM.attributes
                0x0000000000000126       0x2c freertos/portable/GCC/ARM_CM0/port.o
 .ARM.attributes
                0x0000000000000152       0x2c startup.o
 .ARM.attributes
                0x000000000000017e       0x2c drivers/lcd.o
 .ARM.attributes
                0x00000000000001aa       0x1e /usr/lib/gcc/arm-none-eabi/10.3.1/thumb/v6-m/nofp/libgcc.a(_udivsi3.o)
 .ARM.attributes
                0x00000000000001c8       0x1e /usr/lib/gcc/arm-none-eabi/10.3.1/thumb/v6-m/nofp/libgcc.a(_divsi3.o)
 .ARM.attributes
                0x00000000000001e6       0x1e /usr/lib/gcc/arm-none-eabi/10.3.1/thumb/v6-m/nofp/libgcc.a(_dvmd_tls.o)
 .ARM.attributes
                0x0000000000000204       0x2c /usr/lib/gcc/arm-none-eabi/10.3.1/../../../arm-none-eabi/lib/thumb/v6-m/nofp/libg_nano.a(lib_a-memcpy-stub.o)

.comment        0x0000000000000000       0x33
 .comment       0x0000000000000000       0x33 main.o
                                         0x34 (size before relaxing)
 .comment       0x0000000000000033       0x34 startup.o
 .comment       0x0000000000000033       0x34 freertos/list.o
 .comment       0x0000000000000033       0x34 freertos/queue.o
 .comment       0x0000000000000033       0x34 freertos/tasks.o
 .comment       0x0000000000000033       0x34 freertos/portable/MemMang/heap_2.o
 .comment       0x0000000000000033       0x34 freertos/portable/GCC/ARM_CM0/port.o
 .comment       0x0000000000000033       0x34 startup.o
 .comment       0x0000000000000033       0x34 drivers/lcd.o
 .comment       0x0000000000000033       0x34 /usr/lib/gcc/arm-none-eabi/10.3.1/../../../arm-none-eabi/lib/thumb/v6-m/nofp/libg_nano.a(lib_a-memcpy-stub.o)

.debug_info     0x0000000000000000     0x3157
 .debug_info    0x0000000000000000      0x4e8 main.o
 .debug_info    0x00000000000004e8       0xfc startup.o
 .debug_info    0x00000000000005e4      0x2b6 freertos/list.o
 .debug_info    0x000000000000089a      0xb87 freertos/queue.o
 .debug_info    0x0000000000001421      0xff9 freertos/tasks.o
 .debug_info    0x000000000000241a      0x2d9 freertos/portable/MemMang/heap_2.o
 .debug_info    0x00000000000026f3      0x252 freertos/portable/GCC/ARM_CM0/port.o
 .debug_info    0x0000000000002945       0xfc startup.o
 .debug_info    0x0000000000002a41      0x548 drivers/lcd.o
 .debug_info    0x0000000000002f89       0x26 /usr/lib/gcc/arm-none-eabi/10.3.1/thumb/v6-m/nofp/libgcc.a(_udivsi3.o)
 .debug_info    0x0000000000002faf       0x26 /usr/lib/gcc/arm-none-eabi/10.3.1/thumb/v6-m/nofp/libgcc.a(_divsi3.o)
 .debug_info    0x0000000000002fd5       0x26 /usr/lib/gcc/arm-none-eabi/10.3.1/thumb/v6-m/nofp/libgcc.a(_dvmd_tls.o)
 .debug_info    0x0000000000002ffb      0x15c /usr/lib/gcc/arm-none-eabi/10.3.1/../../../arm-none-eabi/lib/thumb/v6-m/nofp/libg_nano.a(lib_a-memcpy-stub.o)

.debug_abbrev   0x0000000000000000      0xd9a
 .debug_abbrev  0x0000000000000000      0x189 main.o
 .debug_abbrev  0x0000000000000189       0xb3 startup.o
 .debug_abbrev  0x000000000000023c       0xe8 freertos/list.o
 .debug_abbrev  0x0000000000000324      0x1cb freertos/queue.o
 .debug_abbrev  0x00000000000004ef      0x254 freertos/tasks.o
 .debug_abbrev  0x0000000000000743      0x16a freertos/portable/MemMang/heap_2.o
 .debug_abbrev  0x00000000000008ad      0x18d freertos/portable/GCC/ARM_CM0/port.o
 .debug_abbrev  0x0000000000000a3a       0xb3 startup.o
 .debug_abbrev  0x0000000000000aed      0x1aa drivers/lcd.o
 .debug_abbrev  0x0000000000000c97       0x14 /usr/lib/gcc/arm-none-eabi/10.3.1/thumb/v6-m/nofp/libgcc.a(_udivsi3.o)
 .debug_abbrev  0x0000000000000cab       0x14 /usr/lib/gcc/arm-none-eabi/10.3.1/thumb/v6-m/nofp/libgcc.a(_divsi3.o)
 .debug_abbrev  0x0000000000000cbf       0x14 /usr/lib/gcc/arm-none-eabi/10.3.1/thumb/v6-m/nofp/libgcc.a(_dvmd_tls.o)
 .debug_abbrev  0x0000000000000cd3       0xc7 /usr/lib/gcc/arm-none-eabi/10.3.1/../../../arm-none-eabi/lib/thumb/v6-m/nofp/libg_nano.a(lib_a-memcpy-stub.o)

.debug_aranges  0x0000000000000000      0x1a0
 .debug_aranges
                0x0000000000000000       0x20 main.o
 .debug_aranges
                0x0000000000000020       0x20 startup.o
 .debug_aranges
                0x0000000000000040       0x20 freertos/list.o
 .debug_aranges
                0x0000000000000060       0x20 freertos/queue.o
 .debug_aranges
                0x0000000000000080       0x20 freertos/tasks.o
 .debug_aranges
                0x00000000000000a0       0x20 freertos/portable/MemMang/heap_2.o
 .debug_aranges
                0x00000000000000c0       0x20 freertos/portable/GCC/ARM_CM0/port.o
 .debug_aranges
                0x00000000000000e0       0x20 startup.o
 .debug_aranges
                0x0000000000000100       0x20 drivers/lcd.o
 .debug_aranges
                0x0000000000000120       0x20 /usr/lib/gcc/arm-none-eabi/10.3.1/thumb/v6-m/nofp/libgcc.a(_udivsi3.o)
 .debug_aranges
                0x0000000000000140       0x20 /usr/lib/gcc/arm-none-eabi/10.3.1/thumb/v6-m/nofp/libgcc.a(_divsi3.o)
 .debug_aranges
                0x0000000000000160       0x20 /usr/lib/gcc/arm-none-eabi/10.3.1/thumb/v6-m/nofp/libgcc.a(_dvmd_tls.o)
 .debug_aranges
                0x0000000000000180       0x20 /usr/lib/gcc/arm-none-eabi/10.3.1/../../../arm-none-eabi/lib/thumb/v6-m/nofp/libg_nano.a(lib_a-memcpy-stub.o)

.debug_line     0x0000000000000000     0x2190
 .debug_line    0x0000000000000000      0x182 main.o
 .debug_line    0x0000000000000182       0x79 startup.o
 .debug_line    0x00000000000001fb      0x187 freertos/list.o
 .debug_line    0x0000000000000382      0x868 freertos/queue.o
 .debug_line    0x0000000000000bea      0xa7e freertos/tasks.o
 .debug_line    0x0000000000001668      0x1d0 freertos/portable/MemMang/heap_2.o
 .debug_line    0x0000000000001838      0x1c0 freertos/portable/GCC/ARM_CM0/port.o
 .debug_line    0x00000000000019f8       0x79 startup.o
 .debug_line    0x0000000000001a71      0x42b drivers/lcd.o
 .debug_line    0x0000000000001e9c       0x6c /usr/lib/gcc/arm-none-eabi/10.3.1/thumb/v6-m/nofp/libgcc.a(_udivsi3.o)
 .debug_line    0x0000000000001f08       0x73 /usr/lib/gcc/arm-none-eabi/10.3.1/thumb/v6-m/nofp/libgcc.a(_divsi3.o)
 .debug_line    0x0000000000001f7b       0x60 /usr/lib/gcc/arm-none-eabi/10.3.1/thumb/v6-m/nofp/libgcc.a(_dvmd_tls.o)
 .debug_line    0x0000000000001fdb      0x1b5 /usr/lib/gcc/arm-none-eabi/10.3.1/../../../arm-none-eabi/lib/thumb/v6-m/nofp/libg_nano.a(lib_a-memcpy-stub.o)

.debug_str      0x0000000000000000     0x166a
 .debug_str     0x0000000000000000      0x2ee main.o
                                        0x32c (size before relaxing)
 .debug_str     0x00000000000002ee       0x7f startup.o
                                        0x128 (size before relaxing)
 .debug_str     0x000000000000036d      0x139 freertos/list.o
                                        0x277 (size before relaxing)
 .debug_str     0x00000000000004a6      0x442 freertos/queue.o
                                        0x673 (size before relaxing)
 .debug_str     0x00000000000008e8      0x7f9 freertos/tasks.o
                                        0xa87 (size before relaxing)
 .debug_str     0x00000000000010e1      0x157 freertos/portable/MemMang/heap_2.o
                                        0x2ad (size before relaxing)
 .debug_str     0x0000000000001238      0x168 freertos/portable/GCC/ARM_CM0/port.o
                                        0x2e7 (size before relaxing)
 .debug_str     0x00000000000013a0      0x128 startup.o
 .debug_str     0x00000000000013a0       0xe2 drivers/lcd.o
                                        0x2fb (size before relaxing)
 .debug_str     0x0000000000001482       0xa6 /usr/lib/gcc/arm-none-eabi/10.3.1/thumb/v6-m/nofp/libgcc.a(_udivsi3.o)
 .debug_str     0x0000000000001528       0xa6 /usr/lib/gcc/arm-none-eabi/10.3.1/thumb/v6-m/nofp/libgcc.a(_divsi3.o)
 .debug_str     0x0000000000001528       0xa6 /usr/lib/gcc/arm-none-eabi/10.3.1/thumb/v6-m/nofp/libgcc.a(_dvmd_tls.o)
 .debug_str     0x0000000000001528      0x142 /usr/lib/gcc/arm-none-eabi/10.3.1/../../../arm-none-eabi/lib/thumb/v6-m/nofp/libg_nano.a(lib_a-memcpy-stub.o)
                                        0x1de (size before relaxing)

.debug_frame    0x0000000000000000      0xd64
 .debug_frame   0x0000000000000000      0x118 main.o
 .debug_frame   0x0000000000000118       0x4c startup.o
 .debug_frame   0x0000000000000164       0xb0 freertos/list.o
 .debug_frame   0x0000000000000214      0x310 freertos/queue.o
 .debug_frame   0x0000000000000524      0x498 freertos/tasks.o
 .debug_frame   0x00000000000009bc       0xa8 freertos/portable/MemMang/heap_2.o
 .debug_frame   0x0000000000000a64      0x170 freertos/portable/GCC/ARM_CM0/port.o
 .debug_frame   0x0000000000000bd4       0x4c startup.o
 .debug_frame   0x0000000000000c20       0xd0 drivers/lcd.o
 .debug_frame   0x0000000000000cf0       0x20 /usr/lib/gcc/arm-none-eabi/10.3.1/thumb/v6-m/nofp/libgcc.a(_udivsi3.o)
 .debug_frame   0x0000000000000d10       0x20 /usr/lib/gcc/arm-none-eabi/10.3.1/thumb/v6-m/nofp/libgcc.a(_divsi3.o)
 .debug_frame   0x0000000000000d30       0x34 /usr/lib/gcc/arm-none-eabi/10.3.1/../../../arm-none-eabi/lib/thumb/v6-m/nofp/libg_nano.a(lib_a-memcpy-stub.o)

.debug_loc      0x0000000000000000      0x457
 .debug_loc     0x0000000000000000      0x457 /usr/lib/gcc/arm-none-eabi/10.3.1/../../../arm-none-eabi/lib/thumb/v6-m/nofp/libg_nano.a(lib_a-memcpy-stub.o)
