Archive member included to satisfy reference by file (symbol)

/usr/lib/gcc/arm-none-eabi/10.3.1/thumb/v6-m/nofp/libgcc.a(_udivsi3.o)
                              lcd.o (__aeabi_uidiv)
/usr/lib/gcc/arm-none-eabi/10.3.1/thumb/v6-m/nofp/libgcc.a(_divsi3.o)
                              lcd.o (__aeabi_idiv)
/usr/lib/gcc/arm-none-eabi/10.3.1/thumb/v6-m/nofp/libgcc.a(_dvmd_tls.o)
                              /usr/lib/gcc/arm-none-eabi/10.3.1/thumb/v6-m/nofp/libgcc.a(_udivsi3.o) (__aeabi_idiv0)
/usr/lib/gcc/arm-none-eabi/10.3.1/../../../arm-none-eabi/lib/thumb/v6-m/nofp/libg_nano.a(lib_a-atexit.o)
                              /usr/lib/gcc/arm-none-eabi/10.3.1/../../../arm-none-eabi/lib/thumb/v6-m/nofp/crt0.o (atexit)
/usr/lib/gcc/arm-none-eabi/10.3.1/../../../arm-none-eabi/lib/thumb/v6-m/nofp/libg_nano.a(lib_a-atoi.o)
                              main.o (atoi)
/usr/lib/gcc/arm-none-eabi/10.3.1/../../../arm-none-eabi/lib/thumb/v6-m/nofp/libg_nano.a(lib_a-ctype_.o)
                              main.o (_ctype_)
/usr/lib/gcc/arm-none-eabi/10.3.1/../../../arm-none-eabi/lib/thumb/v6-m/nofp/libg_nano.a(lib_a-exit.o)
                              /usr/lib/gcc/arm-none-eabi/10.3.1/../../../arm-none-eabi/lib/thumb/v6-m/nofp/crt0.o (exit)
/usr/lib/gcc/arm-none-eabi/10.3.1/../../../arm-none-eabi/lib/thumb/v6-m/nofp/libg_nano.a(lib_a-fini.o)
                              /usr/lib/gcc/arm-none-eabi/10.3.1/../../../arm-none-eabi/lib/thumb/v6-m/nofp/crt0.o (__libc_fini_array)
/usr/lib/gcc/arm-none-eabi/10.3.1/../../../arm-none-eabi/lib/thumb/v6-m/nofp/libg_nano.a(lib_a-impure.o)
                              /usr/lib/gcc/arm-none-eabi/10.3.1/../../../arm-none-eabi/lib/thumb/v6-m/nofp/libg_nano.a(lib_a-exit.o) (_global_impure_ptr)
/usr/lib/gcc/arm-none-eabi/10.3.1/../../../arm-none-eabi/lib/thumb/v6-m/nofp/libg_nano.a(lib_a-init.o)
                              /usr/lib/gcc/arm-none-eabi/10.3.1/../../../arm-none-eabi/lib/thumb/v6-m/nofp/crt0.o (__libc_init_array)
/usr/lib/gcc/arm-none-eabi/10.3.1/../../../arm-none-eabi/lib/thumb/v6-m/nofp/libg_nano.a(lib_a-malloc.o)
                              drivers/fsl_common.o (malloc)
/usr/lib/gcc/arm-none-eabi/10.3.1/../../../arm-none-eabi/lib/thumb/v6-m/nofp/libg_nano.a(lib_a-memcpy-stub.o)
                              drivers/fsl_ftfx_cache.o (memcpy)
/usr/lib/gcc/arm-none-eabi/10.3.1/../../../arm-none-eabi/lib/thumb/v6-m/nofp/libg_nano.a(lib_a-memset.o)
                              /usr/lib/gcc/arm-none-eabi/10.3.1/../../../arm-none-eabi/lib/thumb/v6-m/nofp/crt0.o (memset)
/usr/lib/gcc/arm-none-eabi/10.3.1/../../../arm-none-eabi/lib/thumb/v6-m/nofp/libg_nano.a(lib_a-nano-freer.o)
                              /usr/lib/gcc/arm-none-eabi/10.3.1/../../../arm-none-eabi/lib/thumb/v6-m/nofp/libg_nano.a(lib_a-malloc.o) (_free_r)
/usr/lib/gcc/arm-none-eabi/10.3.1/../../../arm-none-eabi/lib/thumb/v6-m/nofp/libg_nano.a(lib_a-nano-mallocr.o)
                              /usr/lib/gcc/arm-none-eabi/10.3.1/../../../arm-none-eabi/lib/thumb/v6-m/nofp/libg_nano.a(lib_a-malloc.o) (_malloc_r)
/usr/lib/gcc/arm-none-eabi/10.3.1/../../../arm-none-eabi/lib/thumb/v6-m/nofp/libg_nano.a(lib_a-sbrkr.o)
                              /usr/lib/gcc/arm-none-eabi/10.3.1/../../../arm-none-eabi/lib/thumb/v6-m/nofp/libg_nano.a(lib_a-nano-mallocr.o) (_sbrk_r)
/usr/lib/gcc/arm-none-eabi/10.3.1/../../../arm-none-eabi/lib/thumb/v6-m/nofp/libg_nano.a(lib_a-strcmp.o)
                              main.o (strcmp)
/usr/lib/gcc/arm-none-eabi/10.3.1/../../../arm-none-eabi/lib/thumb/v6-m/nofp/libg_nano.a(lib_a-strlen-stub.o)
                              main.o (strlen)
/usr/lib/gcc/arm-none-eabi/10.3.1/../../../arm-none-eabi/lib/thumb/v6-m/nofp/libg_nano.a(lib_a-strtol.o)
                              /usr/lib/gcc/arm-none-eabi/10.3.1/../../../arm-none-eabi/lib/thumb/v6-m/nofp/libg_nano.a(lib_a-atoi.o) (_strtol_r)
/usr/lib/gcc/arm-none-eabi/10.3.1/../../../arm-none-eabi/lib/thumb/v6-m/nofp/libg_nano.a(lib_a-__atexit.o)
                              /usr/lib/gcc/arm-none-eabi/10.3.1/../../../arm-none-eabi/lib/thumb/v6-m/nofp/libg_nano.a(lib_a-atexit.o) (__register_exitproc)
/usr/lib/gcc/arm-none-eabi/10.3.1/../../../arm-none-eabi/lib/thumb/v6-m/nofp/libg_nano.a(lib_a-__call_atexit.o)
                              /usr/lib/gcc/arm-none-eabi/10.3.1/../../../arm-none-eabi/lib/thumb/v6-m/nofp/libg_nano.a(lib_a-__atexit.o) (__call_exitprocs)
/usr/lib/gcc/arm-none-eabi/10.3.1/../../../arm-none-eabi/lib/thumb/v6-m/nofp/libg_nano.a(lib_a-errno.o)
                              /usr/lib/gcc/arm-none-eabi/10.3.1/../../../arm-none-eabi/lib/thumb/v6-m/nofp/libg_nano.a(lib_a-strtol.o) (__errno)
/usr/lib/gcc/arm-none-eabi/10.3.1/../../../arm-none-eabi/lib/thumb/v6-m/nofp/libg_nano.a(lib_a-mlock.o)
                              /usr/lib/gcc/arm-none-eabi/10.3.1/../../../arm-none-eabi/lib/thumb/v6-m/nofp/libg_nano.a(lib_a-nano-freer.o) (__malloc_lock)
[...]
Memory Configuration

Name             Origin             Length             Attributes
INTERRUPTS       0x0000000000000000 0x0000000000000100 xr
FLASH_CONFIG     0x0000000000000400 0x0000000000000010 xr
TEXT             0x0000000000000410 0x000000000003fbf0 xr
RAM              0x000000001fffe000 0x0000000000008000 xrw
*default*        0x0000000000000000 0xffffffffffffffff

Linker script and memory map

LOAD /usr/lib/gcc/arm-none-eabi/10.3.1/thumb/v6-m/nofp/crti.o
LOAD /usr/lib/gcc/arm-none-eabi/10.3.1/thumb/v6-m/nofp/crtbegin.o
LOAD /usr/lib/gcc/arm-none-eabi/10.3.1/../../../arm-none-eabi/lib/thumb/v6-m/nofp/crt0.o
                0x0000000000000400                STACK_SIZE = DEFINED (__stack_size__)?__stack_size__:0x400

.interrupts     0x0000000000000000       0xc0
 *(.isr_vector .isr_vector.*)
 .isr_vector    0x0000000000000000       0xc0 startup.o
                0x0000000000000000                g_pfnVectors

.flash_config   0x0000000000000400       0x10
                0x0000000000000400                . = ALIGN (0x4)
                0x0000000000000400        0x4 LONG 0xffffffff
                0x0000000000000404        0x4 LONG 0xffffffff
                0x0000000000000408        0x4 LONG 0xffffffff
                0x000000000000040c        0x4 LONG 0xfffffffe

.text           0x0000000000000410     0x8065
 *(.text .text.* .gnu.linkonce.t.*)
 .text          0x0000000000000410      0x75c lcd.o
                0x0000000000000410                lcd_ini
                0x0000000000000574                lcd_set
                0x00000000000008e4                lcd_display_dec
                0x00000000000009d8                lcd_display_hex
                0x0000000000000a3e                lcd_display_time
                0x0000000000000afc                lcd_display_error
 .text          0x0000000000000b6c      0x784 main.o
                0x0000000000000c7c                irclk_ini
                0x0000000000000c98                delay
                0x0000000000000cc0                enable_TPM
                0x0000000000000d38                enableInterrupt
                0x0000000000000d50                led_green_ini
                0x0000000000000da0                led_red_ini
                0x0000000000000df4                turn_green_led_off
                0x0000000000000e10                turn_red_led_off
                0x0000000000000e2c                turn_green_led_on
                0x0000000000000e48                turn_red_led_on
                0x0000000000000e64                led_green_toggle
                0x0000000000000e78                led_red_toggle
                0x0000000000000e90                sw1_check
                0x0000000000000eac                sw2_check
                0x0000000000000ecc                leds_ini
                0x0000000000000f44                sw1_ini
                0x0000000000000fa4                sw2_ini
                0x0000000000001008                PORTDIntHandler
                0x0000000000001040                append
                0x000000000000107a                main
 .text          0x00000000000012f0       0x6c startup.o
                0x00000000000012f0                PIT_Int_Handler
                0x00000000000012f0                ACMP_Int_Handler
                0x00000000000012f0                DMA1_Int_Handler
                0x00000000000012f0                PORTA_Int_Handler
                0x00000000000012f0                LPTMR_Int_Handler
                0x00000000000012f0                Default_ResetHandler
                0x00000000000012f0                RTCA_Int_Handler
                0x00000000000012f0                USBOTG_Int_Handler
                0x00000000000012f0                ResetHandler
                0x00000000000012f0                MCG_Int_Handler
                0x00000000000012f0                UART0SE_Int_Handler
                0x00000000000012f0                LLWU_Int_Handler
                0x00000000000012f0                LVD_Int_Handler
                0x00000000000012f0                FTM1_Int_Handler
                0x00000000000012f0                TSI_Int_Handler
                0x00000000000012f0                PORTD_Int_Handler
                0x00000000000012f0                FTFA_Int_Handler
                0x00000000000012f0                UART2SE_Int_Handler
                0x00000000000012f0                DAC_Int_Handler
                0x00000000000012f0                FTM0_Int_Handler
                0x00000000000012f0                SPI1_Int_Handler
                0x00000000000012f0                FTM2_Int_Handler
                0x00000000000012f0                UART1SE_Int_Handler
                0x00000000000012f0                I2C1_Int_Handler
                0x00000000000012f0                DMA3_Int_Handler
                0x00000000000012f0                ADC_Int_Handler
                0x00000000000012f0                SPI0_Int_Handler
                0x00000000000012f0                I2C0_Int_Handler
                0x00000000000012f0                DMA0_Int_Handler
                0x00000000000012f0                RTCS_Int_Handler
                0x00000000000012f0                DMA2_Int_Handler
                0x0000000000001354                SVC_Int_Handler
                0x0000000000001354                UsageFault_Int_Handler
                0x0000000000001354                MemManage_Int_Handler
                0x0000000000001354                PendSV_Int_Handler
                0x0000000000001354                BusFault_Int_Handler
                0x0000000000001354                NMI_Int_Handler
                0x0000000000001354                SysTick_Int_Handler
                0x0000000000001354                DebugMon_Int_Handler
                0x0000000000001354                HardFault_Int_Handler
 .text          0x000000000000135c       0x68 BOARD/board.o
                0x0000000000001394                BOARD_InitDebugConsole
 .text          0x00000000000013c4      0x16c BOARD/clock_config.o
                0x0000000000001470                BOARD_BootClockRUN
                0x00000000000014d4                BOARD_BootClockVLPR
 .text          0x0000000000001530       0xc0 BOARD/pin_mux.o
                0x00000000000015a4                BOARD_InitPins
 .text          0x00000000000015f0      0x274 CMSIS/system_MKL46Z4.o
                0x00000000000015f0                SystemInit
                0x000000000000160c                SystemCoreClockUpdate
                0x0000000000001858                SystemInitHook
 .text          0x0000000000001864     0x1ad0 drivers/fsl_clock.o
                0x0000000000001b88                CLOCK_GetOsc0ErClkFreq
                0x0000000000001bd0                CLOCK_GetEr32kClkFreq
                0x0000000000001c54                CLOCK_GetPllFllSelClkFreq
                0x0000000000001ca0                CLOCK_GetPlatClkFreq
                0x0000000000001ccc                CLOCK_GetFlashClkFreq
                0x0000000000001d1c                CLOCK_GetBusClkFreq
                0x0000000000001d6c                CLOCK_GetCoreSysClkFreq
                0x0000000000001d98                CLOCK_GetFreq
                0x0000000000001e78                CLOCK_SetSimConfig
                0x0000000000001eb0                CLOCK_EnableUsbfs0Clock
                0x0000000000001f34                CLOCK_GetOutClkFreq
                0x0000000000001fac                CLOCK_GetFllFreq
                0x0000000000002030                CLOCK_GetInternalRefClkFreq
                0x0000000000002058                CLOCK_GetFixedFreqClkFreq
                0x0000000000002088                CLOCK_GetPll0Freq
                0x0000000000002108                CLOCK_SetExternalRefClkConfig
                0x000000000000211e                CLOCK_SetInternalRefClkConfig
                0x0000000000002244                CLOCK_CalcPllDiv
                0x0000000000002404                CLOCK_EnablePll0
                0x00000000000024a4                CLOCK_SetOsc0MonitorMode
                0x0000000000002524                CLOCK_SetPll0MonitorMode
                0x00000000000025a8                CLOCK_GetStatusFlags
                0x0000000000002614                CLOCK_ClearStatusFlags
                0x0000000000002650                CLOCK_InitOsc0
                0x00000000000026e4                CLOCK_DeinitOsc0
                0x000000000000270c                CLOCK_TrimInternalRefClk
                0x0000000000002874                CLOCK_GetMode
                0x000000000000295c                CLOCK_SetFeiMode
                0x0000000000002a38                CLOCK_SetFeeMode
                0x0000000000002b64                CLOCK_SetFbiMode
                0x0000000000002c54                CLOCK_SetFbeMode
                0x0000000000002da0                CLOCK_SetBlpiMode
                0x0000000000002dc0                CLOCK_SetBlpeMode
                0x0000000000002de0                CLOCK_SetPbeMode
                0x0000000000002ea0                CLOCK_SetPeeMode
                0x0000000000002ed4                CLOCK_ExternalModeToFbeModeQuick
                0x0000000000002f40                CLOCK_InternalModeToFbiModeQuick
                0x0000000000002f88                CLOCK_BootToFeiMode
                0x0000000000002fb6                CLOCK_BootToFeeMode
                0x0000000000003004                CLOCK_BootToBlpiMode
                0x000000000000307c                CLOCK_BootToBlpeMode
                0x00000000000030f8                CLOCK_BootToPeeMode
                0x0000000000003178                CLOCK_SetMcgConfig
 .text          0x0000000000003334      0x190 drivers/fsl_ftfx_cache.o
                0x0000000000003334                FTFx_CACHE_Init
                0x000000000000336c                FTFx_CACHE_ClearCachePrefetchSpeculation
                0x000000000000339a                FTFx_CACHE_PflashSetPrefetchSpeculation
                0x0000000000003418                FTFx_CACHE_PflashGetPrefetchSpeculation
                0x0000000000003494                mcm_flash_cache_clear
 .text          0x00000000000034c4     0x147c drivers/fsl_lpsci.o
                0x0000000000003594                LPSCI_GetInstance
                0x00000000000035e8                LPSCI_TransferGetRxRingBufferLength
                0x000000000000375c                LPSCI_Init
                0x00000000000039dc                LPSCI_Deinit
                0x0000000000003a10                LPSCI_GetDefaultConfig
                0x0000000000003a68                LPSCI_SetBaudRate
                0x0000000000003c20                LPSCI_EnableInterrupts
                0x0000000000003c78                LPSCI_DisableInterrupts
                0x0000000000003cdc                LPSCI_GetEnabledInterrupts
                0x0000000000003d14                LPSCI_GetStatusFlags
                0x0000000000003d3a                LPSCI_ClearStatusFlags
                0x0000000000003dd0                LPSCI_WriteBlocking
                0x0000000000003e2c                LPSCI_ReadBlocking
                0x0000000000003efc                LPSCI_TransferCreateHandle
                0x0000000000003f8c                LPSCI_TransferStartRingBuffer
                0x0000000000004024                LPSCI_TransferStopRingBuffer
                0x00000000000040a8                LPSCI_TransferSendNonBlocking
                0x0000000000004178                LPSCI_TransferAbortSend
                0x00000000000041c8                LPSCI_TransferGetSendCount
                0x0000000000004238                LPSCI_TransferReceiveNonBlocking
                0x0000000000004430                LPSCI_TransferAbortReceive
                0x00000000000044a8                LPSCI_TransferGetReceiveCount
                0x0000000000004518                LPSCI_TransferHandleIRQ
                0x0000000000004908                LPSCI_TransferHandleErrorIRQ
                0x000000000000491a                UART0_DriverIRQHandler
 .text          0x0000000000004940      0x41c drivers/fsl_smc.o
                0x000000000000497a                SMC_PreEnterStopModes
                0x00000000000049b0                SMC_PostExitStopModes
                0x00000000000049e8                SMC_PreEnterWaitModes
                0x0000000000004a08                SMC_PostExitWaitModes
                0x0000000000004a28                SMC_SetPowerModeRun
                0x0000000000004a60                SMC_SetPowerModeWait
                0x0000000000004a90                SMC_SetPowerModeStop
                0x0000000000004b34                SMC_SetPowerModeVlpr
                0x0000000000004b70                SMC_SetPowerModeVlpw
                0x0000000000004ba0                SMC_SetPowerModeVlps
                0x0000000000004c14                SMC_SetPowerModeLls
                0x0000000000004c88                SMC_SetPowerModeVlls
 .text          0x0000000000004d5c     0x13bc drivers/fsl_uart.o
                0x0000000000004e2c                UART_GetInstance
                0x0000000000004e8c                UART_TransferGetRxRingBufferLength
                0x0000000000004f54                UART_Init
                0x000000000000515c                UART_Deinit
                0x000000000000519c                UART_GetDefaultConfig
                0x00000000000051f4                UART_SetBaudRate
                0x0000000000005324                UART_EnableInterrupts
                0x000000000000537c                UART_DisableInterrupts
                0x00000000000053e0                UART_GetEnabledInterrupts
                0x0000000000005418                UART_GetStatusFlags
                0x000000000000543e                UART_ClearStatusFlags
                0x00000000000054b8                UART_WriteBlocking
                0x000000000000554c                UART_ReadBlocking
                0x0000000000005650                UART_TransferCreateHandle
                0x00000000000056ec                UART_TransferStartRingBuffer
                0x0000000000005784                UART_TransferStopRingBuffer
                0x0000000000005808                UART_TransferSendNonBlocking
                0x00000000000058d8                UART_TransferAbortSend
                0x0000000000005928                UART_TransferGetSendCount
                0x0000000000005998                UART_TransferReceiveNonBlocking
                0x0000000000005b90                UART_TransferAbortReceive
                0x0000000000005c08                UART_TransferGetReceiveCount
                0x0000000000005c84                UART_TransferHandleIRQ
                0x000000000000609c                UART_TransferHandleErrorIRQ
                0x00000000000060ae                UART1_DriverIRQHandler
                0x00000000000060d4                UART1_RX_TX_DriverIRQHandler
                0x00000000000060e2                UART2_DriverIRQHandler
                0x0000000000006108                UART2_RX_TX_DriverIRQHandler
 .text          0x0000000000006118       0x28 utilities/fsl_assert.o
                0x0000000000006118                __assert_func
 .text          0x0000000000006140      0x250 utilities/fsl_debug_console.o
                0x0000000000006140                DbgConsole_Init
                0x000000000000618c                DbgConsole_Deinit
                0x000000000000619c                DbgConsole_Flush
                0x00000000000061ac                DbgConsole_Printf
                0x0000000000006234                DbgConsole_Putchar
                0x0000000000006250                DbgConsole_Scanf
                0x000000000000629a                DbgConsole_Getchar
                0x0000000000006320                _write
                0x0000000000006360                _read
 .text          0x0000000000006390      0x30c utilities/fsl_io.o
                0x0000000000006490                IO_Init
                0x0000000000006564                IO_Deinit
                0x00000000000065bc                IO_WaitIdle
                0x0000000000006608                IO_Transfer
 .text          0x000000000000669c      0x210 utilities/fsl_log.o
                0x000000000000669c                LOG_Init
                0x00000000000066d6                LOG_Deinit
                0x00000000000066e4                LOG_WaitIdle
                0x00000000000066f4                LOG_Push
                0x0000000000006734                LOG_Pop
                0x000000000000677e                LOG_ReadLine
                0x0000000000006834                LOG_ReadCharacter
 .text          0x00000000000068ac      0x9a0 utilities/fsl_str.o
                0x0000000000006a40                StrFormatPrintf
                0x0000000000006d64                StrFormatScanf
 .text          0x000000000000724c      0x114 /usr/lib/gcc/arm-none-eabi/10.3.1/thumb/v6-m/nofp/libgcc.a(_udivsi3.o)
                0x000000000000724c                __udivsi3
                0x000000000000724c                __aeabi_uidiv
                0x0000000000007358                __aeabi_uidivmod
 .text          0x0000000000007360      0x1d4 /usr/lib/gcc/arm-none-eabi/10.3.1/thumb/v6-m/nofp/libgcc.a(_divsi3.o)
                0x0000000000007360                __aeabi_idiv
                0x0000000000007360                __divsi3
                0x000000000000752c                __aeabi_idivmod
 .text          0x0000000000007534        0x4 /usr/lib/gcc/arm-none-eabi/10.3.1/thumb/v6-m/nofp/libgcc.a(_dvmd_tls.o)
                0x0000000000007534                __aeabi_ldiv0
                0x0000000000007534                __aeabi_idiv0
 .text          0x0000000000007538       0x18 /usr/lib/gcc/arm-none-eabi/10.3.1/../../../arm-none-eabi/lib/thumb/v6-m/nofp/libg_nano.a(lib_a-atoi.o)
                0x0000000000007538                atoi
                0x0000000000007544                _atoi_r
 .text          0x0000000000007550       0xa4 /usr/lib/gcc/arm-none-eabi/10.3.1/../../../arm-none-eabi/lib/thumb/v6-m/nofp/libg_nano.a(lib_a-memcpy-stub.o)
                0x0000000000007550                memcpy
 .text          0x00000000000075f4       0xa8 /usr/lib/gcc/arm-none-eabi/10.3.1/../../../arm-none-eabi/lib/thumb/v6-m/nofp/libg_nano.a(lib_a-memset.o)
                0x00000000000075f4                memset
 .text          0x000000000000769c       0x88 /usr/lib/gcc/arm-none-eabi/10.3.1/../../../arm-none-eabi/lib/thumb/v6-m/nofp/libg_nano.a(lib_a-strcmp.o)
                0x000000000000769c                strcmp
 .text          0x0000000000007724       0x5c /usr/lib/gcc/arm-none-eabi/10.3.1/../../../arm-none-eabi/lib/thumb/v6-m/nofp/libg_nano.a(lib_a-strlen-stub.o)
                0x0000000000007724                strlen
 .text          0x0000000000007780      0x1b8 /usr/lib/gcc/arm-none-eabi/10.3.1/../../../arm-none-eabi/lib/thumb/v6-m/nofp/libg_nano.a(lib_a-strtol.o)
                0x00000000000078c4                _strtol_r
                0x00000000000078e0                strtol_l
                0x000000000000790c                strtol
 .text          0x0000000000007938        0xc /usr/lib/gcc/arm-none-eabi/10.3.1/../../../arm-none-eabi/lib/thumb/v6-m/nofp/libg_nano.a(lib_a-errno.o)
                0x0000000000007938                __errno
 *(.glue_7t)
 .glue_7t       0x0000000000007944        0x0 linker stubs
 *(.glue_7)
 .glue_7        0x0000000000007944        0x0 linker stubs
 *(.rodata .rodata* .gnu.linkonce.r.*)
 .rodata        0x0000000000007944       0x48 lcd.o
 .rodata        0x000000000000798c       0x34 main.o
 .rodata        0x00000000000079c0       0x38 BOARD/clock_config.o
                0x00000000000079c0                mcgConfig_BOARD_BootClockRUN
                0x00000000000079cc                simConfig_BOARD_BootClockRUN
                0x00000000000079d4                oscConfig_BOARD_BootClockRUN
                0x00000000000079dc                mcgConfig_BOARD_BootClockVLPR
                0x00000000000079e8                simConfig_BOARD_BootClockVLPR
                0x00000000000079f0                oscConfig_BOARD_BootClockVLPR
 .rodata        0x00000000000079f8      0x190 drivers/fsl_clock.o
 .rodata        0x0000000000007b88       0x1c drivers/fsl_ftfx_cache.o
 .rodata        0x0000000000007ba4      0x2d0 drivers/fsl_lpsci.o
 .rodata        0x0000000000007e74        0x2 drivers/fsl_smc.o
 *fill*         0x0000000000007e76        0x2 
 .rodata        0x0000000000007e78      0x2b7 drivers/fsl_uart.o
 *fill*         0x000000000000812f        0x1 
 .rodata        0x0000000000008130       0x3e utilities/fsl_assert.o
 *fill*         0x000000000000816e        0x2 
 .rodata        0x0000000000008170       0x5c utilities/fsl_debug_console.o
 .rodata        0x00000000000081cc       0x28 utilities/fsl_io.o
 .rodata        0x00000000000081f4       0x5a utilities/fsl_log.o
 *fill*         0x000000000000824e        0x2 
 .rodata        0x0000000000008250      0x124 utilities/fsl_str.o
 .rodata        0x0000000000008374      0x101 /usr/lib/gcc/arm-none-eabi/10.3.1/../../../arm-none-eabi/lib/thumb/v6-m/nofp/libg_nano.a(lib_a-ctype_.o)
                0x0000000000008374                _ctype_

.vfp11_veneer   0x0000000000008478        0x0
 .vfp11_veneer  0x0000000000008478        0x0 linker stubs

.v4_bx          0x0000000000008478        0x0
 .v4_bx         0x0000000000008478        0x0 linker stubs

.init           0x0000000000008478        0x4
 .init          0x0000000000008478        0x4 /usr/lib/gcc/arm-none-eabi/10.3.1/thumb/v6-m/nofp/crti.o
                0x0000000000008478                _init

.fini           0x000000000000847c        0x4
 .fini          0x000000000000847c        0x4 /usr/lib/gcc/arm-none-eabi/10.3.1/thumb/v6-m/nofp/crti.o
                0x000000000000847c                _fini

.iplt           0x0000000000008480        0x0
 .iplt          0x0000000000008480        0x0 lcd.o

.rel.dyn        0x0000000000008480        0x0
 .rel.iplt      0x0000000000008480        0x0 lcd.o

.ARM.extab
 *(.ARM.extab* .gnu.linkonce.armextab.*)

.ARM.exidx
 *(.ARM.exidx* .gnu.linkonce.armexidx.*)
                0x0000000000008480                . = ALIGN (0x4)
                0x0000000000008480                _etext = .
                0x0000000000008480                _sidata = .

.data           0x000000001fffe000       0x70 load address 0x0000000000008480
                0x000000001fffe000                _sdata = .
 *(.data .data.*)
 .data          0x000000001fffe000        0x4 CMSIS/system_MKL46Z4.o
                0x000000001fffe000                SystemCoreClock
 .data          0x000000001fffe004        0x8 drivers/fsl_clock.o
 .data          0x000000001fffe00c       0x64 /usr/lib/gcc/arm-none-eabi/10.3.1/../../../arm-none-eabi/lib/thumb/v6-m/nofp/libg_nano.a(lib_a-impure.o)
                0x000000001fffe00c                _impure_ptr
                0x000000001fffe070                . = ALIGN (0x4)
                0x000000001fffe070                _edata = .

.igot.plt       0x000000001fffe070        0x0 load address 0x00000000000084f0
 .igot.plt      0x000000001fffe070        0x0 lcd.o

.bss            0x000000001fffe070       0x6c load address 0x00000000000084f0
                0x000000001fffe070                _sbss = .
 *(.bss .bss.*)
 .bss           0x000000001fffe070        0x8 drivers/fsl_clock.o
                0x000000001fffe070                g_xtal0Freq
                0x000000001fffe074                g_xtal32Freq
 .bss           0x000000001fffe078       0x40 drivers/fsl_ftfx_cache.o
 .bss           0x000000001fffe0b8        0x8 drivers/fsl_lpsci.o
 .bss           0x000000001fffe0c0        0x4 drivers/fsl_smc.o
 .bss           0x000000001fffe0c4       0x10 drivers/fsl_uart.o
 .bss           0x000000001fffe0d4        0x8 utilities/fsl_io.o
 *(COMMON)
                0x000000001fffe0dc                . = ALIGN (0x4)
                0x000000001fffe0dc                _ebss = .

.co_stack       0x000000001fffe0dc      0x404 load address 0x000000000000855c
                0x000000001fffe0e0                . = ALIGN (0x8)
 *fill*         0x000000001fffe0dc        0x4 
                0x000000001fffe4e0                . = (. + STACK_SIZE)
 *fill*         0x000000001fffe0e0      0x400 
                0x000000001fffe4e0                _start_of_stack = .
                0x000000001fffe4e0                . = ALIGN (0x4)
                0x000000001fffe4e0                _end = .
LOAD lcd.o
LOAD main.o
LOAD startup.o
LOAD BOARD/board.o
LOAD BOARD/clock_config.o
LOAD BOARD/pin_mux.o
LOAD CMSIS/system_MKL46Z4.o
LOAD drivers/fsl_clock.o
LOAD drivers/fsl_common.o
LOAD drivers/fsl_ftfx_cache.o
LOAD drivers/fsl_gpio.o
LOAD drivers/fsl_lpsci.o
LOAD drivers/fsl_smc.o
LOAD drivers/fsl_uart.o
LOAD utilities/fsl_assert.o
LOAD utilities/fsl_debug_console.o
LOAD utilities/fsl_io.o
LOAD utilities/fsl_log.o
LOAD utilities/fsl_str.o
START GROUP
LOAD /usr/lib/gcc/arm-none-eabi/10.3.1/thumb/v6-m/nofp/libgcc.a
LOAD /usr/lib/gcc/arm-none-eabi/10.3.1/../../../arm-none-eabi/lib/thumb/v6-m/nofp/libg_nano.a
LOAD /usr/lib/gcc/arm-none-eabi/10.3.1/../../../arm-none-eabi/lib/thumb/v6-m/nofp/libc_nano.a
END GROUP
START GROUP
LOAD /usr/lib/gcc/arm-none-eabi/10.3.1/thumb/v6-m/nofp/libgcc.a
LOAD /usr/lib/gcc/arm-none-eabi/10.3.1/../../../arm-none-eabi/lib/thumb/v6-m/nofp/libc_nano.a
END GROUP
LOAD /usr/lib/gcc/arm-none-eabi/10.3.1/thumb/v6-m/nofp/crtend.o
LOAD /usr/lib/gcc/arm-none-eabi/10.3.1/thumb/v6-m/nofp/crtn.o
OUTPUT(main.elf elf32-littlearm)
LOAD linker stubs

.ARM.attributes
                0x0000000000000000       0x28
 .ARM.attributes
                0x0000000000000000       0x1e /usr/lib/gcc/arm-none-eabi/10.3.1/thumb/v6-m/nofp/crti.o
 .ARM.attributes
                0x000000000000001e       0x2c lcd.o
 .ARM.attributes
                0x000000000000004a       0x2c main.o
 .ARM.attributes
                0x0000000000000076       0x2c startup.o
 .ARM.attributes
                0x00000000000000a2       0x2c BOARD/board.o
 .ARM.attributes
                0x00000000000000ce       0x2c BOARD/clock_config.o
 .ARM.attributes
                0x00000000000000fa       0x2c BOARD/pin_mux.o
 .ARM.attributes
                0x0000000000000126       0x2c CMSIS/system_MKL46Z4.o
 .ARM.attributes
                0x0000000000000152       0x2c drivers/fsl_clock.o
 .ARM.attributes
                0x000000000000017e       0x2c drivers/fsl_ftfx_cache.o
 .ARM.attributes
                0x00000000000001aa       0x2c drivers/fsl_lpsci.o
 .ARM.attributes
                0x00000000000001d6       0x2c drivers/fsl_smc.o
 .ARM.attributes
                0x0000000000000202       0x2c drivers/fsl_uart.o
 .ARM.attributes
                0x000000000000022e       0x2c utilities/fsl_assert.o
 .ARM.attributes
                0x000000000000025a       0x2c utilities/fsl_debug_console.o
 .ARM.attributes
                0x0000000000000286       0x2c utilities/fsl_io.o
 .ARM.attributes
                0x00000000000002b2       0x2c utilities/fsl_log.o
 .ARM.attributes
                0x00000000000002de       0x2c utilities/fsl_str.o
 .ARM.attributes
                0x000000000000030a       0x1e /usr/lib/gcc/arm-none-eabi/10.3.1/thumb/v6-m/nofp/libgcc.a(_udivsi3.o)
 .ARM.attributes
                0x0000000000000328       0x1e /usr/lib/gcc/arm-none-eabi/10.3.1/thumb/v6-m/nofp/libgcc.a(_divsi3.o)
 .ARM.attributes
                0x0000000000000346       0x1e /usr/lib/gcc/arm-none-eabi/10.3.1/thumb/v6-m/nofp/libgcc.a(_dvmd_tls.o)
 .ARM.attributes
                0x0000000000000364       0x2c /usr/lib/gcc/arm-none-eabi/10.3.1/../../../arm-none-eabi/lib/thumb/v6-m/nofp/libg_nano.a(lib_a-atoi.o)
 .ARM.attributes
                0x0000000000000390       0x2c /usr/lib/gcc/arm-none-eabi/10.3.1/../../../arm-none-eabi/lib/thumb/v6-m/nofp/libg_nano.a(lib_a-ctype_.o)
 .ARM.attributes
                0x00000000000003bc       0x2c /usr/lib/gcc/arm-none-eabi/10.3.1/../../../arm-none-eabi/lib/thumb/v6-m/nofp/libg_nano.a(lib_a-impure.o)
 .ARM.attributes
                0x00000000000003e8       0x2c /usr/lib/gcc/arm-none-eabi/10.3.1/../../../arm-none-eabi/lib/thumb/v6-m/nofp/libg_nano.a(lib_a-memcpy-stub.o)
 .ARM.attributes
                0x0000000000000414       0x2c /usr/lib/gcc/arm-none-eabi/10.3.1/../../../arm-none-eabi/lib/thumb/v6-m/nofp/libg_nano.a(lib_a-memset.o)
 .ARM.attributes
                0x0000000000000440       0x1b /usr/lib/gcc/arm-none-eabi/10.3.1/../../../arm-none-eabi/lib/thumb/v6-m/nofp/libg_nano.a(lib_a-strcmp.o)
 .ARM.attributes
                0x000000000000045b       0x2c /usr/lib/gcc/arm-none-eabi/10.3.1/../../../arm-none-eabi/lib/thumb/v6-m/nofp/libg_nano.a(lib_a-strlen-stub.o)
 .ARM.attributes
                0x0000000000000487       0x2c /usr/lib/gcc/arm-none-eabi/10.3.1/../../../arm-none-eabi/lib/thumb/v6-m/nofp/libg_nano.a(lib_a-strtol.o)
 .ARM.attributes
                0x00000000000004b3       0x2c /usr/lib/gcc/arm-none-eabi/10.3.1/../../../arm-none-eabi/lib/thumb/v6-m/nofp/libg_nano.a(lib_a-errno.o)

.comment        0x0000000000000000       0x33
 .comment       0x0000000000000000       0x33 lcd.o
                                         0x34 (size before relaxing)
 .comment       0x0000000000000033       0x34 main.o
 .comment       0x0000000000000033       0x34 startup.o
 .comment       0x0000000000000033       0x34 BOARD/board.o
 .comment       0x0000000000000033       0x34 BOARD/clock_config.o
 .comment       0x0000000000000033       0x34 BOARD/pin_mux.o
 .comment       0x0000000000000033       0x34 CMSIS/system_MKL46Z4.o
 .comment       0x0000000000000033       0x34 drivers/fsl_clock.o
 .comment       0x0000000000000033       0x34 drivers/fsl_ftfx_cache.o
 .comment       0x0000000000000033       0x34 drivers/fsl_lpsci.o
 .comment       0x0000000000000033       0x34 drivers/fsl_smc.o
 .comment       0x0000000000000033       0x34 drivers/fsl_uart.o
 .comment       0x0000000000000033       0x34 utilities/fsl_assert.o
 .comment       0x0000000000000033       0x34 utilities/fsl_debug_console.o
 .comment       0x0000000000000033       0x34 utilities/fsl_io.o
 .comment       0x0000000000000033       0x34 utilities/fsl_log.o
 .comment       0x0000000000000033       0x34 utilities/fsl_str.o
 .comment       0x0000000000000033       0x34 /usr/lib/gcc/arm-none-eabi/10.3.1/../../../arm-none-eabi/lib/thumb/v6-m/nofp/libg_nano.a(lib_a-atoi.o)
 .comment       0x0000000000000033       0x34 /usr/lib/gcc/arm-none-eabi/10.3.1/../../../arm-none-eabi/lib/thumb/v6-m/nofp/libg_nano.a(lib_a-ctype_.o)
 .comment       0x0000000000000033       0x34 /usr/lib/gcc/arm-none-eabi/10.3.1/../../../arm-none-eabi/lib/thumb/v6-m/nofp/libg_nano.a(lib_a-impure.o)
 .comment       0x0000000000000033       0x34 /usr/lib/gcc/arm-none-eabi/10.3.1/../../../arm-none-eabi/lib/thumb/v6-m/nofp/libg_nano.a(lib_a-memcpy-stub.o)
 .comment       0x0000000000000033       0x34 /usr/lib/gcc/arm-none-eabi/10.3.1/../../../arm-none-eabi/lib/thumb/v6-m/nofp/libg_nano.a(lib_a-memset.o)
 .comment       0x0000000000000033       0x34 /usr/lib/gcc/arm-none-eabi/10.3.1/../../../arm-none-eabi/lib/thumb/v6-m/nofp/libg_nano.a(lib_a-strlen-stub.o)
 .comment       0x0000000000000033       0x34 /usr/lib/gcc/arm-none-eabi/10.3.1/../../../arm-none-eabi/lib/thumb/v6-m/nofp/libg_nano.a(lib_a-strtol.o)
 .comment       0x0000000000000033       0x34 /usr/lib/gcc/arm-none-eabi/10.3.1/../../../arm-none-eabi/lib/thumb/v6-m/nofp/libg_nano.a(lib_a-errno.o)

.debug_info     0x0000000000000000     0xc59b
 .debug_info    0x0000000000000000      0x519 lcd.o
 .debug_info    0x0000000000000519      0xc9a main.o
 .debug_info    0x00000000000011b3      0x100 startup.o
 .debug_info    0x00000000000012b3      0x3a2 BOARD/board.o
 .debug_info    0x0000000000001655      0xb00 BOARD/clock_config.o
 .debug_info    0x0000000000002155      0x555 BOARD/pin_mux.o
 .debug_info    0x00000000000026aa      0x40e CMSIS/system_MKL46Z4.o
 .debug_info    0x0000000000002ab8     0x1b7a drivers/fsl_clock.o
 .debug_info    0x0000000000004632      0x631 drivers/fsl_ftfx_cache.o
 .debug_info    0x0000000000004c63     0x16e7 drivers/fsl_lpsci.o
 .debug_info    0x000000000000634a      0x946 drivers/fsl_smc.o
 .debug_info    0x0000000000006c90     0x1664 drivers/fsl_uart.o
 .debug_info    0x00000000000082f4       0xd8 utilities/fsl_assert.o
 .debug_info    0x00000000000083cc      0x402 utilities/fsl_debug_console.o
 .debug_info    0x00000000000087ce      0x8fd utilities/fsl_io.o
 .debug_info    0x00000000000090cb      0x374 utilities/fsl_log.o
 .debug_info    0x000000000000943f      0x505 utilities/fsl_str.o
 .debug_info    0x0000000000009944       0x26 /usr/lib/gcc/arm-none-eabi/10.3.1/thumb/v6-m/nofp/libgcc.a(_udivsi3.o)
 .debug_info    0x000000000000996a       0x26 /usr/lib/gcc/arm-none-eabi/10.3.1/thumb/v6-m/nofp/libgcc.a(_divsi3.o)
 .debug_info    0x0000000000009990       0x26 /usr/lib/gcc/arm-none-eabi/10.3.1/thumb/v6-m/nofp/libgcc.a(_dvmd_tls.o)
 .debug_info    0x00000000000099b6      0x848 /usr/lib/gcc/arm-none-eabi/10.3.1/../../../arm-none-eabi/lib/thumb/v6-m/nofp/libg_nano.a(lib_a-atoi.o)
 .debug_info    0x000000000000a1fe       0xb8 /usr/lib/gcc/arm-none-eabi/10.3.1/../../../arm-none-eabi/lib/thumb/v6-m/nofp/libg_nano.a(lib_a-ctype_.o)
 .debug_info    0x000000000000a2b6      0x863 /usr/lib/gcc/arm-none-eabi/10.3.1/../../../arm-none-eabi/lib/thumb/v6-m/nofp/libg_nano.a(lib_a-impure.o)
 .debug_info    0x000000000000ab19      0x15c /usr/lib/gcc/arm-none-eabi/10.3.1/../../../arm-none-eabi/lib/thumb/v6-m/nofp/libg_nano.a(lib_a-memcpy-stub.o)
 .debug_info    0x000000000000ac75      0x13d /usr/lib/gcc/arm-none-eabi/10.3.1/../../../arm-none-eabi/lib/thumb/v6-m/nofp/libg_nano.a(lib_a-memset.o)
 .debug_info    0x000000000000adb2       0x26 /usr/lib/gcc/arm-none-eabi/10.3.1/../../../arm-none-eabi/lib/thumb/v6-m/nofp/libg_nano.a(lib_a-strcmp.o)
 .debug_info    0x000000000000add8       0xee /usr/lib/gcc/arm-none-eabi/10.3.1/../../../arm-none-eabi/lib/thumb/v6-m/nofp/libg_nano.a(lib_a-strlen-stub.o)
 .debug_info    0x000000000000aec6      0xf27 /usr/lib/gcc/arm-none-eabi/10.3.1/../../../arm-none-eabi/lib/thumb/v6-m/nofp/libg_nano.a(lib_a-strtol.o)
 .debug_info    0x000000000000bded      0x7ae /usr/lib/gcc/arm-none-eabi/10.3.1/../../../arm-none-eabi/lib/thumb/v6-m/nofp/libg_nano.a(lib_a-errno.o)

.debug_abbrev   0x0000000000000000     0x2903
 .debug_abbrev  0x0000000000000000      0x180 lcd.o
 .debug_abbrev  0x0000000000000180      0x261 main.o
 .debug_abbrev  0x00000000000003e1       0xb6 startup.o
 .debug_abbrev  0x0000000000000497      0x11b BOARD/board.o
 .debug_abbrev  0x00000000000005b2      0x201 BOARD/clock_config.o
 .debug_abbrev  0x00000000000007b3      0x189 BOARD/pin_mux.o
 .debug_abbrev  0x000000000000093c      0x148 CMSIS/system_MKL46Z4.o
 .debug_abbrev  0x0000000000000a84      0x33e drivers/fsl_clock.o
 .debug_abbrev  0x0000000000000dc2      0x1f9 drivers/fsl_ftfx_cache.o
 .debug_abbrev  0x0000000000000fbb      0x300 drivers/fsl_lpsci.o
 .debug_abbrev  0x00000000000012bb      0x2a2 drivers/fsl_smc.o
 .debug_abbrev  0x000000000000155d      0x300 drivers/fsl_uart.o
 .debug_abbrev  0x000000000000185d       0x6b utilities/fsl_assert.o
 .debug_abbrev  0x00000000000018c8      0x178 utilities/fsl_debug_console.o
 .debug_abbrev  0x0000000000001a40      0x1f3 utilities/fsl_io.o
 .debug_abbrev  0x0000000000001c33      0x182 utilities/fsl_log.o
 .debug_abbrev  0x0000000000001db5      0x196 utilities/fsl_str.o
 .debug_abbrev  0x0000000000001f4b       0x14 /usr/lib/gcc/arm-none-eabi/10.3.1/thumb/v6-m/nofp/libgcc.a(_udivsi3.o)
 .debug_abbrev  0x0000000000001f5f       0x14 /usr/lib/gcc/arm-none-eabi/10.3.1/thumb/v6-m/nofp/libgcc.a(_divsi3.o)
 .debug_abbrev  0x0000000000001f73       0x14 /usr/lib/gcc/arm-none-eabi/10.3.1/thumb/v6-m/nofp/libgcc.a(_dvmd_tls.o)
 .debug_abbrev  0x0000000000001f87      0x184 /usr/lib/gcc/arm-none-eabi/10.3.1/../../../arm-none-eabi/lib/thumb/v6-m/nofp/libg_nano.a(lib_a-atoi.o)
 .debug_abbrev  0x000000000000210b       0x62 /usr/lib/gcc/arm-none-eabi/10.3.1/../../../arm-none-eabi/lib/thumb/v6-m/nofp/libg_nano.a(lib_a-ctype_.o)
 .debug_abbrev  0x000000000000216d      0x151 /usr/lib/gcc/arm-none-eabi/10.3.1/../../../arm-none-eabi/lib/thumb/v6-m/nofp/libg_nano.a(lib_a-impure.o)
 .debug_abbrev  0x00000000000022be       0xc7 /usr/lib/gcc/arm-none-eabi/10.3.1/../../../arm-none-eabi/lib/thumb/v6-m/nofp/libg_nano.a(lib_a-memcpy-stub.o)
 .debug_abbrev  0x0000000000002385       0xb4 /usr/lib/gcc/arm-none-eabi/10.3.1/../../../arm-none-eabi/lib/thumb/v6-m/nofp/libg_nano.a(lib_a-memset.o)
 .debug_abbrev  0x0000000000002439       0x14 /usr/lib/gcc/arm-none-eabi/10.3.1/../../../arm-none-eabi/lib/thumb/v6-m/nofp/libg_nano.a(lib_a-strcmp.o)
 .debug_abbrev  0x000000000000244d       0x8f /usr/lib/gcc/arm-none-eabi/10.3.1/../../../arm-none-eabi/lib/thumb/v6-m/nofp/libg_nano.a(lib_a-strlen-stub.o)
 .debug_abbrev  0x00000000000024dc      0x2d0 /usr/lib/gcc/arm-none-eabi/10.3.1/../../../arm-none-eabi/lib/thumb/v6-m/nofp/libg_nano.a(lib_a-strtol.o)
 .debug_abbrev  0x00000000000027ac      0x157 /usr/lib/gcc/arm-none-eabi/10.3.1/../../../arm-none-eabi/lib/thumb/v6-m/nofp/libg_nano.a(lib_a-errno.o)

.debug_aranges  0x0000000000000000      0x390
 .debug_aranges
                0x0000000000000000       0x20 lcd.o
 .debug_aranges
                0x0000000000000020       0x20 main.o
 .debug_aranges
                0x0000000000000040       0x20 startup.o
 .debug_aranges
                0x0000000000000060       0x20 BOARD/board.o
 .debug_aranges
                0x0000000000000080       0x20 BOARD/clock_config.o
 .debug_aranges
                0x00000000000000a0       0x20 BOARD/pin_mux.o
 .debug_aranges
                0x00000000000000c0       0x20 CMSIS/system_MKL46Z4.o
 .debug_aranges
                0x00000000000000e0       0x20 drivers/fsl_clock.o
 .debug_aranges
                0x0000000000000100       0x20 drivers/fsl_ftfx_cache.o
 .debug_aranges
                0x0000000000000120       0x20 drivers/fsl_lpsci.o
 .debug_aranges
                0x0000000000000140       0x20 drivers/fsl_smc.o
 .debug_aranges
                0x0000000000000160       0x20 drivers/fsl_uart.o
 .debug_aranges
                0x0000000000000180       0x20 utilities/fsl_assert.o
 .debug_aranges
                0x00000000000001a0       0x20 utilities/fsl_debug_console.o
 .debug_aranges
                0x00000000000001c0       0x20 utilities/fsl_io.o
 .debug_aranges
                0x00000000000001e0       0x20 utilities/fsl_log.o
 .debug_aranges
                0x0000000000000200       0x20 utilities/fsl_str.o
 .debug_aranges
                0x0000000000000220       0x20 /usr/lib/gcc/arm-none-eabi/10.3.1/thumb/v6-m/nofp/libgcc.a(_udivsi3.o)
 .debug_aranges
                0x0000000000000240       0x20 /usr/lib/gcc/arm-none-eabi/10.3.1/thumb/v6-m/nofp/libgcc.a(_divsi3.o)
 .debug_aranges
                0x0000000000000260       0x20 /usr/lib/gcc/arm-none-eabi/10.3.1/thumb/v6-m/nofp/libgcc.a(_dvmd_tls.o)
 .debug_aranges
                0x0000000000000280       0x20 /usr/lib/gcc/arm-none-eabi/10.3.1/../../../arm-none-eabi/lib/thumb/v6-m/nofp/libg_nano.a(lib_a-atoi.o)
 .debug_aranges
                0x00000000000002a0       0x18 /usr/lib/gcc/arm-none-eabi/10.3.1/../../../arm-none-eabi/lib/thumb/v6-m/nofp/libg_nano.a(lib_a-ctype_.o)
 .debug_aranges
                0x00000000000002b8       0x18 /usr/lib/gcc/arm-none-eabi/10.3.1/../../../arm-none-eabi/lib/thumb/v6-m/nofp/libg_nano.a(lib_a-impure.o)
 .debug_aranges
                0x00000000000002d0       0x20 /usr/lib/gcc/arm-none-eabi/10.3.1/../../../arm-none-eabi/lib/thumb/v6-m/nofp/libg_nano.a(lib_a-memcpy-stub.o)
 .debug_aranges
                0x00000000000002f0       0x20 /usr/lib/gcc/arm-none-eabi/10.3.1/../../../arm-none-eabi/lib/thumb/v6-m/nofp/libg_nano.a(lib_a-memset.o)
 .debug_aranges
                0x0000000000000310       0x20 /usr/lib/gcc/arm-none-eabi/10.3.1/../../../arm-none-eabi/lib/thumb/v6-m/nofp/libg_nano.a(lib_a-strcmp.o)
 .debug_aranges
                0x0000000000000330       0x20 /usr/lib/gcc/arm-none-eabi/10.3.1/../../../arm-none-eabi/lib/thumb/v6-m/nofp/libg_nano.a(lib_a-strlen-stub.o)
 .debug_aranges
                0x0000000000000350       0x20 /usr/lib/gcc/arm-none-eabi/10.3.1/../../../arm-none-eabi/lib/thumb/v6-m/nofp/libg_nano.a(lib_a-strtol.o)
 .debug_aranges
                0x0000000000000370       0x20 /usr/lib/gcc/arm-none-eabi/10.3.1/../../../arm-none-eabi/lib/thumb/v6-m/nofp/libg_nano.a(lib_a-errno.o)

.debug_macro    0x0000000000000000     0xe623
 .debug_macro   0x0000000000000000       0x6c lcd.o
 .debug_macro   0x000000000000006c      0xa42 lcd.o
 .debug_macro   0x0000000000000aae       0x3f lcd.o
 .debug_macro   0x0000000000000aed      0x34e lcd.o
 .debug_macro   0x0000000000000e3b       0x1c lcd.o
 .debug_macro   0x0000000000000e57       0x22 lcd.o
 .debug_macro   0x0000000000000e79       0xaf lcd.o
 .debug_macro   0x0000000000000f28      0x37c lcd.o
 .debug_macro   0x00000000000012a4       0x38 lcd.o
 .debug_macro   0x00000000000012dc     0x87f8 lcd.o
 .debug_macro   0x0000000000009ad4       0xc4 lcd.o
 .debug_macro   0x0000000000009b98      0x2dc main.o
 .debug_macro   0x0000000000009e74       0x10 main.o
 .debug_macro   0x0000000000009e84     0x121a main.o
 .debug_macro   0x000000000000b09e       0x22 main.o
 .debug_macro   0x000000000000b0c0       0x52 main.o
 .debug_macro   0x000000000000b112       0x18 main.o
 .debug_macro   0x000000000000b12a       0x94 main.o
 .debug_macro   0x000000000000b1be       0x35 main.o
 .debug_macro   0x000000000000b1f3       0x34 main.o
 .debug_macro   0x000000000000b227       0x1c main.o
 .debug_macro   0x000000000000b243       0x22 main.o
 .debug_macro   0x000000000000b265      0x174 main.o
 .debug_macro   0x000000000000b3d9       0x16 main.o
 .debug_macro   0x000000000000b3ef       0x43 main.o
 .debug_macro   0x000000000000b432       0x57 main.o
 .debug_macro   0x000000000000b489       0x34 main.o
 .debug_macro   0x000000000000b4bd       0x10 main.o
 .debug_macro   0x000000000000b4cd       0x52 main.o
 .debug_macro   0x000000000000b51f      0x182 main.o
 .debug_macro   0x000000000000b6a1      0x333 main.o
 .debug_macro   0x000000000000b9d4       0x10 main.o
 .debug_macro   0x000000000000b9e4       0x35 main.o
 .debug_macro   0x000000000000ba19       0x16 main.o
 .debug_macro   0x000000000000ba2f       0x16 main.o
 .debug_macro   0x000000000000ba45       0x29 main.o
 .debug_macro   0x000000000000ba6e       0x52 main.o
 .debug_macro   0x000000000000bac0      0x10a main.o
 .debug_macro   0x000000000000bbca       0x74 main.o
 .debug_macro   0x000000000000bc3e       0x28 main.o
 .debug_macro   0x000000000000bc66       0x1c main.o
 .debug_macro   0x000000000000bc82       0x10 main.o
 .debug_macro   0x000000000000bc92      0x15b main.o
 .debug_macro   0x000000000000bded       0x6a main.o
 .debug_macro   0x000000000000be57       0x1c main.o
 .debug_macro   0x000000000000be73       0x10 main.o
 .debug_macro   0x000000000000be83       0x10 main.o
 .debug_macro   0x000000000000be93       0x6a main.o
 .debug_macro   0x000000000000befd       0x1c main.o
 .debug_macro   0x000000000000bf19       0x52 main.o
 .debug_macro   0x000000000000bf6b       0x22 main.o
 .debug_macro   0x000000000000bf8d       0x10 main.o
 .debug_macro   0x000000000000bf9d       0x40 main.o
 .debug_macro   0x000000000000bfdd       0xd5 main.o
 .debug_macro   0x000000000000c0b2       0x1c main.o
 .debug_macro   0x000000000000c0ce       0x3d main.o
 .debug_macro   0x000000000000c10b       0x16 main.o
 .debug_macro   0x000000000000c121      0x16f main.o
 .debug_macro   0x000000000000c290      0x11f main.o
 .debug_macro   0x000000000000c3af       0x17 startup.o
 .debug_macro   0x000000000000c3c6      0x1f6 BOARD/board.o
 .debug_macro   0x000000000000c5bc       0x16 BOARD/board.o
 .debug_macro   0x000000000000c5d2       0x2e BOARD/board.o
 .debug_macro   0x000000000000c600      0x20a BOARD/clock_config.o
 .debug_macro   0x000000000000c80a       0x16 BOARD/clock_config.o
 .debug_macro   0x000000000000c820      0x1d5 BOARD/pin_mux.o
 .debug_macro   0x000000000000c9f5       0x75 CMSIS/system_MKL46Z4.o
 .debug_macro   0x000000000000ca6a      0x289 drivers/fsl_clock.o
 .debug_macro   0x000000000000ccf3      0x22d drivers/fsl_ftfx_cache.o
 .debug_macro   0x000000000000cf20      0x26a drivers/fsl_ftfx_cache.o
 .debug_macro   0x000000000000d18a       0x2e drivers/fsl_ftfx_cache.o
 .debug_macro   0x000000000000d1b8       0x7c drivers/fsl_ftfx_cache.o
 .debug_macro   0x000000000000d234       0x16 drivers/fsl_ftfx_cache.o
 .debug_macro   0x000000000000d24a      0x1d9 drivers/fsl_lpsci.o
 .debug_macro   0x000000000000d423      0x226 drivers/fsl_smc.o
 .debug_macro   0x000000000000d649       0x1c drivers/fsl_smc.o
 .debug_macro   0x000000000000d665      0x1df drivers/fsl_uart.o
 .debug_macro   0x000000000000d844      0x1cc utilities/fsl_assert.o
 .debug_macro   0x000000000000da10      0x1f2 utilities/fsl_debug_console.o
 .debug_macro   0x000000000000dc02       0x58 utilities/fsl_debug_console.o
 .debug_macro   0x000000000000dc5a      0x10e utilities/fsl_debug_console.o
 .debug_macro   0x000000000000dd68       0x8d utilities/fsl_debug_console.o
 .debug_macro   0x000000000000ddf5       0x16 utilities/fsl_debug_console.o
 .debug_macro   0x000000000000de0b       0x57 utilities/fsl_debug_console.o
 .debug_macro   0x000000000000de62      0x1f4 utilities/fsl_io.o
 .debug_macro   0x000000000000e056       0x10 utilities/fsl_io.o
 .debug_macro   0x000000000000e066       0x10 utilities/fsl_io.o
 .debug_macro   0x000000000000e076      0x218 utilities/fsl_log.o
 .debug_macro   0x000000000000e28e      0x1ec utilities/fsl_str.o
 .debug_macro   0x000000000000e47a      0x1a9 utilities/fsl_str.o

.debug_line     0x0000000000000000     0x6d5b
 .debug_line    0x0000000000000000      0x477 lcd.o
 .debug_line    0x0000000000000477      0x67d main.o
 .debug_line    0x0000000000000af4       0x7c startup.o
 .debug_line    0x0000000000000b70      0x326 BOARD/board.o
 .debug_line    0x0000000000000e96      0x33f BOARD/clock_config.o
 .debug_line    0x00000000000011d5      0x309 BOARD/pin_mux.o
 .debug_line    0x00000000000014de      0x247 CMSIS/system_MKL46Z4.o
 .debug_line    0x0000000000001725      0xef4 drivers/fsl_clock.o
 .debug_line    0x0000000000002619      0x3b6 drivers/fsl_ftfx_cache.o
 .debug_line    0x00000000000029cf      0xb7c drivers/fsl_lpsci.o
 .debug_line    0x000000000000354b      0x5a3 drivers/fsl_smc.o
 .debug_line    0x0000000000003aee      0xb52 drivers/fsl_uart.o
 .debug_line    0x0000000000004640      0x2ca utilities/fsl_assert.o
 .debug_line    0x000000000000490a      0x3f7 utilities/fsl_debug_console.o
 .debug_line    0x0000000000004d01      0x472 utilities/fsl_io.o
 .debug_line    0x0000000000005173      0x3d0 utilities/fsl_log.o
 .debug_line    0x0000000000005543      0x946 utilities/fsl_str.o
 .debug_line    0x0000000000005e89       0x6c /usr/lib/gcc/arm-none-eabi/10.3.1/thumb/v6-m/nofp/libgcc.a(_udivsi3.o)
 .debug_line    0x0000000000005ef5       0x73 /usr/lib/gcc/arm-none-eabi/10.3.1/thumb/v6-m/nofp/libgcc.a(_divsi3.o)
 .debug_line    0x0000000000005f68       0x60 /usr/lib/gcc/arm-none-eabi/10.3.1/thumb/v6-m/nofp/libgcc.a(_dvmd_tls.o)
 .debug_line    0x0000000000005fc8      0x15e /usr/lib/gcc/arm-none-eabi/10.3.1/../../../arm-none-eabi/lib/thumb/v6-m/nofp/libg_nano.a(lib_a-atoi.o)
 .debug_line    0x0000000000006126       0x5e /usr/lib/gcc/arm-none-eabi/10.3.1/../../../arm-none-eabi/lib/thumb/v6-m/nofp/libg_nano.a(lib_a-ctype_.o)
 .debug_line    0x0000000000006184       0xe4 /usr/lib/gcc/arm-none-eabi/10.3.1/../../../arm-none-eabi/lib/thumb/v6-m/nofp/libg_nano.a(lib_a-impure.o)
 .debug_line    0x0000000000006268      0x1b5 /usr/lib/gcc/arm-none-eabi/10.3.1/../../../arm-none-eabi/lib/thumb/v6-m/nofp/libg_nano.a(lib_a-memcpy-stub.o)
 .debug_line    0x000000000000641d      0x1ce /usr/lib/gcc/arm-none-eabi/10.3.1/../../../arm-none-eabi/lib/thumb/v6-m/nofp/libg_nano.a(lib_a-memset.o)
 .debug_line    0x00000000000065eb       0xb0 /usr/lib/gcc/arm-none-eabi/10.3.1/../../../arm-none-eabi/lib/thumb/v6-m/nofp/libg_nano.a(lib_a-strcmp.o)
 .debug_line    0x000000000000669b      0x172 /usr/lib/gcc/arm-none-eabi/10.3.1/../../../arm-none-eabi/lib/thumb/v6-m/nofp/libg_nano.a(lib_a-strlen-stub.o)
 .debug_line    0x000000000000680d      0x43f /usr/lib/gcc/arm-none-eabi/10.3.1/../../../arm-none-eabi/lib/thumb/v6-m/nofp/libg_nano.a(lib_a-strtol.o)
 .debug_line    0x0000000000006c4c      0x10f /usr/lib/gcc/arm-none-eabi/10.3.1/../../../arm-none-eabi/lib/thumb/v6-m/nofp/libg_nano.a(lib_a-errno.o)

.debug_str      0x0000000000000000    0x56300
 .debug_str     0x0000000000000000    0x4213e lcd.o
                                      0x4241c (size before relaxing)
 .debug_str     0x000000000004213e     0xd1ff main.o
                                      0x4f6b5 (size before relaxing)
 .debug_str     0x000000000004f33d       0x9d startup.o
                                       0x2c41 (size before relaxing)
 .debug_str     0x000000000004f3da       0xbb BOARD/board.o
                                      0x4ce95 (size before relaxing)
 .debug_str     0x000000000004f495      0x6f6 BOARD/clock_config.o
                                      0x4d127 (size before relaxing)
 .debug_str     0x000000000004fb8b      0x2e1 BOARD/pin_mux.o
                                      0x4c9b5 (size before relaxing)
 .debug_str     0x000000000004fe6c       0x5b CMSIS/system_MKL46Z4.o
                                      0x489dc (size before relaxing)
 .debug_str     0x000000000004fec7     0x139c drivers/fsl_clock.o
                                      0x4e2a0 (size before relaxing)
 .debug_str     0x0000000000051263     0x1c9f drivers/fsl_ftfx_cache.o
                                      0x4e59d (size before relaxing)
 .debug_str     0x0000000000052f02      0xb5f drivers/fsl_lpsci.o
                                      0x4d8c9 (size before relaxing)
 .debug_str     0x0000000000053a61      0x3eb drivers/fsl_smc.o
                                      0x4e42c (size before relaxing)
 .debug_str     0x0000000000053e4c      0x9e6 drivers/fsl_uart.o
                                      0x4d8e6 (size before relaxing)
 .debug_str     0x0000000000054832       0x30 utilities/fsl_assert.o
                                      0x4c3fa (size before relaxing)
 .debug_str     0x0000000000054862      0x377 utilities/fsl_debug_console.o
                                      0x4c8d1 (size before relaxing)
 .debug_str     0x0000000000054bd9       0xe4 utilities/fsl_io.o
                                      0x4d16a (size before relaxing)
 .debug_str     0x0000000000054cbd      0x1d5 utilities/fsl_log.o
                                      0x4c7d1 (size before relaxing)
 .debug_str     0x0000000000054e92      0x9b8 utilities/fsl_str.o
                                      0x4d027 (size before relaxing)
 .debug_str     0x000000000005584a       0xa6 /usr/lib/gcc/arm-none-eabi/10.3.1/thumb/v6-m/nofp/libgcc.a(_udivsi3.o)
 .debug_str     0x00000000000558f0       0xa6 /usr/lib/gcc/arm-none-eabi/10.3.1/thumb/v6-m/nofp/libgcc.a(_divsi3.o)
 .debug_str     0x00000000000558f0       0xa6 /usr/lib/gcc/arm-none-eabi/10.3.1/thumb/v6-m/nofp/libgcc.a(_dvmd_tls.o)
 .debug_str     0x00000000000558f0      0x41c /usr/lib/gcc/arm-none-eabi/10.3.1/../../../arm-none-eabi/lib/thumb/v6-m/nofp/libg_nano.a(lib_a-atoi.o)
                                        0x50b (size before relaxing)
 .debug_str     0x0000000000055d0c       0x90 /usr/lib/gcc/arm-none-eabi/10.3.1/../../../arm-none-eabi/lib/thumb/v6-m/nofp/libg_nano.a(lib_a-ctype_.o)
                                        0x19d (size before relaxing)
 .debug_str     0x0000000000055d9c       0xdb /usr/lib/gcc/arm-none-eabi/10.3.1/../../../arm-none-eabi/lib/thumb/v6-m/nofp/libg_nano.a(lib_a-impure.o)
                                        0x557 (size before relaxing)
 .debug_str     0x0000000000055e77       0xd2 /usr/lib/gcc/arm-none-eabi/10.3.1/../../../arm-none-eabi/lib/thumb/v6-m/nofp/libg_nano.a(lib_a-memcpy-stub.o)
                                        0x1de (size before relaxing)
 .debug_str     0x0000000000055f49       0xa6 /usr/lib/gcc/arm-none-eabi/10.3.1/../../../arm-none-eabi/lib/thumb/v6-m/nofp/libg_nano.a(lib_a-memset.o)
                                        0x1b9 (size before relaxing)
 .debug_str     0x0000000000055fef       0x43 /usr/lib/gcc/arm-none-eabi/10.3.1/../../../arm-none-eabi/lib/thumb/v6-m/nofp/libg_nano.a(lib_a-strcmp.o)
                                         0xb2 (size before relaxing)
 .debug_str     0x0000000000056032       0x4e /usr/lib/gcc/arm-none-eabi/10.3.1/../../../arm-none-eabi/lib/thumb/v6-m/nofp/libg_nano.a(lib_a-strlen-stub.o)
                                        0x1ca (size before relaxing)
 .debug_str     0x0000000000056080      0x1f1 /usr/lib/gcc/arm-none-eabi/10.3.1/../../../arm-none-eabi/lib/thumb/v6-m/nofp/libg_nano.a(lib_a-strtol.o)
                                        0x784 (size before relaxing)
 .debug_str     0x0000000000056271       0x8f /usr/lib/gcc/arm-none-eabi/10.3.1/../../../arm-none-eabi/lib/thumb/v6-m/nofp/libg_nano.a(lib_a-errno.o)
                                        0x500 (size before relaxing)

.debug_frame    0x0000000000000000     0x1d90
 .debug_frame   0x0000000000000000       0xcc lcd.o
 .debug_frame   0x00000000000000cc      0x28c main.o
 .debug_frame   0x0000000000000358       0x4c startup.o
 .debug_frame   0x00000000000003a4       0x50 BOARD/board.o
 .debug_frame   0x00000000000003f4       0xe4 BOARD/clock_config.o
 .debug_frame   0x00000000000004d8       0x6c BOARD/pin_mux.o
 .debug_frame   0x0000000000000544       0x68 CMSIS/system_MKL46Z4.o
 .debug_frame   0x00000000000005ac      0x6e0 drivers/fsl_clock.o
 .debug_frame   0x0000000000000c8c       0xd0 drivers/fsl_ftfx_cache.o
 .debug_frame   0x0000000000000d5c      0x414 drivers/fsl_lpsci.o
 .debug_frame   0x0000000000001170      0x1c8 drivers/fsl_smc.o
 .debug_frame   0x0000000000001338      0x464 drivers/fsl_uart.o
 .debug_frame   0x000000000000179c       0x30 utilities/fsl_assert.o
 .debug_frame   0x00000000000017cc      0x150 utilities/fsl_debug_console.o
 .debug_frame   0x000000000000191c      0x108 utilities/fsl_io.o
 .debug_frame   0x0000000000001a24      0x108 utilities/fsl_log.o
 .debug_frame   0x0000000000001b2c       0x94 utilities/fsl_str.o
 .debug_frame   0x0000000000001bc0       0x20 /usr/lib/gcc/arm-none-eabi/10.3.1/thumb/v6-m/nofp/libgcc.a(_udivsi3.o)
 .debug_frame   0x0000000000001be0       0x20 /usr/lib/gcc/arm-none-eabi/10.3.1/thumb/v6-m/nofp/libgcc.a(_divsi3.o)
 .debug_frame   0x0000000000001c00       0x40 /usr/lib/gcc/arm-none-eabi/10.3.1/../../../arm-none-eabi/lib/thumb/v6-m/nofp/libg_nano.a(lib_a-atoi.o)
 .debug_frame   0x0000000000001c40       0x34 /usr/lib/gcc/arm-none-eabi/10.3.1/../../../arm-none-eabi/lib/thumb/v6-m/nofp/libg_nano.a(lib_a-memcpy-stub.o)
 .debug_frame   0x0000000000001c74       0x30 /usr/lib/gcc/arm-none-eabi/10.3.1/../../../arm-none-eabi/lib/thumb/v6-m/nofp/libg_nano.a(lib_a-memset.o)
 .debug_frame   0x0000000000001ca4       0x20 /usr/lib/gcc/arm-none-eabi/10.3.1/../../../arm-none-eabi/lib/thumb/v6-m/nofp/libg_nano.a(lib_a-strcmp.o)
 .debug_frame   0x0000000000001cc4       0x28 /usr/lib/gcc/arm-none-eabi/10.3.1/../../../arm-none-eabi/lib/thumb/v6-m/nofp/libg_nano.a(lib_a-strlen-stub.o)
 .debug_frame   0x0000000000001cec       0x84 /usr/lib/gcc/arm-none-eabi/10.3.1/../../../arm-none-eabi/lib/thumb/v6-m/nofp/libg_nano.a(lib_a-strtol.o)
 .debug_frame   0x0000000000001d70       0x20 /usr/lib/gcc/arm-none-eabi/10.3.1/../../../arm-none-eabi/lib/thumb/v6-m/nofp/libg_nano.a(lib_a-errno.o)

.debug_loc      0x0000000000000000     0x1424
 .debug_loc     0x0000000000000000       0x6f /usr/lib/gcc/arm-none-eabi/10.3.1/../../../arm-none-eabi/lib/thumb/v6-m/nofp/libg_nano.a(lib_a-atoi.o)
 .debug_loc     0x000000000000006f      0x457 /usr/lib/gcc/arm-none-eabi/10.3.1/../../../arm-none-eabi/lib/thumb/v6-m/nofp/libg_nano.a(lib_a-memcpy-stub.o)
 .debug_loc     0x00000000000004c6      0x2a3 /usr/lib/gcc/arm-none-eabi/10.3.1/../../../arm-none-eabi/lib/thumb/v6-m/nofp/libg_nano.a(lib_a-memset.o)
 .debug_loc     0x0000000000000769       0x90 /usr/lib/gcc/arm-none-eabi/10.3.1/../../../arm-none-eabi/lib/thumb/v6-m/nofp/libg_nano.a(lib_a-strlen-stub.o)
 .debug_loc     0x00000000000007f9      0xc2b /usr/lib/gcc/arm-none-eabi/10.3.1/../../../arm-none-eabi/lib/thumb/v6-m/nofp/libg_nano.a(lib_a-strtol.o)

.debug_ranges   0x0000000000000000       0x70
 .debug_ranges  0x0000000000000000       0x70 /usr/lib/gcc/arm-none-eabi/10.3.1/../../../arm-none-eabi/lib/thumb/v6-m/nofp/libg_nano.a(lib_a-strtol.o)
